Component: ARM Compiler 5.06 update 6 (build 750) Tool: armlink [4d35ed]

==============================================================================

Section Cross References

    uart_polling.o(i.putc) refers to uart_polling.o(i.uart_put_string) for uart_put_string
    uart_polling.o(i.putc) refers to uart_polling.o(i.uart_put_char) for uart_put_char
    uart_polling.o(i.uart_put_string) refers to uart_polling.o(i.uart_put_char) for uart_put_char
    uart_irq.o(i.UART0_IRQHandler) refers to k_mem.o(i.k_mpool_alloc) for k_mpool_alloc
    uart_irq.o(i.UART0_IRQHandler) refers to k_msg.o(i.k_send_msg_nb) for k_send_msg_nb
    uart_irq.o(i.UART0_IRQHandler) refers to k_mem.o(i.k_mpool_dealloc) for k_mpool_dealloc
    uart_irq.o(i.UART0_IRQHandler) refers to k_task.o(i.k_set_uart) for k_set_uart
    uart_irq.o(i.UART0_IRQHandler) refers to k_msg.o(i.k_recv_msg_nb) for k_recv_msg_nb
    uart_irq.o(i.UART0_IRQHandler) refers to uart_irq.o(.data) for g_switch_flag
    uart_irq.o(i.uart_irq_init) refers to uart_irq.o(i.__NVIC_SetPriority) for __NVIC_SetPriority
    uart_irq.o(i.uart_irq_init) refers to uart_irq.o(i.__NVIC_EnableIRQ) for __NVIC_EnableIRQ
    timer.o(i.TIMER0_IRQHandler) refers to timer.o(i.get_tick) for get_tick
    timer.o(i.TIMER0_IRQHandler) refers to k_task.o(i.sort_time_increment) for sort_time_increment
    timer.o(i.TIMER0_IRQHandler) refers to timer.o(.data) for last_pc
    timer.o(i.timer_irq_init) refers to timer.o(.data) for g_timer_count
    hal.o(i.SVC_Handler) refers to k_rtx_init.o(i.k_rtx_init) for k_rtx_init
    hal.o(i.SVC_Handler) refers to k_mem.o(i.k_mpool_alloc) for k_mpool_alloc
    hal.o(i.SVC_Handler) refers to k_mem.o(i.k_mpool_dealloc) for k_mpool_dealloc
    hal.o(i.SVC_Handler) refers to k_mem.o(i.k_mpool_dump) for k_mpool_dump
    hal.o(i.SVC_Handler) refers to k_task.o(i.k_tsk_create) for k_tsk_create
    hal.o(i.SVC_Handler) refers to k_task.o(i.k_tsk_exit) for k_tsk_exit
    hal.o(i.SVC_Handler) refers to k_task.o(i.k_tsk_yield) for k_tsk_yield
    hal.o(i.SVC_Handler) refers to k_task.o(i.k_tsk_set_prio) for k_tsk_set_prio
    hal.o(i.SVC_Handler) refers to k_task.o(i.k_tsk_get) for k_tsk_get
    hal.o(i.SVC_Handler) refers to k_task.o(i.k_tsk_gettid) for k_tsk_gettid
    hal.o(i.SVC_Handler) refers to k_task.o(i.k_tsk_ls) for k_tsk_ls
    hal.o(i.SVC_Handler) refers to k_msg.o(i.k_mbx_create) for k_mbx_create
    hal.o(i.SVC_Handler) refers to k_msg.o(i.k_send_msg) for k_send_msg
    hal.o(i.SVC_Handler) refers to k_msg.o(i.k_send_msg_nb) for k_send_msg_nb
    hal.o(i.SVC_Handler) refers to k_msg.o(i.k_recv_msg) for k_recv_msg
    hal.o(i.SVC_Handler) refers to k_msg.o(i.k_recv_msg_nb) for k_recv_msg_nb
    hal.o(i.SVC_Handler) refers to k_msg.o(i.k_mbx_ls) for k_mbx_ls
    hal.o(i.SVC_Handler) refers to k_msg.o(i.k_mbx_get) for k_mbx_get
    hal.o(i.SVC_Handler) refers to k_task.o(i.k_rt_tsk_set) for k_rt_tsk_set
    hal.o(i.SVC_Handler) refers to k_task.o(i.k_rt_tsk_susp) for k_rt_tsk_susp
    hal.o(i.SVC_Handler) refers to k_task.o(i.k_rt_tsk_get) for k_rt_tsk_get
    k_mem.o(i.coalesce_binary_bit_array) refers to k_mem.o(i.pow) for pow
    k_mem.o(i.k_mem_init) refers to k_mem.o(i.k_mpool_create) for k_mpool_create
    k_mem.o(i.k_mpool_alloc) refers to k_mem.o(i.pow) for pow
    k_mem.o(i.k_mpool_alloc) refers to k_mem.o(i.needed_address) for needed_address
    k_mem.o(i.k_mpool_alloc) refers to k_rtx_init.o(.data) for errno
    k_mem.o(i.k_mpool_alloc) refers to k_mem.o(.data) for size_RAM1
    k_mem.o(i.k_mpool_alloc) refers to k_mem.o(.bss) for free_list_array_RAM1
    k_mem.o(i.k_mpool_create) refers to k_mem.o(i.log) for log
    k_mem.o(i.k_mpool_create) refers to k_rtx_init.o(.data) for errno
    k_mem.o(i.k_mpool_create) refers to k_mem.o(.data) for size_RAM1
    k_mem.o(i.k_mpool_create) refers to k_mem.o(.bss) for free_list_array_RAM1
    k_mem.o(i.k_mpool_dealloc) refers to k_mem.o(i.pow) for pow
    k_mem.o(i.k_mpool_dealloc) refers to k_mem.o(i.coalesce_binary_bit_array) for coalesce_binary_bit_array
    k_mem.o(i.k_mpool_dealloc) refers to k_mem.o(i.needed_address) for needed_address
    k_mem.o(i.k_mpool_dealloc) refers to k_rtx_init.o(.data) for errno
    k_mem.o(i.k_mpool_dealloc) refers to k_mem.o(.bss) for free_list_array_RAM1
    k_mem.o(i.k_mpool_dealloc) refers to k_mem.o(.data) for k_lvls_RAM1
    k_mem.o(i.k_mpool_dump) refers to k_mem.o(i.pow) for pow
    k_mem.o(i.k_mpool_dump) refers to printf.o(i.tfp_printf) for tfp_printf
    k_mem.o(i.k_mpool_dump) refers to k_mem.o(.bss) for free_list_array_RAM1
    k_mem.o(i.k_mpool_dump) refers to k_mem.o(.data) for k_lvls_RAM1
    k_mem.o(i.needed_address) refers to k_mem.o(i.pow) for pow
    k_msg.o(i.add_message_to_mbx) refers to k_task.o(i.unblock_recv_task) for unblock_recv_task
    k_msg.o(i.add_message_to_mbx) refers to k_msg.o(.bss) for mbx_lst
[...]
    defsig.o(CL$$defsig) refers to defsig_rtmem_inner.o(.text) for __rt_SIGRTMEM_inner
    _get_argv_nomalloc.o(.text) refers (Special) to hrguard.o(.text) for __heap_region$guard
    _get_argv_nomalloc.o(.text) refers to defsig_rtmem_outer.o(.text) for __rt_SIGRTMEM
    _get_argv_nomalloc.o(.text) refers to sys_command.o(.text) for _sys_command_string
    libshutdown.o(.ARM.Collect$$libshutdown$$00000000) refers (Special) to libshutdown2.o(.ARM.Collect$$libshutdown$$00000002) for __rt_lib_shutdown_cpp_1
    libshutdown.o(.ARM.Collect$$libshutdown$$00000000) refers (Special) to libshutdown2.o(.ARM.Collect$$libshutdown$$00000007) for __rt_lib_shutdown_fp_trap_1
    libshutdown.o(.ARM.Collect$$libshutdown$$00000000) refers (Special) to libshutdown2.o(.ARM.Collect$$libshutdown$$0000000F) for __rt_lib_shutdown_heap_1
    libshutdown.o(.ARM.Collect$$libshutdown$$00000000) refers (Special) to libshutdown2.o(.ARM.Collect$$libshutdown$$00000010) for __rt_lib_shutdown_return
    libshutdown.o(.ARM.Collect$$libshutdown$$00000000) refers (Special) to libshutdown2.o(.ARM.Collect$$libshutdown$$0000000A) for __rt_lib_shutdown_signal_1
    libshutdown.o(.ARM.Collect$$libshutdown$$00000000) refers (Special) to libshutdown2.o(.ARM.Collect$$libshutdown$$00000004) for __rt_lib_shutdown_stdio_1
    libshutdown.o(.ARM.Collect$$libshutdown$$00000000) refers (Special) to libshutdown2.o(.ARM.Collect$$libshutdown$$0000000C) for __rt_lib_shutdown_user_alloc_1
    sys_command.o(.text) refers (Special) to use_no_semi.o(.text) for __I$use$semihosting
    sys_command.o(.text) refers (Special) to indicate_semi.o(.text) for __semihosting_library_function
    defsig_abrt_inner.o(.text) refers to defsig_general.o(.text) for __default_signal_display
    defsig_rtred_inner.o(.text) refers to defsig_general.o(.text) for __default_signal_display
    defsig_rtmem_inner.o(.text) refers to defsig_general.o(.text) for __default_signal_display
    defsig_rtmem_outer.o(.text) refers to defsig_rtmem_inner.o(.text) for __rt_SIGRTMEM_inner
    defsig_rtmem_outer.o(.text) refers to defsig_exit.o(.text) for __sig_exit
    defsig_rtmem_formal.o(.text) refers to rt_raise.o(.text) for __rt_raise
    defsig_stak_inner.o(.text) refers to defsig_general.o(.text) for __default_signal_display
    defsig_pvfn_inner.o(.text) refers to defsig_general.o(.text) for __default_signal_display
    defsig_cppl_inner.o(.text) refers to defsig_general.o(.text) for __default_signal_display
    defsig_segv_inner.o(.text) refers to defsig_general.o(.text) for __default_signal_display
    defsig_other.o(.text) refers to defsig_general.o(.text) for __default_signal_display


==============================================================================

Removing Unused input sections from the image.

    Removing uart_polling.o(.rev16_text), (4 bytes).
    Removing uart_polling.o(.revsh_text), (4 bytes).
    Removing uart_polling.o(.rrx_text), (6 bytes).
    Removing uart_polling.o(i.uart_get_char), (48 bytes).
    Removing uart_irq.o(.rev16_text), (4 bytes).
    Removing uart_irq.o(.revsh_text), (4 bytes).
    Removing uart_irq.o(.rrx_text), (6 bytes).
    Removing timer.o(.rev16_text), (4 bytes).
    Removing timer.o(.revsh_text), (4 bytes).
    Removing timer.o(.rrx_text), (6 bytes).
    Removing hal.o(.rev16_text), (4 bytes).
    Removing hal.o(.revsh_text), (4 bytes).
    Removing hal.o(.rrx_text), (6 bytes).
    Removing k_mem.o(.rev16_text), (4 bytes).
    Removing k_mem.o(.revsh_text), (4 bytes).
    Removing k_mem.o(.rrx_text), (6 bytes).
    Removing k_mem.o(.constdata), (8 bytes).
    Removing k_msg.o(.rev16_text), (4 bytes).
    Removing k_msg.o(.revsh_text), (4 bytes).
    Removing k_msg.o(.rrx_text), (6 bytes).
    Removing k_rtx_init.o(.rev16_text), (4 bytes).
    Removing k_rtx_init.o(.revsh_text), (4 bytes).
    Removing k_rtx_init.o(.rrx_text), (6 bytes).
    Removing k_rtx_init.o(i.k_get_sys_info), (6 bytes).
    Removing k_task.o(.rev16_text), (4 bytes).
    Removing k_task.o(.revsh_text), (4 bytes).
    Removing k_task.o(.rrx_text), (6 bytes).
    Removing cdisp_task.o(.rev16_text), (4 bytes).
    Removing cdisp_task.o(.revsh_text), (4 bytes).
    Removing cdisp_task.o(.rrx_text), (6 bytes).
    Removing null_task.o(.rev16_text), (4 bytes).
    Removing null_task.o(.revsh_text), (4 bytes).
    Removing null_task.o(.rrx_text), (6 bytes).
    Removing system_lpc17xx.o(.rev16_text), (4 bytes).
    Removing system_lpc17xx.o(.revsh_text), (4 bytes).
    Removing system_lpc17xx.o(.rrx_text), (6 bytes).
    Removing system_lpc17xx.o(i.SystemCoreClockUpdate), (424 bytes).
    Removing system_lpc17xx.o(.data), (4 bytes).
    Removing main.o(.rev16_text), (4 bytes).
    Removing main.o(.revsh_text), (4 bytes).

40 unused section(s) (total 652 bytes) removed from the image.

==============================================================================

Image Symbol Table

    Local Symbols

    Symbol Name                              Value     Ov Type        Size  Object(Section)

    RESET                                    0x00000000   Section      204  startup_lpc17xx.o(RESET)
    ../clib/angel/boardlib.s                 0x00000000   Number         0  boardinit3.o ABSOLUTE
    ../clib/angel/boardlib.s                 0x00000000   Number         0  boardshut.o ABSOLUTE
    ../clib/angel/boardlib.s                 0x00000000   Number         0  boardinit1.o ABSOLUTE
    ../clib/angel/boardlib.s                 0x00000000   Number         0  boardinit2.o ABSOLUTE
    ../clib/angel/handlers.s                 0x00000000   Number         0  __scatter_zi.o ABSOLUTE
    ../clib/angel/handlers.s                 0x00000000   Number         0  __scatter_copy.o ABSOLUTE
    ../clib/angel/kernel.s                   0x00000000   Number         0  __rtentry2.o ABSOLUTE
    ../clib/angel/kernel.s                   0x00000000   Number         0  __rtentry4.o ABSOLUTE
    ../clib/angel/kernel.s                   0x00000000   Number         0  rtexit.o ABSOLUTE
    ../clib/angel/kernel.s                   0x00000000   Number         0  rtexit2.o ABSOLUTE
    ../clib/angel/kernel.s                   0x00000000   Number         0  __rtentry.o ABSOLUTE
    ../clib/angel/rt.s                       0x00000000   Number         0  aeabi_ldiv0.o ABSOLUTE
    ../clib/angel/rt.s                       0x00000000   Number         0  aeabi_ldiv0_sigfpe.o ABSOLUTE
    ../clib/angel/rt.s                       0x00000000   Number         0  rt_div0.o ABSOLUTE
    ../clib/angel/rt.s                       0x00000000   Number         0  rt_raise.o ABSOLUTE
    ../clib/angel/scatter.s                  0x00000000   Number         0  __scatter.o ABSOLUTE
    ../clib/angel/startup.s                  0x00000000   Number         0  __main.o ABSOLUTE
    ../clib/angel/sys.s                      0x00000000   Number         0  sys_stackheap_outer.o ABSOLUTE
    ../clib/angel/sys.s                      0x00000000   Number         0  libspace.o ABSOLUTE
    ../clib/angel/sys.s                      0x00000000   Number         0  indicate_semi.o ABSOLUTE
    ../clib/angel/sys.s                      0x00000000   Number         0  use_no_semi.o ABSOLUTE
    ../clib/angel/sysapp.c                   0x00000000   Number         0  sys_command.o ABSOLUTE
    ../clib/angel/sysapp.c                   0x00000000   Number         0  sys_exit.o ABSOLUTE
    ../clib/angel/sysapp.c                   0x00000000   Number         0  sys_wrch.o ABSOLUTE
    ../clib/armsys.c                         0x00000000   Number         0  argv_veneer.o ABSOLUTE
    ../clib/armsys.c                         0x00000000   Number         0  argv_veneer.o ABSOLUTE
    ../clib/armsys.c                         0x00000000   Number         0  no_argv.o ABSOLUTE
    ../clib/armsys.c                         0x00000000   Number         0  _get_argv_nomalloc.o ABSOLUTE
    ../clib/heapalloc.c                      0x00000000   Number         0  hrguard.o ABSOLUTE
    ../clib/heapaux.c                        0x00000000   Number         0  heapauxi.o ABSOLUTE
    ../clib/libinit.s                        0x00000000   Number         0  libinit2.o ABSOLUTE
    ../clib/libinit.s                        0x00000000   Number         0  libinit.o ABSOLUTE
    ../clib/libinit.s                        0x00000000   Number         0  libshutdown2.o ABSOLUTE
    ../clib/libinit.s                        0x00000000   Number         0  libshutdown.o ABSOLUTE
    ../clib/longlong.s                       0x00000000   Number         0  lludivv7m.o ABSOLUTE
    ../clib/memcpset.s                       0x00000000   Number         0  rt_memcpy_w.o ABSOLUTE
    ../clib/memcpset.s                       0x00000000   Number         0  rt_memclr_w.o ABSOLUTE
    ../clib/signal.c                         0x00000000   Number         0  defsig_cppl_inner.o ABSOLUTE
    ../clib/signal.c                         0x00000000   Number         0  defsig_rtmem_outer.o ABSOLUTE
    ../clib/signal.c                         0x00000000   Number         0  defsig_rtmem_inner.o ABSOLUTE
    ../clib/signal.c                         0x00000000   Number         0  defsig_rtred_inner.o ABSOLUTE
    ../clib/signal.c                         0x00000000   Number         0  defsig_abrt_inner.o ABSOLUTE
    ../clib/signal.c                         0x00000000   Number         0  defsig_segv_inner.o ABSOLUTE
    ../clib/signal.c                         0x00000000   Number         0  defsig_other.o ABSOLUTE
    ../clib/signal.c                         0x00000000   Number         0  defsig_fpe_outer.o ABSOLUTE
    ../clib/signal.c                         0x00000000   Number         0  defsig_general.o ABSOLUTE
    ../clib/signal.c                         0x00000000   Number         0  __raise.o ABSOLUTE
    ../clib/signal.c                         0x00000000   Number         0  defsig_fpe_inner.o ABSOLUTE
    ../clib/signal.c                         0x00000000   Number         0  defsig_exit.o ABSOLUTE
    ../clib/signal.c                         0x00000000   Number         0  defsig_fpe_formal.o ABSOLUTE
    ../clib/signal.c                         0x00000000   Number         0  defsig_rtmem_formal.o ABSOLUTE
    ../clib/signal.c                         0x00000000   Number         0  defsig_stak_inner.o ABSOLUTE
    ../clib/signal.c                         0x00000000   Number         0  defsig_pvfn_inner.o ABSOLUTE
    ../clib/signal.s                         0x00000000   Number         0  defsig.o ABSOLUTE
    ../clib/stdlib.c                         0x00000000   Number         0  exit.o ABSOLUTE
    ../fplib/fpinit.s                        0x00000000   Number         0  fpinit.o ABSOLUTE
    RTE\Device\LPC1768\startup_LPC17xx.s     0x00000000   Number         0  startup_lpc17xx.o ABSOLUTE
    RTE\Device\LPC1768\system_LPC17xx.c      0x00000000   Number         0  system_lpc17xx.o ABSOLUTE
    RTE\\Device\\LPC1768\\system_LPC17xx.c   0x00000000   Number         0  system_lpc17xx.o ABSOLUTE
    dc.s                                     0x00000000   Number         0  dc.o ABSOLUTE
    src\\bsp\\LPC1768\\timer.c               0x00000000   Number         0  timer.o ABSOLUTE
    src\\bsp\\LPC1768\\uart_irq.c            0x00000000   Number         0  uart_irq.o ABSOLUTE
    src\\bsp\\LPC1768\\uart_polling.c        0x00000000   Number         0  uart_polling.o ABSOLUTE
    src\\kernel\\HAL.c                       0x00000000   Number         0  hal.o ABSOLUTE
    src\\kernel\\k_mem.c                     0x00000000   Number         0  k_mem.o ABSOLUTE
    src\\kernel\\k_msg.c                     0x00000000   Number         0  k_msg.o ABSOLUTE
    src\\kernel\\k_rtx_init.c                0x00000000   Number         0  k_rtx_init.o ABSOLUTE
    src\\kernel\\k_task.c                    0x00000000   Number         0  k_task.o ABSOLUTE
    src\\main.c                              0x00000000   Number         0  main.o ABSOLUTE
    src\\tasks\\cdisp_task.c                 0x00000000   Number         0  cdisp_task.o ABSOLUTE
    src\\tasks\\null_task.c                  0x00000000   Number         0  null_task.o ABSOLUTE
    src\ae\ae.c                              0x00000000   Number         0  ae.o ABSOLUTE
    src\ae\ae_tasks1_G1.c                    0x00000000   Number         0  ae_tasks1_g1.o ABSOLUTE
    src\ae\ae_util.c                         0x00000000   Number         0  ae_util.o ABSOLUTE
    src\bsp\LPC1768\timer.c                  0x00000000   Number         0  timer.o ABSOLUTE
    src\bsp\LPC1768\uart_irq.c               0x00000000   Number         0  uart_irq.o ABSOLUTE
    src\bsp\LPC1768\uart_polling.c           0x00000000   Number         0  uart_polling.o ABSOLUTE
    src\kernel\HAL.c                         0x00000000   Number         0  hal.o ABSOLUTE
    src\kernel\k_mem.c                       0x00000000   Number         0  k_mem.o ABSOLUTE
    src\kernel\k_msg.c                       0x00000000   Number         0  k_msg.o ABSOLUTE
    src\kernel\k_rtx_init.c                  0x00000000   Number         0  k_rtx_init.o ABSOLUTE
    src\kernel\k_task.c                      0x00000000   Number         0  k_task.o ABSOLUTE
    src\libu\printf.c                        0x00000000   Number         0  printf.o ABSOLUTE
    src\main.c                               0x00000000   Number         0  main.o ABSOLUTE
    src\tasks\cdisp_task.c                   0x00000000   Number         0  cdisp_task.o ABSOLUTE
    src\tasks\kcd_task.c                     0x00000000   Number         0  kcd_task.o ABSOLUTE
    src\tasks\null_task.c                    0x00000000   Number         0  null_task.o ABSOLUTE
    src\tasks\wall_clock_task.c              0x00000000   Number         0  wall_clock_task.o ABSOLUTE
    !!!main                                  0x000000cc   Section        8  __main.o(!!!main)
    !!!scatter                               0x000000d4   Section       52  __scatter.o(!!!scatter)
    !!handler_copy                           0x00000108   Section       26  __scatter_copy.o(!!handler_copy)
    !!handler_zi                             0x00000124   Section       28  __scatter_zi.o(!!handler_zi)
    .ARM.Collect$$libinit$$00000000          0x00000140   Section        2  libinit.o(.ARM.Collect$$libinit$$00000000)
    .ARM.Collect$$libinit$$00000002          0x00000142   Section        0  libinit2.o(.ARM.Collect$$libinit$$00000002)
    .ARM.Collect$$libinit$$00000004          0x00000142   Section        0  libinit2.o(.ARM.Collect$$libinit$$00000004)
    .ARM.Collect$$libinit$$0000000A          0x00000142   Section        0  libinit2.o(.ARM.Collect$$libinit$$0000000A)
    .ARM.Collect$$libinit$$0000000C          0x00000142   Section        0  libinit2.o(.ARM.Collect$$libinit$$0000000C)
    .ARM.Collect$$libinit$$0000000E          0x00000142   Section        0  libinit2.o(.ARM.Collect$$libinit$$0000000E)
    .ARM.Collect$$libinit$$00000011          0x00000142   Section        0  libinit2.o(.ARM.Collect$$libinit$$00000011)
    .ARM.Collect$$libinit$$00000013          0x00000142   Section        0  libinit2.o(.ARM.Collect$$libinit$$00000013)
    .ARM.Collect$$libinit$$00000015          0x00000142   Section        0  libinit2.o(.ARM.Collect$$libinit$$00000015)
    .ARM.Collect$$libinit$$00000017          0x00000142   Section        0  libinit2.o(.ARM.Collect$$libinit$$00000017)
    .ARM.Collect$$libinit$$00000019          0x00000142   Section        0  libinit2.o(.ARM.Collect$$libinit$$00000019)
    .ARM.Collect$$libinit$$0000001B          0x00000142   Section        0  libinit2.o(.ARM.Collect$$libinit$$0000001B)
    .ARM.Collect$$libinit$$0000001D          0x00000142   Section        0  libinit2.o(.ARM.Collect$$libinit$$0000001D)
    .ARM.Collect$$libinit$$0000001F          0x00000142   Section        0  libinit2.o(.ARM.Collect$$libinit$$0000001F)
    .ARM.Collect$$libinit$$00000021          0x00000142   Section        0  libinit2.o(.ARM.Collect$$libinit$$00000021)
    .ARM.Collect$$libinit$$00000023          0x00000142   Section        0  libinit2.o(.ARM.Collect$$libinit$$00000023)
    .ARM.Collect$$libinit$$00000025          0x00000142   Section        0  libinit2.o(.ARM.Collect$$libinit$$00000025)
    .ARM.Collect$$libinit$$0000002C          0x00000142   Section        0  libinit2.o(.ARM.Collect$$libinit$$0000002C)
    .ARM.Collect$$libinit$$0000002E          0x00000142   Section        0  libinit2.o(.ARM.Collect$$libinit$$0000002E)
    .ARM.Collect$$libinit$$00000030          0x00000142   Section        0  libinit2.o(.ARM.Collect$$libinit$$00000030)
    .ARM.Collect$$libinit$$00000032          0x00000142   Section        0  libinit2.o(.ARM.Collect$$libinit$$00000032)
    .ARM.Collect$$libinit$$00000033          0x00000142   Section        2  libinit2.o(.ARM.Collect$$libinit$$00000033)
    .ARM.Collect$$libshutdown$$00000000      0x00000144   Section        2  libshutdown.o(.ARM.Collect$$libshutdown$$00000000)
    .ARM.Collect$$libshutdown$$00000002      0x00000146   Section        0  libshutdown2.o(.ARM.Collect$$libshutdown$$00000002)
    .ARM.Collect$$libshutdown$$00000004      0x00000146   Section        0  libshutdown2.o(.ARM.Collect$$libshutdown$$00000004)
    .ARM.Collect$$libshutdown$$00000007      0x00000146   Section        0  libshutdown2.o(.ARM.Collect$$libshutdown$$00000007)
    .ARM.Collect$$libshutdown$$0000000A      0x00000146   Section        0  libshutdown2.o(.ARM.Collect$$libshutdown$$0000000A)
    .ARM.Collect$$libshutdown$$0000000C      0x00000146   Section        0  libshutdown2.o(.ARM.Collect$$libshutdown$$0000000C)
    .ARM.Collect$$libshutdown$$0000000F      0x00000146   Section        0  libshutdown2.o(.ARM.Collect$$libshutdown$$0000000F)
    .ARM.Collect$$libshutdown$$00000010      0x00000146   Section        2  libshutdown2.o(.ARM.Collect$$libshutdown$$00000010)
    .ARM.Collect$$rtentry$$00000000          0x00000148   Section        0  __rtentry.o(.ARM.Collect$$rtentry$$00000000)
    .ARM.Collect$$rtentry$$00000002          0x00000148   Section        0  __rtentry2.o(.ARM.Collect$$rtentry$$00000002)
    .ARM.Collect$$rtentry$$00000004          0x00000148   Section        6  __rtentry4.o(.ARM.Collect$$rtentry$$00000004)
    .ARM.Collect$$rtentry$$00000009          0x0000014e   Section        0  __rtentry2.o(.ARM.Collect$$rtentry$$00000009)
    .ARM.Collect$$rtentry$$0000000A          0x0000014e   Section        4  __rtentry2.o(.ARM.Collect$$rtentry$$0000000A)
    .ARM.Collect$$rtentry$$0000000C          0x00000152   Section        0  __rtentry2.o(.ARM.Collect$$rtentry$$0000000C)
    .ARM.Collect$$rtentry$$0000000D          0x00000152   Section        8  __rtentry2.o(.ARM.Collect$$rtentry$$0000000D)
    .ARM.Collect$$rtexit$$00000000           0x0000015a   Section        2  rtexit.o(.ARM.Collect$$rtexit$$00000000)
    .ARM.Collect$$rtexit$$00000002           0x0000015c   Section        0  rtexit2.o(.ARM.Collect$$rtexit$$00000002)
    .ARM.Collect$$rtexit$$00000003           0x0000015c   Section        4  rtexit2.o(.ARM.Collect$$rtexit$$00000003)
    .ARM.Collect$$rtexit$$00000004           0x00000160   Section        6  rtexit2.o(.ARM.Collect$$rtexit$$00000004)
    .emb_text                                0x00000168   Section        8  hal.o(.emb_text)
    .emb_text                                0x00000170   Section       50  k_task.o(.emb_text)
    .text                                    0x000001a4   Section       60  startup_lpc17xx.o(.text)
    .text                                    0x000001e0   Section      100  rt_memcpy_w.o(.text)
    .text                                    0x00000244   Section       78  rt_memclr_w.o(.text)
    .text                                    0x00000292   Section        0  heapauxi.o(.text)
    .text                                    0x00000298   Section       74  sys_stackheap_outer.o(.text)
    .text                                    0x000002e2   Section        0  exit.o(.text)
    .text                                    0x000002f4   Section        8  libspace.o(.text)
    .ARM.__at_0x02FC                         0x000002fc   Section        4  startup_lpc17xx.o(.ARM.__at_0x02FC)
    .text                                    0x00000300   Section        0  sys_exit.o(.text)
    .text                                    0x0000030c   Section        2  use_no_semi.o(.text)
    .text                                    0x0000030e   Section        0  indicate_semi.o(.text)
    i.HardFault_Handler                      0x00000310   Section        0  ae_util.o(i.HardFault_Handler)
    i.SVC_Handler                            0x00000340   Section        0  hal.o(i.SVC_Handler)
    i.SystemInit                             0x00000468   Section        0  system_lpc17xx.o(i.SystemInit)
    i.TIMER0_IRQHandler                      0x000005a8   Section        0  timer.o(i.TIMER0_IRQHandler)
    i.UART0_IRQHandler                       0x00000618   Section        0  uart_irq.o(i.UART0_IRQHandler)
    i.__NVIC_EnableIRQ                       0x0000070c   Section        0  uart_irq.o(i.__NVIC_EnableIRQ)
    __NVIC_EnableIRQ                         0x0000070d   Thumb Code    34  uart_irq.o(i.__NVIC_EnableIRQ)
    i.__NVIC_SetPriority                     0x00000730   Section        0  uart_irq.o(i.__NVIC_SetPriority)
    __NVIC_SetPriority                       0x00000731   Thumb Code    32  uart_irq.o(i.__NVIC_SetPriority)
    i.a2d                                    0x00000758   Section        0  printf.o(i.a2d)
    a2d                                      0x00000759   Thumb Code    50  printf.o(i.a2d)
    i.a2i                                    0x0000078a   Section        0  printf.o(i.a2i)
    a2i                                      0x0000078b   Thumb Code    58  printf.o(i.a2i)
    i.add_message_to_mbx                     0x000007c4   Section        0  k_msg.o(i.add_message_to_mbx)
    i.add_task_to_back_priority_queue        0x0000083c   Section        0  k_task.o(i.add_task_to_back_priority_queue)
    i.add_tsk_to_front_of_high               0x00000868   Section        0  k_task.o(i.add_tsk_to_front_of_high)
    i.ae_exit                                0x00000884   Section        0  ae.o(i.ae_exit)
    i.ae_init                                0x00000888   Section        0  ae.o(i.ae_init)
    i.ae_set_init_tasks_info                 0x000008b8   Section        0  ae.o(i.ae_set_init_tasks_info)
    i.ae_set_sys_info                        0x000008ce   Section        0  ae.o(i.ae_set_sys_info)
    i.block_recv_task                        0x000008e4   Section        0  k_task.o(i.block_recv_task)
    i.block_sending_mbx_queue                0x00000924   Section        0  k_task.o(i.block_sending_mbx_queue)
    i.cleanup_mbx                            0x00000a64   Section        0  k_msg.o(i.cleanup_mbx)
    i.coalesce_binary_bit_array              0x00000a84   Section        0  k_mem.o(i.coalesce_binary_bit_array)
    i.convert_string_digit_to_int            0x00000b84   Section        0  wall_clock_task.o(i.convert_string_digit_to_int)
    i.count_set_bits                         0x00000b8c   Section        0  ae_util.o(i.count_set_bits)
    i.first_check_real_time_tasks_sending_priority_queue_for_any_blocked_real_time_tasks_and_freeing_these_in_order_of_priority_then_if_there_is_still_room_remaining_then_start_checking_sending_queue_for_non_real_time_task_corresponding_to_tid_mailbox_then_if_there_are_tasks_waiting_to_send_proceed_to_let_them_finish_the_send_as_long_as_there_is_enough_space_remaining_in_the_mailbox_and_ensure_the_sender_immediately_gives_control_back_to_receiver_after_sending_completes_and_loop_until_there_is_no_longer_enough_space_in_the_mailbox 0x00000ba0   Section        0  k_task.o(i.first_check_real_time_tasks_sending_priority_queue_for_any_blocked_real_time_tasks_and_freeing_these_in_order_of_priority_then_if_there_is_still_room_remaining_then_start_checking_sending_queue_for_non_real_time_task_corresponding_to_tid_mailbox_then_if_there_are_tasks_waiting_to_send_proceed_to_let_them_finish_the_send_as_long_as_there_is_enough_space_remaining_in_the_mailbox_and_ensure_the_sender_immediately_gives_control_back_to_receiver_after_sending_completes_and_loop_until_there_is_no_longer_enough_space_in_the_mailbox)
    i.gen_req0                               0x00000d54   Section        0  ae_tasks1_g1.o(i.gen_req0)
    i.gen_req1                               0x00000da0   Section        0  ae_tasks1_g1.o(i.gen_req1)
    i.get_tick                               0x00000de8   Section        0  timer.o(i.get_tick)
    i.i2a                                    0x00000e30   Section        0  printf.o(i.i2a)
    i2a                                      0x00000e31   Thumb Code    32  printf.o(i.i2a)
    i.index_of_char                          0x00000e50   Section        0  kcd_task.o(i.index_of_char)
    i.init_ae_tsk_test                       0x00000e94   Section        0  ae_tasks1_g1.o(i.init_ae_tsk_test)
    i.init_printf                            0x00000f10   Section        0  printf.o(i.init_printf)
    i.k_mbx_create                           0x00000f24   Section        0  k_msg.o(i.k_mbx_create)
    i.k_mbx_get                              0x00000fb0   Section        0  k_msg.o(i.k_mbx_get)
    i.k_mbx_ls                               0x00001028   Section        0  k_msg.o(i.k_mbx_ls)
    i.k_mem_init                             0x00001064   Section        0  k_mem.o(i.k_mem_init)
    i.k_mpool_alloc                          0x000010a4   Section        0  k_mem.o(i.k_mpool_alloc)
    i.k_mpool_create                         0x000012b8   Section        0  k_mem.o(i.k_mpool_create)
    i.k_mpool_dealloc                        0x000013f4   Section        0  k_mem.o(i.k_mpool_dealloc)
    i.k_mpool_dump                           0x000015a8   Section        0  k_mem.o(i.k_mpool_dump)
    i.k_pre_rtx_init                         0x00001664   Section        0  k_rtx_init.o(i.k_pre_rtx_init)
    i.k_recv_msg                             0x0000169c   Section        0  k_msg.o(i.k_recv_msg)
    i.k_recv_msg_nb                          0x000017d4   Section        0  k_msg.o(i.k_recv_msg_nb)
    i.k_rt_tsk_get                           0x00001918   Section        0  k_task.o(i.k_rt_tsk_get)
    i.k_rt_tsk_set                           0x00001974   Section        0  k_task.o(i.k_rt_tsk_set)
    i.k_rt_tsk_susp                          0x00001a20   Section        0  k_task.o(i.k_rt_tsk_susp)
    i.k_rtx_init                             0x00001a90   Section        0  k_rtx_init.o(i.k_rtx_init)
    i.k_send_msg                             0x00001afc   Section        0  k_msg.o(i.k_send_msg)
    i.k_send_msg_nb                          0x00001c40   Section        0  k_msg.o(i.k_send_msg_nb)
    i.k_set_uart                             0x00001d48   Section        0  k_task.o(i.k_set_uart)
    i.k_tsk_create                           0x00001d54   Section        0  k_task.o(i.k_tsk_create)
    i.k_tsk_create_new                       0x00001e04   Section        0  k_task.o(i.k_tsk_create_new)
    i.k_tsk_exit                             0x00001f5c   Section        0  k_task.o(i.k_tsk_exit)
    i.k_tsk_get                              0x000020bc   Section        0  k_task.o(i.k_tsk_get)
    i.k_tsk_gettid                           0x00002218   Section        0  k_task.o(i.k_tsk_gettid)
    i.k_tsk_init                             0x00002248   Section        0  k_task.o(i.k_tsk_init)
    i.k_tsk_init_cdisp                       0x0000238c   Section        0  k_task.o(i.k_tsk_init_cdisp)
    i.k_tsk_init_first                       0x000023a8   Section        0  k_task.o(i.k_tsk_init_first)
    i.k_tsk_init_kcd                         0x000023c4   Section        0  k_task.o(i.k_tsk_init_kcd)
    i.k_tsk_init_wall_clock                  0x000023e0   Section        0  k_task.o(i.k_tsk_init_wall_clock)
    i.k_tsk_ls                               0x000023fc   Section        0  k_task.o(i.k_tsk_ls)
    i.k_tsk_run_new                          0x00002440   Section        0  k_task.o(i.k_tsk_run_new)
    i.k_tsk_set_prio                         0x000024a4   Section        0  k_task.o(i.k_tsk_set_prio)
    i.k_tsk_yield                            0x0000273c   Section        0  k_task.o(i.k_tsk_yield)
    i.log                                    0x00002746   Section        0  k_mem.o(i.log)
    i.main                                   0x00002758   Section        0  main.o(i.main)
    i.modify_priority_queue                  0x000027c0   Section        0  k_task.o(i.modify_priority_queue)
    i.modify_sending_mbx_queue               0x00002950   Section        0  k_task.o(i.modify_sending_mbx_queue)
    i.needed_address                         0x000029a0   Section        0  k_mem.o(i.needed_address)
    i.pow                                    0x000029bc   Section        0  k_mem.o(i.pow)
    i.print_log                              0x000029d8   Section        0  ae_util.o(i.print_log)
    i.print_results                          0x00002a48   Section        0  ae_util.o(i.print_results)
    i.print_state_to_cdisp                   0x00002b68   Section        0  kcd_task.o(i.print_state_to_cdisp)
    i.print_summary                          0x00002c44   Section        0  ae_util.o(i.print_summary)
    i.process_sub_result                     0x00002c70   Section        0  ae_util.o(i.process_sub_result)
    i.putc                                   0x00002ca8   Section        0  uart_polling.o(i.putc)
    i.putchw                                 0x00002cec   Section        0  printf.o(i.putchw)
    putchw                                   0x00002ced   Thumb Code    82  printf.o(i.putchw)
    i.putcp                                  0x00002d3e   Section        0  printf.o(i.putcp)
    putcp                                    0x00002d3f   Thumb Code    10  printf.o(i.putcp)
    i.scheduler                              0x00002d48   Section        0  k_task.o(i.scheduler)
    i.send_not_valid_cmd                     0x00002d90   Section        0  wall_clock_task.o(i.send_not_valid_cmd)
    i.set_ae_init_tasks                      0x00002dd0   Section        0  ae_tasks1_g1.o(i.set_ae_init_tasks)
    i.set_ae_tasks                           0x00002dec   Section        0  ae_tasks1_g1.o(i.set_ae_tasks)
    i.sort_rt_tsk                            0x00002e30   Section        0  k_task.o(i.sort_rt_tsk)
    i.sort_time_increment                    0x00002f34   Section        0  k_task.o(i.sort_time_increment)
    i.strcpy                                 0x00003008   Section        0  ae_util.o(i.strcpy)
    i.task0                                  0x00003028   Section        0  ae_tasks1_g1.o(i.task0)
    i.task1                                  0x00003190   Section        0  ae_tasks1_g1.o(i.task1)
    i.task2                                  0x00003314   Section        0  ae_tasks1_g1.o(i.task2)
    i.task3                                  0x0000347c   Section        0  ae_tasks1_g1.o(i.task3)
    i.task_cdisp                             0x0000369c   Section        0  cdisp_task.o(i.task_cdisp)
    i.task_kcd                               0x0000370c   Section        0  kcd_task.o(i.task_kcd)
    i.task_null                              0x000039d8   Section        0  null_task.o(i.task_null)
    i.task_wall_clock                        0x000039e0   Section        0  wall_clock_task.o(i.task_wall_clock)
    i.test0_start                            0x00003ca8   Section        0  ae_tasks1_g1.o(i.test0_start)
    i.test1_start                            0x00003e68   Section        0  ae_tasks1_g1.o(i.test1_start)
    i.test_abort                             0x000040dc   Section        0  ae_util.o(i.test_abort)
    i.test_exit                              0x00004148   Section        0  ae_util.o(i.test_exit)
    i.tfp_format                             0x0000416c   Section        0  printf.o(i.tfp_format)
    i.tfp_printf                             0x00004294   Section        0  printf.o(i.tfp_printf)
    i.tfp_sprintf                            0x000042c0   Section        0  printf.o(i.tfp_sprintf)
    i.timer_freerun_init                     0x000042ec   Section        0  timer.o(i.timer_freerun_init)
    i.timer_irq_init                         0x00004384   Section        0  timer.o(i.timer_irq_init)
    i.tsk_run_new_finish_send                0x00004404   Section        0  k_task.o(i.tsk_run_new_finish_send)
    i.uart_init                              0x00004458   Section        0  uart_polling.o(i.uart_init)
    i.uart_irq_init                          0x000044c4   Section        0  uart_irq.o(i.uart_irq_init)
    i.uart_put_char                          0x00004560   Section        0  uart_polling.o(i.uart_put_char)
    i.uart_put_string                        0x00004594   Section        0  uart_polling.o(i.uart_put_string)
    i.ui2a                                   0x000045ba   Section        0  printf.o(i.ui2a)
    ui2a                                     0x000045bb   Thumb Code    86  printf.o(i.ui2a)
    i.unblock_recv_task                      0x00004610   Section        0  k_task.o(i.unblock_recv_task)
    i.update_ae_xtest                        0x00004678   Section        0  ae_tasks1_g1.o(i.update_ae_xtest)
    i.update_exec_seq                        0x00004690   Section        0  ae_tasks1_g1.o(i.update_exec_seq)
    .constdata                               0x000046d4   Section       30  ae_tasks1_g1.o(.constdata)
    .data                                    0x10000000   Section       28  uart_irq.o(.data)
    gp_buffer                                0x10000010   Data           4  uart_irq.o(.data)
    .data                                    0x1000001c   Section        8  timer.o(.data)
    .data                                    0x10000024   Section       16  k_mem.o(.data)
    .data                                    0x10000034   Section        4  k_rtx_init.o(.data)
    .data                                    0x10000038   Section       13  k_task.o(.data)
    .data                                    0x10000048   Section        8  printf.o(.data)
    stdout_putf                              0x10000048   Data           4  printf.o(.data)
    stdout_putp                              0x1000004c   Data           4  printf.o(.data)
    .data                                    0x10000050   Section       16  main.o(.data)
    sys                                      0x10000050   Data           8  main.o(.data)
    p_tasks                                  0x10000058   Data           4  main.o(.data)
    num                                      0x1000005c   Data           4  main.o(.data)
    .data                                    0x10000060   Section        4  ae_tasks1_g1.o(.data)
    .bss                                     0x10000064   Section      404  k_mem.o(.bss)
    .bss                                     0x100001f8   Section       40  k_msg.o(.bss)
    .bss                                     0x10000220   Section      960  k_task.o(.bss)
    .bss                                     0x100005e0   Section       96  libspace.o(.bss)
    .bss                                     0x10000640   Section      524  ae_tasks1_g1.o(.bss)
    HEAP                                     0x10000850   Section        0  startup_lpc17xx.o(HEAP)
    STACK                                    0x10000850   Section      512  startup_lpc17xx.o(STACK)
    Heap_Mem                                 0x10000850   Data           0  startup_lpc17xx.o(HEAP)
    Stack_Mem                                0x10000850   Data         512  startup_lpc17xx.o(STACK)
    __initial_sp                             0x10000a50   Data           0  startup_lpc17xx.o(STACK)

    Global Symbols

    Symbol Name                              Value     Ov Type        Size  Object(Section)

    BuildAttributes$$THM_ISAv4$P$D$K$B$S$PE$A:L22UL41UL21$X:L11$S22US41US21$IEEE1$IW$USESV6$~STKCKD$USESV7$~SHL$OSPACE$ROPI$EBA8$UX$STANDARDLIB$REQ8$PRES8$EABIv2 0x00000000   Number         0  anon$$obj.o ABSOLUTE
    __ARM_use_no_argv                        0x00000000   Number         0  main.o ABSOLUTE
    __Vectors                                0x00000000   Data           4  startup_lpc17xx.o(RESET)
    __ARM_exceptions_init                     - Undefined Weak Reference
    __alloca_initialize                       - Undefined Weak Reference
    __arm_preinit_                            - Undefined Weak Reference
    __cpp_initialize__aeabi_                  - Undefined Weak Reference
    __cxa_finalize                            - Undefined Weak Reference
    __rt_locale                               - Undefined Weak Reference
    __sigvec_lookup                           - Undefined Weak Reference
    _atexit_init                              - Undefined Weak Reference
    _call_atexit_fns                          - Undefined Weak Reference
    _clock_init                               - Undefined Weak Reference
    _fp_trap_init                             - Undefined Weak Reference
    _fp_trap_shutdown                         - Undefined Weak Reference
    _get_lc_collate                           - Undefined Weak Reference
    _get_lc_ctype                             - Undefined Weak Reference
    _get_lc_monetary                          - Undefined Weak Reference
    _get_lc_numeric                           - Undefined Weak Reference
    _get_lc_time                              - Undefined Weak Reference
    _getenv_init                              - Undefined Weak Reference
    _handle_redirection                       - Undefined Weak Reference
    _init_alloc                               - Undefined Weak Reference
    _init_user_alloc                          - Undefined Weak Reference
    _initio                                   - Undefined Weak Reference
    _rand_init                                - Undefined Weak Reference
    _signal_finish                            - Undefined Weak Reference
    _signal_init                              - Undefined Weak Reference
    _terminate_alloc                          - Undefined Weak Reference
    _terminate_user_alloc                     - Undefined Weak Reference
    _terminateio                              - Undefined Weak Reference
    __main                                   0x000000cd   Thumb Code     8  __main.o(!!!main)
    __scatterload                            0x000000d5   Thumb Code     0  __scatter.o(!!!scatter)
    __scatterload_rt2                        0x000000d5   Thumb Code    44  __scatter.o(!!!scatter)
    __scatterload_rt2_thumb_only             0x000000d5   Thumb Code     0  __scatter.o(!!!scatter)
    __scatterload_null                       0x000000e3   Thumb Code     0  __scatter.o(!!!scatter)
    __scatterload_copy                       0x00000109   Thumb Code    26  __scatter_copy.o(!!handler_copy)
    __scatterload_zeroinit                   0x00000125   Thumb Code    28  __scatter_zi.o(!!handler_zi)
    __rt_lib_init                            0x00000141   Thumb Code     0  libinit.o(.ARM.Collect$$libinit$$00000000)
    __rt_lib_init_alloca_1                   0x00000143   Thumb Code     0  libinit2.o(.ARM.Collect$$libinit$$0000002E)
    __rt_lib_init_argv_1                     0x00000143   Thumb Code     0  libinit2.o(.ARM.Collect$$libinit$$0000002C)
    __rt_lib_init_atexit_1                   0x00000143   Thumb Code     0  libinit2.o(.ARM.Collect$$libinit$$0000001B)
    __rt_lib_init_clock_1                    0x00000143   Thumb Code     0  libinit2.o(.ARM.Collect$$libinit$$00000021)
    __rt_lib_init_cpp_1                      0x00000143   Thumb Code     0  libinit2.o(.ARM.Collect$$libinit$$00000032)
    __rt_lib_init_exceptions_1               0x00000143   Thumb Code     0  libinit2.o(.ARM.Collect$$libinit$$00000030)
    __rt_lib_init_fp_1                       0x00000143   Thumb Code     0  libinit2.o(.ARM.Collect$$libinit$$00000002)
    __rt_lib_init_fp_trap_1                  0x00000143   Thumb Code     0  libinit2.o(.ARM.Collect$$libinit$$0000001F)
    __rt_lib_init_getenv_1                   0x00000143   Thumb Code     0  libinit2.o(.ARM.Collect$$libinit$$00000023)
    __rt_lib_init_heap_1                     0x00000143   Thumb Code     0  libinit2.o(.ARM.Collect$$libinit$$0000000A)
    __rt_lib_init_lc_collate_1               0x00000143   Thumb Code     0  libinit2.o(.ARM.Collect$$libinit$$00000011)
    __rt_lib_init_lc_ctype_1                 0x00000143   Thumb Code     0  libinit2.o(.ARM.Collect$$libinit$$00000013)
    __rt_lib_init_lc_monetary_1              0x00000143   Thumb Code     0  libinit2.o(.ARM.Collect$$libinit$$00000015)
    __rt_lib_init_lc_numeric_1               0x00000143   Thumb Code     0  libinit2.o(.ARM.Collect$$libinit$$00000017)
    __rt_lib_init_lc_time_1                  0x00000143   Thumb Code     0  libinit2.o(.ARM.Collect$$libinit$$00000019)
    __rt_lib_init_preinit_1                  0x00000143   Thumb Code     0  libinit2.o(.ARM.Collect$$libinit$$00000004)
    __rt_lib_init_rand_1                     0x00000143   Thumb Code     0  libinit2.o(.ARM.Collect$$libinit$$0000000E)
    __rt_lib_init_return                     0x00000143   Thumb Code     0  libinit2.o(.ARM.Collect$$libinit$$00000033)
    __rt_lib_init_signal_1                   0x00000143   Thumb Code     0  libinit2.o(.ARM.Collect$$libinit$$0000001D)
    __rt_lib_init_stdio_1                    0x00000143   Thumb Code     0  libinit2.o(.ARM.Collect$$libinit$$00000025)
    __rt_lib_init_user_alloc_1               0x00000143   Thumb Code     0  libinit2.o(.ARM.Collect$$libinit$$0000000C)
    __rt_lib_shutdown                        0x00000145   Thumb Code     0  libshutdown.o(.ARM.Collect$$libshutdown$$00000000)
    __rt_lib_shutdown_cpp_1                  0x00000147   Thumb Code     0  libshutdown2.o(.ARM.Collect$$libshutdown$$00000002)
    __rt_lib_shutdown_fp_trap_1              0x00000147   Thumb Code     0  libshutdown2.o(.ARM.Collect$$libshutdown$$00000007)
    __rt_lib_shutdown_heap_1                 0x00000147   Thumb Code     0  libshutdown2.o(.ARM.Collect$$libshutdown$$0000000F)
    __rt_lib_shutdown_return                 0x00000147   Thumb Code     0  libshutdown2.o(.ARM.Collect$$libshutdown$$00000010)
    __rt_lib_shutdown_signal_1               0x00000147   Thumb Code     0  libshutdown2.o(.ARM.Collect$$libshutdown$$0000000A)
    __rt_lib_shutdown_stdio_1                0x00000147   Thumb Code     0  libshutdown2.o(.ARM.Collect$$libshutdown$$00000004)
    __rt_lib_shutdown_user_alloc_1           0x00000147   Thumb Code     0  libshutdown2.o(.ARM.Collect$$libshutdown$$0000000C)
    __rt_entry                               0x00000149   Thumb Code     0  __rtentry.o(.ARM.Collect$$rtentry$$00000000)
    __rt_entry_presh_1                       0x00000149   Thumb Code     0  __rtentry2.o(.ARM.Collect$$rtentry$$00000002)
    __rt_entry_sh                            0x00000149   Thumb Code     0  __rtentry4.o(.ARM.Collect$$rtentry$$00000004)
    __rt_entry_li                            0x0000014f   Thumb Code     0  __rtentry2.o(.ARM.Collect$$rtentry$$0000000A)
    __rt_entry_postsh_1                      0x0000014f   Thumb Code     0  __rtentry2.o(.ARM.Collect$$rtentry$$00000009)
    __rt_entry_main                          0x00000153   Thumb Code     0  __rtentry2.o(.ARM.Collect$$rtentry$$0000000D)
    __rt_entry_postli_1                      0x00000153   Thumb Code     0  __rtentry2.o(.ARM.Collect$$rtentry$$0000000C)
    __rt_exit                                0x0000015b   Thumb Code     0  rtexit.o(.ARM.Collect$$rtexit$$00000000)
    __rt_exit_ls                             0x0000015d   Thumb Code     0  rtexit2.o(.ARM.Collect$$rtexit$$00000003)
    __rt_exit_prels_1                        0x0000015d   Thumb Code     0  rtexit2.o(.ARM.Collect$$rtexit$$00000002)
    __rt_exit_exit                           0x00000161   Thumb Code     0  rtexit2.o(.ARM.Collect$$rtexit$$00000004)
    SVC_RTE                                  0x00000169   Thumb Code     0  hal.o(.emb_text)
    __rte                                    0x00000169   Thumb Code     8  hal.o(.emb_text)
    k_tsk_switch                             0x00000171   Thumb Code    44  k_task.o(.emb_text)
    K_RESTORE                                0x00000183   Thumb Code     0  k_task.o(.emb_text)
    k_tsk_start                              0x000001a1   Thumb Code     2  k_task.o(.emb_text)
    Reset_Handler                            0x000001a5   Thumb Code     8  startup_lpc17xx.o(.text)
    NMI_Handler                              0x000001ad   Thumb Code     2  startup_lpc17xx.o(.text)
    MemManage_Handler                        0x000001b1   Thumb Code     2  startup_lpc17xx.o(.text)
    BusFault_Handler                         0x000001b3   Thumb Code     2  startup_lpc17xx.o(.text)
    UsageFault_Handler                       0x000001b5   Thumb Code     2  startup_lpc17xx.o(.text)
    DebugMon_Handler                         0x000001b9   Thumb Code     2  startup_lpc17xx.o(.text)
    PendSV_Handler                           0x000001bb   Thumb Code     2  startup_lpc17xx.o(.text)
    SysTick_Handler                          0x000001bd   Thumb Code     2  startup_lpc17xx.o(.text)
    ADC_IRQHandler                           0x000001bf   Thumb Code     0  startup_lpc17xx.o(.text)
    BOD_IRQHandler                           0x000001bf   Thumb Code     0  startup_lpc17xx.o(.text)
    CANActivity_IRQHandler                   0x000001bf   Thumb Code     0  startup_lpc17xx.o(.text)
    CAN_IRQHandler                           0x000001bf   Thumb Code     0  startup_lpc17xx.o(.text)
    DMA_IRQHandler                           0x000001bf   Thumb Code     0  startup_lpc17xx.o(.text)
    EINT0_IRQHandler                         0x000001bf   Thumb Code     0  startup_lpc17xx.o(.text)
    EINT1_IRQHandler                         0x000001bf   Thumb Code     0  startup_lpc17xx.o(.text)
    EINT2_IRQHandler                         0x000001bf   Thumb Code     0  startup_lpc17xx.o(.text)
    EINT3_IRQHandler                         0x000001bf   Thumb Code     0  startup_lpc17xx.o(.text)
    ENET_IRQHandler                          0x000001bf   Thumb Code     0  startup_lpc17xx.o(.text)
    I2C0_IRQHandler                          0x000001bf   Thumb Code     0  startup_lpc17xx.o(.text)
    I2C1_IRQHandler                          0x000001bf   Thumb Code     0  startup_lpc17xx.o(.text)
    I2C2_IRQHandler                          0x000001bf   Thumb Code     0  startup_lpc17xx.o(.text)
    I2S_IRQHandler                           0x000001bf   Thumb Code     0  startup_lpc17xx.o(.text)
    MCPWM_IRQHandler                         0x000001bf   Thumb Code     0  startup_lpc17xx.o(.text)
    PLL0_IRQHandler                          0x000001bf   Thumb Code     0  startup_lpc17xx.o(.text)
    PLL1_IRQHandler                          0x000001bf   Thumb Code     0  startup_lpc17xx.o(.text)
    PWM1_IRQHandler                          0x000001bf   Thumb Code     0  startup_lpc17xx.o(.text)
    QEI_IRQHandler                           0x000001bf   Thumb Code     0  startup_lpc17xx.o(.text)
    RIT_IRQHandler                           0x000001bf   Thumb Code     0  startup_lpc17xx.o(.text)
    RTC_IRQHandler                           0x000001bf   Thumb Code     0  startup_lpc17xx.o(.text)
    SPI_IRQHandler                           0x000001bf   Thumb Code     0  startup_lpc17xx.o(.text)
    SSP0_IRQHandler                          0x000001bf   Thumb Code     0  startup_lpc17xx.o(.text)
    SSP1_IRQHandler                          0x000001bf   Thumb Code     0  startup_lpc17xx.o(.text)
    TIMER1_IRQHandler                        0x000001bf   Thumb Code     0  startup_lpc17xx.o(.text)
    TIMER2_IRQHandler                        0x000001bf   Thumb Code     0  startup_lpc17xx.o(.text)
    TIMER3_IRQHandler                        0x000001bf   Thumb Code     0  startup_lpc17xx.o(.text)
    UART1_IRQHandler                         0x000001bf   Thumb Code     0  startup_lpc17xx.o(.text)
    UART2_IRQHandler                         0x000001bf   Thumb Code     0  startup_lpc17xx.o(.text)
    UART3_IRQHandler                         0x000001bf   Thumb Code     0  startup_lpc17xx.o(.text)
    USBActivity_IRQHandler                   0x000001bf   Thumb Code     0  startup_lpc17xx.o(.text)
    USB_IRQHandler                           0x000001bf   Thumb Code     0  startup_lpc17xx.o(.text)
    WDT_IRQHandler                           0x000001bf   Thumb Code     0  startup_lpc17xx.o(.text)
    __user_initial_stackheap                 0x000001c1   Thumb Code     0  startup_lpc17xx.o(.text)
    __aeabi_memcpy4                          0x000001e1   Thumb Code     0  rt_memcpy_w.o(.text)
    __aeabi_memcpy8                          0x000001e1   Thumb Code     0  rt_memcpy_w.o(.text)
    __rt_memcpy_w                            0x000001e1   Thumb Code   100  rt_memcpy_w.o(.text)
    _memcpy_lastbytes_aligned                0x00000229   Thumb Code     0  rt_memcpy_w.o(.text)
    __aeabi_memclr4                          0x00000245   Thumb Code     0  rt_memclr_w.o(.text)
    __aeabi_memclr8                          0x00000245   Thumb Code     0  rt_memclr_w.o(.text)
    __rt_memclr_w                            0x00000245   Thumb Code    78  rt_memclr_w.o(.text)
    _memset_w                                0x00000249   Thumb Code     0  rt_memclr_w.o(.text)
    __use_two_region_memory                  0x00000293   Thumb Code     2  heapauxi.o(.text)
    __rt_heap_escrow$2region                 0x00000295   Thumb Code     2  heapauxi.o(.text)
    __rt_heap_expand$2region                 0x00000297   Thumb Code     2  heapauxi.o(.text)
    __user_setup_stackheap                   0x00000299   Thumb Code    74  sys_stackheap_outer.o(.text)
    exit                                     0x000002e3   Thumb Code    18  exit.o(.text)
    __user_libspace                          0x000002f5   Thumb Code     8  libspace.o(.text)
    __user_perproc_libspace                  0x000002f5   Thumb Code     0  libspace.o(.text)
    __user_perthread_libspace                0x000002f5   Thumb Code     0  libspace.o(.text)
    _sys_exit                                0x00000301   Thumb Code     8  sys_exit.o(.text)
    __I$use$semihosting                      0x0000030d   Thumb Code     0  use_no_semi.o(.text)
    __use_no_semihosting_swi                 0x0000030d   Thumb Code     2  use_no_semi.o(.text)
    __semihosting_library_function           0x0000030f   Thumb Code     0  indicate_semi.o(.text)
    HardFault_Handler                        0x00000311   Thumb Code    22  ae_util.o(i.HardFault_Handler)
    SVC_Handler                              0x00000341   Thumb Code   296  hal.o(i.SVC_Handler)
    SystemInit                               0x00000469   Thumb Code   304  system_lpc17xx.o(i.SystemInit)
    TIMER0_IRQHandler                        0x000005a9   Thumb Code    98  timer.o(i.TIMER0_IRQHandler)
    UART0_IRQHandler                         0x00000619   Thumb Code   224  uart_irq.o(i.UART0_IRQHandler)
    add_message_to_mbx                       0x000007c5   Thumb Code   116  k_msg.o(i.add_message_to_mbx)
    add_task_to_back_priority_queue          0x0000083d   Thumb Code    38  k_task.o(i.add_task_to_back_priority_queue)
    add_tsk_to_front_of_high                 0x00000869   Thumb Code    24  k_task.o(i.add_tsk_to_front_of_high)
    ae_exit                                  0x00000885   Thumb Code     4  ae.o(i.ae_exit)
    ae_init                                  0x00000889   Thumb Code    48  ae.o(i.ae_init)
    ae_set_init_tasks_info                   0x000008b9   Thumb Code    22  ae.o(i.ae_set_init_tasks_info)
    ae_set_sys_info                          0x000008cf   Thumb Code    22  ae.o(i.ae_set_sys_info)
    block_recv_task                          0x000008e5   Thumb Code    58  k_task.o(i.block_recv_task)
    block_sending_mbx_queue                  0x00000925   Thumb Code   296  k_task.o(i.block_sending_mbx_queue)
    cleanup_mbx                              0x00000a65   Thumb Code    26  k_msg.o(i.cleanup_mbx)
    coalesce_binary_bit_array                0x00000a85   Thumb Code   256  k_mem.o(i.coalesce_binary_bit_array)
    convert_string_digit_to_int              0x00000b85   Thumb Code     8  wall_clock_task.o(i.convert_string_digit_to_int)
    count_set_bits                           0x00000b8d   Thumb Code    18  ae_util.o(i.count_set_bits)
    first_check_real_time_tasks_sending_priority_queue_for_any_blocked_real_time_tasks_and_freeing_these_in_order_of_priority_then_if_there_is_still_room_remaining_then_start_checking_sending_queue_for_non_real_time_task_corresponding_to_tid_mailbox_then_if_there_are_tasks_waiting_to_send_proceed_to_let_them_finish_the_send_as_long_as_there_is_enough_space_remaining_in_the_mailbox_and_ensure_the_sender_immediately_gives_control_back_to_receiver_after_sending_completes_and_loop_until_there_is_no_longer_enough_space_in_the_mailbox 0x00000ba1   Thumb Code   416  k_task.o(i.first_check_real_time_tasks_sending_priority_queue_for_any_blocked_real_time_tasks_and_freeing_these_in_order_of_priority_then_if_there_is_still_room_remaining_then_start_checking_sending_queue_for_non_real_time_task_corresponding_to_tid_mailbox_then_if_there_are_tasks_waiting_to_send_proceed_to_let_them_finish_the_send_as_long_as_there_is_enough_space_remaining_in_the_mailbox_and_ensure_the_sender_immediately_gives_control_back_to_receiver_after_sending_completes_and_loop_until_there_is_no_longer_enough_space_in_the_mailbox)
    gen_req0                                 0x00000d55   Thumb Code    72  ae_tasks1_g1.o(i.gen_req0)
    gen_req1                                 0x00000da1   Thumb Code    68  ae_tasks1_g1.o(i.gen_req1)
    get_tick                                 0x00000de9   Thumb Code    58  timer.o(i.get_tick)
    index_of_char                            0x00000e51   Thumb Code    68  kcd_task.o(i.index_of_char)
    init_ae_tsk_test                         0x00000e95   Thumb Code    96  ae_tasks1_g1.o(i.init_ae_tsk_test)
    init_printf                              0x00000f11   Thumb Code    10  printf.o(i.init_printf)
    k_mbx_create                             0x00000f25   Thumb Code   132  k_msg.o(i.k_mbx_create)
    k_mbx_get                                0x00000fb1   Thumb Code   110  k_msg.o(i.k_mbx_get)
    k_mbx_ls                                 0x00001029   Thumb Code    54  k_msg.o(i.k_mbx_ls)
    k_mem_init                               0x00001065   Thumb Code    48  k_mem.o(i.k_mem_init)
    k_mpool_alloc                            0x000010a5   Thumb Code   496  k_mem.o(i.k_mpool_alloc)
    k_mpool_create                           0x000012b9   Thumb Code   272  k_mem.o(i.k_mpool_create)
    k_mpool_dealloc                          0x000013f5   Thumb Code   384  k_mem.o(i.k_mpool_dealloc)
    k_mpool_dump                             0x000015a9   Thumb Code   114  k_mem.o(i.k_mpool_dump)
    k_pre_rtx_init                           0x00001665   Thumb Code    54  k_rtx_init.o(i.k_pre_rtx_init)
    k_recv_msg                               0x0000169d   Thumb Code   302  k_msg.o(i.k_recv_msg)
    k_recv_msg_nb                            0x000017d5   Thumb Code   314  k_msg.o(i.k_recv_msg_nb)
    k_rt_tsk_get                             0x00001919   Thumb Code    80  k_task.o(i.k_rt_tsk_get)
    k_rt_tsk_set                             0x00001975   Thumb Code   156  k_task.o(i.k_rt_tsk_set)
    k_rt_tsk_susp                            0x00001a21   Thumb Code    96  k_task.o(i.k_rt_tsk_susp)
    k_rtx_init                               0x00001a91   Thumb Code   104  k_rtx_init.o(i.k_rtx_init)
    k_send_msg                               0x00001afd   Thumb Code   314  k_msg.o(i.k_send_msg)
    k_send_msg_nb                            0x00001c41   Thumb Code   256  k_msg.o(i.k_send_msg_nb)
    k_set_uart                               0x00001d49   Thumb Code     8  k_task.o(i.k_set_uart)
    k_tsk_create                             0x00001d55   Thumb Code   166  k_task.o(i.k_tsk_create)
    k_tsk_create_new                         0x00001e05   Thumb Code   336  k_task.o(i.k_tsk_create_new)
    k_tsk_exit                               0x00001f5d   Thumb Code   326  k_task.o(i.k_tsk_exit)
    k_tsk_get                                0x000020bd   Thumb Code   334  k_task.o(i.k_tsk_get)
    k_tsk_gettid                             0x00002219   Thumb Code    36  k_task.o(i.k_tsk_gettid)
    k_tsk_init                               0x00002249   Thumb Code   296  k_task.o(i.k_tsk_init)
    k_tsk_init_cdisp                         0x0000238d   Thumb Code    24  k_task.o(i.k_tsk_init_cdisp)
    k_tsk_init_first                         0x000023a9   Thumb Code    22  k_task.o(i.k_tsk_init_first)
    k_tsk_init_kcd                           0x000023c5   Thumb Code    24  k_task.o(i.k_tsk_init_kcd)
    k_tsk_init_wall_clock                    0x000023e1   Thumb Code    24  k_task.o(i.k_tsk_init_wall_clock)
    k_tsk_ls                                 0x000023fd   Thumb Code    62  k_task.o(i.k_tsk_ls)
    k_tsk_run_new                            0x00002441   Thumb Code    94  k_task.o(i.k_tsk_run_new)
    k_tsk_set_prio                           0x000024a5   Thumb Code   642  k_task.o(i.k_tsk_set_prio)
    k_tsk_yield                              0x0000273d   Thumb Code    10  k_task.o(i.k_tsk_yield)
    log                                      0x00002747   Thumb Code    18  k_mem.o(i.log)
    main                                     0x00002759   Thumb Code    84  main.o(i.main)
    modify_priority_queue                    0x000027c1   Thumb Code   380  k_task.o(i.modify_priority_queue)
    modify_sending_mbx_queue                 0x00002951   Thumb Code    68  k_task.o(i.modify_sending_mbx_queue)
    needed_address                           0x000029a1   Thumb Code    28  k_mem.o(i.needed_address)
    pow                                      0x000029bd   Thumb Code    28  k_mem.o(i.pow)
    print_log                                0x000029d9   Thumb Code    42  ae_util.o(i.print_log)
    print_results                            0x00002a49   Thumb Code   118  ae_util.o(i.print_results)
    print_state_to_cdisp                     0x00002b69   Thumb Code   192  kcd_task.o(i.print_state_to_cdisp)
    print_summary                            0x00002c45   Thumb Code    22  ae_util.o(i.print_summary)
    process_sub_result                       0x00002c71   Thumb Code    46  ae_util.o(i.process_sub_result)
    putc                                     0x00002ca9   Thumb Code    28  uart_polling.o(i.putc)
    scheduler                                0x00002d49   Thumb Code    68  k_task.o(i.scheduler)
    send_not_valid_cmd                       0x00002d91   Thumb Code    40  wall_clock_task.o(i.send_not_valid_cmd)
    set_ae_init_tasks                        0x00002dd1   Thumb Code    24  ae_tasks1_g1.o(i.set_ae_init_tasks)
    set_ae_tasks                             0x00002ded   Thumb Code    64  ae_tasks1_g1.o(i.set_ae_tasks)
    sort_rt_tsk                              0x00002e31   Thumb Code   246  k_task.o(i.sort_rt_tsk)
    sort_time_increment                      0x00002f35   Thumb Code   200  k_task.o(i.sort_time_increment)
    strcpy                                   0x00003009   Thumb Code    32  ae_util.o(i.strcpy)
    task0                                    0x00003029   Thumb Code   266  ae_tasks1_g1.o(i.task0)
    task1                                    0x00003191   Thumb Code   244  ae_tasks1_g1.o(i.task1)
    task2                                    0x00003315   Thumb Code   202  ae_tasks1_g1.o(i.task2)
    task3                                    0x0000347d   Thumb Code   248  ae_tasks1_g1.o(i.task3)
    task_cdisp                               0x0000369d   Thumb Code   106  cdisp_task.o(i.task_cdisp)
    task_kcd                                 0x0000370d   Thumb Code   676  kcd_task.o(i.task_kcd)
    task_null                                0x000039d9   Thumb Code     6  null_task.o(i.task_null)
    task_wall_clock                          0x000039e1   Thumb Code   520  wall_clock_task.o(i.task_wall_clock)
    test0_start                              0x00003ca9   Thumb Code   264  ae_tasks1_g1.o(i.test0_start)
    test1_start                              0x00003e69   Thumb Code   370  ae_tasks1_g1.o(i.test1_start)
    test_abort                               0x000040dd   Thumb Code    36  ae_util.o(i.test_abort)
    test_exit                                0x00004149   Thumb Code    16  ae_util.o(i.test_exit)
    tfp_format                               0x0000416d   Thumb Code   296  printf.o(i.tfp_format)
    tfp_printf                               0x00004295   Thumb Code    34  printf.o(i.tfp_printf)
    tfp_sprintf                              0x000042c1   Thumb Code    38  printf.o(i.tfp_sprintf)
    timer_freerun_init                       0x000042ed   Thumb Code   136  timer.o(i.timer_freerun_init)
    timer_irq_init                           0x00004385   Thumb Code   114  timer.o(i.timer_irq_init)
    tsk_run_new_finish_send                  0x00004405   Thumb Code    78  k_task.o(i.tsk_run_new_finish_send)
    uart_init                                0x00004459   Thumb Code    96  uart_polling.o(i.uart_init)
    uart_irq_init                            0x000044c5   Thumb Code   144  uart_irq.o(i.uart_irq_init)
    uart_put_char                            0x00004561   Thumb Code    42  uart_polling.o(i.uart_put_char)
    uart_put_string                          0x00004595   Thumb Code    38  uart_polling.o(i.uart_put_string)
    unblock_recv_task                        0x00004611   Thumb Code    98  k_task.o(i.unblock_recv_task)
    update_ae_xtest                          0x00004679   Thumb Code    18  ae_tasks1_g1.o(i.update_ae_xtest)
    update_exec_seq                          0x00004691   Thumb Code    64  ae_tasks1_g1.o(i.update_exec_seq)
    PREFIX                                   0x000046d4   Data           7  ae_tasks1_g1.o(.constdata)
    PREFIX_LOG                               0x000046db   Data          11  ae_tasks1_g1.o(.constdata)
    PREFIX_LOG2                              0x000046e6   Data          12  ae_tasks1_g1.o(.constdata)
    Region$$Table$$Base                      0x000046f4   Number         0  anon$$obj.o(Region$$Table)
    Region$$Table$$Limit                     0x00004714   Number         0  anon$$obj.o(Region$$Table)
    g_buffer                                 0x10000000   Data          16  uart_irq.o(.data)
    g_send_char                              0x10000014   Data           1  uart_irq.o(.data)
    g_char_in                                0x10000015   Data           1  uart_irq.o(.data)
    g_tx_irq                                 0x10000016   Data           1  uart_irq.o(.data)
    g_switch_flag                            0x10000017   Data           1  uart_irq.o(.data)
    buffer_location                          0x10000018   Data           4  uart_irq.o(.data)
    g_timer_count                            0x1000001c   Data           4  timer.o(.data)
    last_pc                                  0x10000020   Data           4  timer.o(.data)
    k_lvls_RAM1                              0x10000024   Data           4  k_mem.o(.data)
    k_lvls_RAM2                              0x10000028   Data           4  k_mem.o(.data)
    size_RAM1                                0x1000002c   Data           4  k_mem.o(.data)
    size_RAM2                                0x10000030   Data           4  k_mem.o(.data)
    errno                                    0x10000034   Data           4  k_rtx_init.o(.data)
    gp_current_task                          0x10000038   Data           4  k_task.o(.data)
    g_num_active_tasks                       0x1000003c   Data           4  k_task.o(.data)
    num_of_rt_tasks                          0x10000040   Data           4  k_task.o(.data)
    is_uart                                  0x10000044   Data           1  k_task.o(.data)
    cont0                                    0x10000060   Data           1  ae_tasks1_g1.o(.data)
    cont1                                    0x10000061   Data           1  ae_tasks1_g1.o(.data)
    cont2                                    0x10000062   Data           1  ae_tasks1_g1.o(.data)
    cont3                                    0x10000063   Data           1  ae_tasks1_g1.o(.data)
    g_k_stacks                               0x10000064   Data          40  k_mem.o(.bss)
    free_list_array_RAM1                     0x1000008c   Data          32  k_mem.o(.bss)
    binary_bit_array_RAM1                    0x100000ac   Data          32  k_mem.o(.bss)
    free_list_array_RAM2                     0x100000cc   Data          44  k_mem.o(.bss)
    binary_bit_array_RAM2                    0x100000f8   Data         256  k_mem.o(.bss)
    mbx_lst                                  0x100001f8   Data          40  k_msg.o(.bss)
    g_tcbs                                   0x10000220   Data         480  k_task.o(.bss)
    sending_priority_queue                   0x10000400   Data          90  k_task.o(.bss)
    rt_sending_priority_queue                0x1000045a   Data          90  k_task.o(.bss)
    sending_priority_queue_beginning         0x100004b4   Data          40  k_task.o(.bss)
    rt_sending_priority_queue_task_count     0x100004dc   Data          40  k_task.o(.bss)
    rt_priority_queue                        0x10000504   Data         200  k_task.o(.bss)
    priority_queue                           0x100005cc   Data          20  k_task.o(.bss)
    __libspace_start                         0x100005e0   Data          96  libspace.o(.bss)
    __temporary_stack_top$libspace           0x10000640   Data           0  libspace.o(.bss)
    g_init_tasks                             0x10000640   Data          12  ae_tasks1_g1.o(.bss)
    g_ae_xtest                               0x1000064c   Data         132  ae_tasks1_g1.o(.bss)
    g_ae_cases                               0x100006d0   Data          16  ae_tasks1_g1.o(.bss)
    g_tsk_cases                              0x100006e0   Data         144  ae_tasks1_g1.o(.bss)
    g_buf1                                   0x10000770   Data         100  ae_tasks1_g1.o(.bss)
    g_buf2                                   0x100007d4   Data         100  ae_tasks1_g1.o(.bss)
    g_tasks                                  0x10000838   Data          10  ae_tasks1_g1.o(.bss)
    g_tids                                   0x10000842   Data          10  ae_tasks1_g1.o(.bss)



==============================================================================

Memory Map of the image

  Image Entry point : 0x000000cd

  Load Region LR_IROM1 (Base: 0x00000000, Size: 0x00004778, Max: 0x00080000, ABSOLUTE)

    Execution Region ER_IROM1 (Exec base: 0x00000000, Load base: 0x00000000, Size: 0x00004714, Max: 0x00080000, ABSOLUTE)

    Exec Addr    Load Addr    Size         Type   Attr      Idx    E Section Name        Object

    0x00000000   0x00000000   0x000000cc   Data   RO          876    RESET               startup_lpc17xx.o
    0x000000cc   0x000000cc   0x00000008   Code   RO          930  * !!!main             c_w.l(__main.o)
    0x000000d4   0x000000d4   0x00000034   Code   RO         1360    !!!scatter          c_w.l(__scatter.o)
    0x00000108   0x00000108   0x0000001a   Code   RO         1362    !!handler_copy      c_w.l(__scatter_copy.o)
    0x00000122   0x00000122   0x00000002   PAD
    0x00000124   0x00000124   0x0000001c   Code   RO         1364    !!handler_zi        c_w.l(__scatter_zi.o)
    0x00000140   0x00000140   0x00000002   Code   RO         1029    .ARM.Collect$$libinit$$00000000  c_w.l(libinit.o)
    0x00000142   0x00000142   0x00000000   Code   RO         1078    .ARM.Collect$$libinit$$00000002  c_w.l(libinit2.o)
    0x00000142   0x00000142   0x00000000   Code   RO         1080    .ARM.Collect$$libinit$$00000004  c_w.l(libinit2.o)
    0x00000142   0x00000142   0x00000000   Code   RO         1083    .ARM.Collect$$libinit$$0000000A  c_w.l(libinit2.o)
    0x00000142   0x00000142   0x00000000   Code   RO         1085    .ARM.Collect$$libinit$$0000000C  c_w.l(libinit2.o)
    0x00000142   0x00000142   0x00000000   Code   RO         1087    .ARM.Collect$$libinit$$0000000E  c_w.l(libinit2.o)
    0x00000142   0x00000142   0x00000000   Code   RO         1090    .ARM.Collect$$libinit$$00000011  c_w.l(libinit2.o)
    0x00000142   0x00000142   0x00000000   Code   RO         1092    .ARM.Collect$$libinit$$00000013  c_w.l(libinit2.o)
    0x00000142   0x00000142   0x00000000   Code   RO         1094    .ARM.Collect$$libinit$$00000015  c_w.l(libinit2.o)
    0x00000142   0x00000142   0x00000000   Code   RO         1096    .ARM.Collect$$libinit$$00000017  c_w.l(libinit2.o)
    0x00000142   0x00000142   0x00000000   Code   RO         1098    .ARM.Collect$$libinit$$00000019  c_w.l(libinit2.o)
    0x00000142   0x00000142   0x00000000   Code   RO         1100    .ARM.Collect$$libinit$$0000001B  c_w.l(libinit2.o)
    0x00000142   0x00000142   0x00000000   Code   RO         1102    .ARM.Collect$$libinit$$0000001D  c_w.l(libinit2.o)
    0x00000142   0x00000142   0x00000000   Code   RO         1104    .ARM.Collect$$libinit$$0000001F  c_w.l(libinit2.o)
    0x00000142   0x00000142   0x00000000   Code   RO         1106    .ARM.Collect$$libinit$$00000021  c_w.l(libinit2.o)
    0x00000142   0x00000142   0x00000000   Code   RO         1108    .ARM.Collect$$libinit$$00000023  c_w.l(libinit2.o)
    0x00000142   0x00000142   0x00000000   Code   RO         1110    .ARM.Collect$$libinit$$00000025  c_w.l(libinit2.o)
    0x00000142   0x00000142   0x00000000   Code   RO         1114    .ARM.Collect$$libinit$$0000002C  c_w.l(libinit2.o)
    0x00000142   0x00000142   0x00000000   Code   RO         1116    .ARM.Collect$$libinit$$0000002E  c_w.l(libinit2.o)
    0x00000142   0x00000142   0x00000000   Code   RO         1118    .ARM.Collect$$libinit$$00000030  c_w.l(libinit2.o)
    0x00000142   0x00000142   0x00000000   Code   RO         1120    .ARM.Collect$$libinit$$00000032  c_w.l(libinit2.o)
    0x00000142   0x00000142   0x00000002   Code   RO         1121    .ARM.Collect$$libinit$$00000033  c_w.l(libinit2.o)
    0x00000144   0x00000144   0x00000002   Code   RO         1317    .ARM.Collect$$libshutdown$$00000000  c_w.l(libshutdown.o)
    0x00000146   0x00000146   0x00000000   Code   RO         1343    .ARM.Collect$$libshutdown$$00000002  c_w.l(libshutdown2.o)
    0x00000146   0x00000146   0x00000000   Code   RO         1345    .ARM.Collect$$libshutdown$$00000004  c_w.l(libshutdown2.o)
    0x00000146   0x00000146   0x00000000   Code   RO         1348    .ARM.Collect$$libshutdown$$00000007  c_w.l(libshutdown2.o)
    0x00000146   0x00000146   0x00000000   Code   RO         1351    .ARM.Collect$$libshutdown$$0000000A  c_w.l(libshutdown2.o)
    0x00000146   0x00000146   0x00000000   Code   RO         1353    .ARM.Collect$$libshutdown$$0000000C  c_w.l(libshutdown2.o)
    0x00000146   0x00000146   0x00000000   Code   RO         1356    .ARM.Collect$$libshutdown$$0000000F  c_w.l(libshutdown2.o)
    0x00000146   0x00000146   0x00000002   Code   RO         1357    .ARM.Collect$$libshutdown$$00000010  c_w.l(libshutdown2.o)
    0x00000148   0x00000148   0x00000000   Code   RO          932    .ARM.Collect$$rtentry$$00000000  c_w.l(__rtentry.o)
    0x00000148   0x00000148   0x00000000   Code   RO          938    .ARM.Collect$$rtentry$$00000002  c_w.l(__rtentry2.o)
    0x00000148   0x00000148   0x00000006   Code   RO          950    .ARM.Collect$$rtentry$$00000004  c_w.l(__rtentry4.o)
    0x0000014e   0x0000014e   0x00000000   Code   RO          940    .ARM.Collect$$rtentry$$00000009  c_w.l(__rtentry2.o)
    0x0000014e   0x0000014e   0x00000004   Code   RO          941    .ARM.Collect$$rtentry$$0000000A  c_w.l(__rtentry2.o)
    0x00000152   0x00000152   0x00000000   Code   RO          943    .ARM.Collect$$rtentry$$0000000C  c_w.l(__rtentry2.o)
    0x00000152   0x00000152   0x00000008   Code   RO          944    .ARM.Collect$$rtentry$$0000000D  c_w.l(__rtentry2.o)
    0x0000015a   0x0000015a   0x00000002   Code   RO         1069    .ARM.Collect$$rtexit$$00000000  c_w.l(rtexit.o)
    0x0000015c   0x0000015c   0x00000000   Code   RO         1226    .ARM.Collect$$rtexit$$00000002  c_w.l(rtexit2.o)
    0x0000015c   0x0000015c   0x00000004   Code   RO         1227    .ARM.Collect$$rtexit$$00000003  c_w.l(rtexit2.o)
    0x00000160   0x00000160   0x00000006   Code   RO         1228    .ARM.Collect$$rtexit$$00000004  c_w.l(rtexit2.o)
    0x00000166   0x00000166   0x00000002   PAD
    0x00000168   0x00000168   0x00000008   Code   RO          244    .emb_text           hal.o
    0x00000170   0x00000170   0x00000032   Code   RO          499    .emb_text           k_task.o
    0x000001a2   0x000001a2   0x00000002   PAD
    0x000001a4   0x000001a4   0x0000003c   Code   RO          878    .text               startup_lpc17xx.o
    0x000001e0   0x000001e0   0x00000064   Code   RO          924    .text               c_w.l(rt_memcpy_w.o)
    0x00000244   0x00000244   0x0000004e   Code   RO          926    .text               c_w.l(rt_memclr_w.o)
    0x00000292   0x00000292   0x00000006   Code   RO          928    .text               c_w.l(heapauxi.o)
    0x00000298   0x00000298   0x0000004a   Code   RO         1016    .text               c_w.l(sys_stackheap_outer.o)
    0x000002e2   0x000002e2   0x00000012   Code   RO         1018    .text               c_w.l(exit.o)
    0x000002f4   0x000002f4   0x00000008   Code   RO         1066    .text               c_w.l(libspace.o)
    0x000002fc   0x000002fc   0x00000004   Code   RO          877    .ARM.__at_0x02FC    startup_lpc17xx.o
    0x00000300   0x00000300   0x0000000c   Code   RO         1223    .text               c_w.l(sys_exit.o)
    0x0000030c   0x0000030c   0x00000002   Code   RO         1306    .text               c_w.l(use_no_semi.o)
    0x0000030e   0x0000030e   0x00000000   Code   RO         1308    .text               c_w.l(indicate_semi.o)
    0x0000030e   0x0000030e   0x00000002   PAD
    0x00000310   0x00000310   0x00000030   Code   RO         1240    i.HardFault_Handler  ae-lib-sim.lib(ae_util.o)
    0x00000340   0x00000340   0x00000128   Code   RO          245    i.SVC_Handler       hal.o
    0x00000468   0x00000468   0x00000140   Code   RO          888    i.SystemInit        system_lpc17xx.o
    0x000005a8   0x000005a8   0x00000070   Code   RO          184    i.TIMER0_IRQHandler  timer.o
    0x00000618   0x00000618   0x000000f4   Code   RO           87    i.UART0_IRQHandler  uart_irq.o
    0x0000070c   0x0000070c   0x00000022   Code   RO           88    i.__NVIC_EnableIRQ  uart_irq.o
    0x0000072e   0x0000072e   0x00000002   PAD
    0x00000730   0x00000730   0x00000028   Code   RO           89    i.__NVIC_SetPriority  uart_irq.o
    0x00000758   0x00000758   0x00000032   Code   RO          710    i.a2d               printf.o
    0x0000078a   0x0000078a   0x0000003a   Code   RO          711    i.a2i               printf.o
    0x000007c4   0x000007c4   0x00000078   Code   RO          379    i.add_message_to_mbx  k_msg.o
    0x0000083c   0x0000083c   0x0000002c   Code   RO          500    i.add_task_to_back_priority_queue  k_task.o
    0x00000868   0x00000868   0x0000001c   Code   RO          501    i.add_tsk_to_front_of_high  k_task.o
    0x00000884   0x00000884   0x00000004   Code   RO         1030    i.ae_exit           ae-lib-sim.lib(ae.o)
    0x00000888   0x00000888   0x00000030   Code   RO         1031    i.ae_init           ae-lib-sim.lib(ae.o)
    0x000008b8   0x000008b8   0x00000016   Code   RO         1032    i.ae_set_init_tasks_info  ae-lib-sim.lib(ae.o)
    0x000008ce   0x000008ce   0x00000016   Code   RO         1033    i.ae_set_sys_info   ae-lib-sim.lib(ae.o)
    0x000008e4   0x000008e4   0x00000040   Code   RO          502    i.block_recv_task   k_task.o
    0x00000924   0x00000924   0x00000140   Code   RO          503    i.block_sending_mbx_queue  k_task.o
    0x00000a64   0x00000a64   0x00000020   Code   RO          380    i.cleanup_mbx       k_msg.o
    0x00000a84   0x00000a84   0x00000100   Code   RO          298    i.coalesce_binary_bit_array  k_mem.o
    0x00000b84   0x00000b84   0x00000008   Code   RO          850    i.convert_string_digit_to_int  wall_clock_task.o
    0x00000b8c   0x00000b8c   0x00000012   Code   RO         1241    i.count_set_bits    ae-lib-sim.lib(ae_util.o)
    0x00000b9e   0x00000b9e   0x00000002   PAD
    0x00000ba0   0x00000ba0   0x000001b4   Code   RO          504    i.first_check_real_time_tasks_sending_priority_queue_for_any_blocked_real_time_tasks_and_freeing_these_in_order_of_priority_then_if_there_is_still_room_remaining_then_start_checking_sending_queue_for_non_real_time_task_corresponding_to_tid_mailbox_then_if_there_are_tasks_waiting_to_send_proceed_to_let_them_finish_the_send_as_long_as_there_is_enough_space_remaining_in_the_mailbox_and_ensure_the_sender_immediately_gives_control_back_to_receiver_after_sending_completes_and_loop_until_there_is_no_longer_enough_space_in_the_mailbox  k_task.o
    0x00000d54   0x00000d54   0x0000004c   Code   RO         1122    i.gen_req0          ae-lib-sim.lib(ae_tasks1_g1.o)
    0x00000da0   0x00000da0   0x00000048   Code   RO         1123    i.gen_req1          ae-lib-sim.lib(ae_tasks1_g1.o)
    0x00000de8   0x00000de8   0x00000048   Code   RO          185    i.get_tick          timer.o
    0x00000e30   0x00000e30   0x00000020   Code   RO          712    i.i2a               printf.o
    0x00000e50   0x00000e50   0x00000044   Code   RO          802    i.index_of_char     kcd_task.o
    0x00000e94   0x00000e94   0x0000007c   Code   RO         1124    i.init_ae_tsk_test  ae-lib-sim.lib(ae_tasks1_g1.o)
    0x00000f10   0x00000f10   0x00000014   Code   RO          713    i.init_printf       printf.o
    0x00000f24   0x00000f24   0x0000008c   Code   RO          381    i.k_mbx_create      k_msg.o
    0x00000fb0   0x00000fb0   0x00000078   Code   RO          382    i.k_mbx_get         k_msg.o
    0x00001028   0x00001028   0x0000003c   Code   RO          383    i.k_mbx_ls          k_msg.o
    0x00001064   0x00001064   0x00000040   Code   RO          299    i.k_mem_init        k_mem.o
    0x000010a4   0x000010a4   0x00000214   Code   RO          300    i.k_mpool_alloc     k_mem.o
    0x000012b8   0x000012b8   0x0000013c   Code   RO          301    i.k_mpool_create    k_mem.o
    0x000013f4   0x000013f4   0x000001b4   Code   RO          302    i.k_mpool_dealloc   k_mem.o
    0x000015a8   0x000015a8   0x000000bc   Code   RO          303    i.k_mpool_dump      k_mem.o
    0x00001664   0x00001664   0x00000036   Code   RO          455    i.k_pre_rtx_init    k_rtx_init.o
    0x0000169a   0x0000169a   0x00000002   PAD
    0x0000169c   0x0000169c   0x00000138   Code   RO          384    i.k_recv_msg        k_msg.o
    0x000017d4   0x000017d4   0x00000144   Code   RO          385    i.k_recv_msg_nb     k_msg.o
    0x00001918   0x00001918   0x0000005c   Code   RO          505    i.k_rt_tsk_get      k_task.o
    0x00001974   0x00001974   0x000000ac   Code   RO          506    i.k_rt_tsk_set      k_task.o
    0x00001a20   0x00001a20   0x00000070   Code   RO          507    i.k_rt_tsk_susp     k_task.o
    0x00001a90   0x00001a90   0x0000006c   Code   RO          456    i.k_rtx_init        k_rtx_init.o
    0x00001afc   0x00001afc   0x00000144   Code   RO          386    i.k_send_msg        k_msg.o
    0x00001c40   0x00001c40   0x00000108   Code   RO          387    i.k_send_msg_nb     k_msg.o
    0x00001d48   0x00001d48   0x0000000c   Code   RO          508    i.k_set_uart        k_task.o
    0x00001d54   0x00001d54   0x000000b0   Code   RO          509    i.k_tsk_create      k_task.o
    0x00001e04   0x00001e04   0x00000158   Code   RO          510    i.k_tsk_create_new  k_task.o
    0x00001f5c   0x00001f5c   0x00000160   Code   RO          511    i.k_tsk_exit        k_task.o
    0x000020bc   0x000020bc   0x0000015c   Code   RO          512    i.k_tsk_get         k_task.o
    0x00002218   0x00002218   0x00000030   Code   RO          513    i.k_tsk_gettid      k_task.o
    0x00002248   0x00002248   0x00000144   Code   RO          514    i.k_tsk_init        k_task.o
    0x0000238c   0x0000238c   0x0000001c   Code   RO          515    i.k_tsk_init_cdisp  k_task.o
    0x000023a8   0x000023a8   0x0000001c   Code   RO          516    i.k_tsk_init_first  k_task.o
    0x000023c4   0x000023c4   0x0000001c   Code   RO          517    i.k_tsk_init_kcd    k_task.o
    0x000023e0   0x000023e0   0x0000001c   Code   RO          518    i.k_tsk_init_wall_clock  k_task.o
    0x000023fc   0x000023fc   0x00000044   Code   RO          519    i.k_tsk_ls          k_task.o
    0x00002440   0x00002440   0x00000064   Code   RO          520    i.k_tsk_run_new     k_task.o
    0x000024a4   0x000024a4   0x00000298   Code   RO          521    i.k_tsk_set_prio    k_task.o
    0x0000273c   0x0000273c   0x0000000a   Code   RO          522    i.k_tsk_yield       k_task.o
    0x00002746   0x00002746   0x00000012   Code   RO          304    i.log               k_mem.o
    0x00002758   0x00002758   0x00000068   Code   RO          956    i.main              ae-lib-sim.lib(main.o)
    0x000027c0   0x000027c0   0x00000190   Code   RO          523    i.modify_priority_queue  k_task.o
    0x00002950   0x00002950   0x00000050   Code   RO          524    i.modify_sending_mbx_queue  k_task.o
    0x000029a0   0x000029a0   0x0000001c   Code   RO          305    i.needed_address    k_mem.o
    0x000029bc   0x000029bc   0x0000001c   Code   RO          306    i.pow               k_mem.o
    0x000029d8   0x000029d8   0x00000070   Code   RO         1242    i.print_log         ae-lib-sim.lib(ae_util.o)
    0x00002a48   0x00002a48   0x00000120   Code   RO         1243    i.print_results     ae-lib-sim.lib(ae_util.o)
    0x00002b68   0x00002b68   0x000000dc   Code   RO          803    i.print_state_to_cdisp  kcd_task.o
    0x00002c44   0x00002c44   0x0000002c   Code   RO         1244    i.print_summary     ae-lib-sim.lib(ae_util.o)
    0x00002c70   0x00002c70   0x00000038   Code   RO         1245    i.process_sub_result  ae-lib-sim.lib(ae_util.o)
    0x00002ca8   0x00002ca8   0x00000044   Code   RO            4    i.putc              uart_polling.o
    0x00002cec   0x00002cec   0x00000052   Code   RO          714    i.putchw            printf.o
    0x00002d3e   0x00002d3e   0x0000000a   Code   RO          715    i.putcp             printf.o
    0x00002d48   0x00002d48   0x00000048   Code   RO          525    i.scheduler         k_task.o
    0x00002d90   0x00002d90   0x00000040   Code   RO          851    i.send_not_valid_cmd  wall_clock_task.o
    0x00002dd0   0x00002dd0   0x0000001c   Code   RO         1125    i.set_ae_init_tasks  ae-lib-sim.lib(ae_tasks1_g1.o)
    0x00002dec   0x00002dec   0x00000044   Code   RO         1126    i.set_ae_tasks      ae-lib-sim.lib(ae_tasks1_g1.o)
    0x00002e30   0x00002e30   0x00000104   Code   RO          526    i.sort_rt_tsk       k_task.o
    0x00002f34   0x00002f34   0x000000d4   Code   RO          527    i.sort_time_increment  k_task.o
    0x00003008   0x00003008   0x00000020   Code   RO         1246    i.strcpy            ae-lib-sim.lib(ae_util.o)
    0x00003028   0x00003028   0x00000168   Code   RO         1127    i.task0             ae-lib-sim.lib(ae_tasks1_g1.o)
    0x00003190   0x00003190   0x00000184   Code   RO         1128    i.task1             ae-lib-sim.lib(ae_tasks1_g1.o)
    0x00003314   0x00003314   0x00000168   Code   RO         1129    i.task2             ae-lib-sim.lib(ae_tasks1_g1.o)
    0x0000347c   0x0000347c   0x00000220   Code   RO         1130    i.task3             ae-lib-sim.lib(ae_tasks1_g1.o)
    0x0000369c   0x0000369c   0x00000070   Code   RO          775    i.task_cdisp        cdisp_task.o
    0x0000370c   0x0000370c   0x000002cc   Code   RO          804    i.task_kcd          kcd_task.o
    0x000039d8   0x000039d8   0x00000006   Code   RO          829    i.task_null         null_task.o
    0x000039de   0x000039de   0x00000002   PAD
    0x000039e0   0x000039e0   0x000002c8   Code   RO          852    i.task_wall_clock   wall_clock_task.o
    0x00003ca8   0x00003ca8   0x000001c0   Code   RO         1131    i.test0_start       ae-lib-sim.lib(ae_tasks1_g1.o)
    0x00003e68   0x00003e68   0x00000274   Code   RO         1132    i.test1_start       ae-lib-sim.lib(ae_tasks1_g1.o)
    0x000040dc   0x000040dc   0x0000006c   Code   RO         1247    i.test_abort        ae-lib-sim.lib(ae_util.o)
    0x00004148   0x00004148   0x00000024   Code   RO         1248    i.test_exit         ae-lib-sim.lib(ae_util.o)
    0x0000416c   0x0000416c   0x00000128   Code   RO          716    i.tfp_format        printf.o
    0x00004294   0x00004294   0x0000002c   Code   RO          717    i.tfp_printf        printf.o
    0x000042c0   0x000042c0   0x0000002c   Code   RO          718    i.tfp_sprintf       printf.o
    0x000042ec   0x000042ec   0x00000098   Code   RO          186    i.timer_freerun_init  timer.o
    0x00004384   0x00004384   0x00000080   Code   RO          187    i.timer_irq_init    timer.o
    0x00004404   0x00004404   0x00000054   Code   RO          528    i.tsk_run_new_finish_send  k_task.o
    0x00004458   0x00004458   0x0000006c   Code   RO            6    i.uart_init         uart_polling.o
    0x000044c4   0x000044c4   0x0000009c   Code   RO           90    i.uart_irq_init     uart_irq.o
    0x00004560   0x00004560   0x00000034   Code   RO            7    i.uart_put_char     uart_polling.o
    0x00004594   0x00004594   0x00000026   Code   RO            8    i.uart_put_string   uart_polling.o
    0x000045ba   0x000045ba   0x00000056   Code   RO          719    i.ui2a              printf.o
    0x00004610   0x00004610   0x00000068   Code   RO          529    i.unblock_recv_task  k_task.o
    0x00004678   0x00004678   0x00000018   Code   RO         1133    i.update_ae_xtest   ae-lib-sim.lib(ae_tasks1_g1.o)
    0x00004690   0x00004690   0x00000044   Code   RO         1134    i.update_exec_seq   ae-lib-sim.lib(ae_tasks1_g1.o)
    0x000046d4   0x000046d4   0x0000001e   Data   RO         1136    .constdata          ae-lib-sim.lib(ae_tasks1_g1.o)
    0x000046f2   0x000046f2   0x00000002   PAD
    0x000046f4   0x000046f4   0x00000020   Data   RO         1358    Region$$Table       anon$$obj.o


    Execution Region RW_IRAM1 (Exec base: 0x10000000, Load base: 0x00004714, Size: 0x00000a50, Max: 0x00007000, ABSOLUTE)

    Exec Addr    Load Addr    Size         Type   Attr      Idx    E Section Name        Object

    0x10000000   0x00004714   0x0000001c   Data   RW           91    .data               uart_irq.o
    0x1000001c   0x00004730   0x00000008   Data   RW          188    .data               timer.o
    0x10000024   0x00004738   0x00000010   Data   RW          309    .data               k_mem.o
    0x10000034   0x00004748   0x00000004   Data   RW          457    .data               k_rtx_init.o
    0x10000038   0x0000474c   0x0000000d   Data   RW          531    .data               k_task.o
    0x10000045   0x00004759   0x00000003   PAD
    0x10000048   0x0000475c   0x00000008   Data   RW          720    .data               printf.o
    0x10000050   0x00004764   0x00000010   Data   RW          957    .data               ae-lib-sim.lib(main.o)
    0x10000060   0x00004774   0x00000004   Data   RW         1137    .data               ae-lib-sim.lib(ae_tasks1_g1.o)
    0x10000064        -       0x00000194   Zero   RW          307    .bss                k_mem.o
    0x100001f8        -       0x00000028   Zero   RW          388    .bss                k_msg.o
    0x10000220        -       0x000003c0   Zero   RW          530    .bss                k_task.o
    0x100005e0        -       0x00000060   Zero   RW         1067    .bss                c_w.l(libspace.o)
    0x10000640        -       0x0000020c   Zero   RW         1135    .bss                ae-lib-sim.lib(ae_tasks1_g1.o)
    0x1000084c   0x00004778   0x00000004   PAD
    0x10000850        -       0x00000000   Zero   RW          875    HEAP                startup_lpc17xx.o
    0x10000850        -       0x00000200   Zero   RW          874    STACK               startup_lpc17xx.o


==============================================================================

Image component sizes


      Code (inc. data)   RO Data    RW Data    ZI Data      Debug   Object Name

       112          6          0          0          0       1193   cdisp_task.o
       304         24          0          0          0       5006   hal.o
      1866        222          0         16        404       9885   k_mem.o
      1696         72          0          0         40       7629   k_msg.o
       162          4          0          4          0       5710   k_rtx_init.o
      5088        336          0         13        960      28731   k_task.o
      1004         68          0          0          0       4570   kcd_task.o
         6          0          0          0          0        408   null_task.o
       722         26          0          8          0       6554   printf.o
        64         26        204          0        512       1024   startup_lpc17xx.o
       320         16          0          0          0        585   system_lpc17xx.o
       464         58          0          8          0      30248   timer.o
       474         40          0         28          0       7143   uart_irq.o
       266         62          0          0          0      24309   uart_polling.o
       784        216          0          0          0       2873   wall_clock_task.o

    ----------------------------------------------------------------------
     13340       1176        236         80       1916     135868   Object Totals
         0          0         32          0          0          0   (incl. Generated)
         8          0          0          3          0          0   (incl. Padding)

    ----------------------------------------------------------------------

      Code (inc. data)   RO Data    RW Data    ZI Data      Debug   Library Member Name

        96          0          0          0          0       5031   ae.o
      3188       1188         30          4        524      11016   ae_tasks1_g1.o
       742        390          0          0          0       5806   ae_util.o
       104         20          0         16          0       5039   main.o
         8          0          0          0          0         68   __main.o
         0          0          0          0          0          0   __rtentry.o
        12          0          0          0          0          0   __rtentry2.o
         6          0          0          0          0          0   __rtentry4.o
        52          8          0          0          0          0   __scatter.o
        26          0          0          0          0          0   __scatter_copy.o
        28          0          0          0          0          0   __scatter_zi.o
        18          0          0          0          0         80   exit.o
         6          0          0          0          0        152   heapauxi.o
         0          0          0          0          0          0   indicate_semi.o
         2          0          0          0          0          0   libinit.o
         2          0          0          0          0          0   libinit2.o
         2          0          0          0          0          0   libshutdown.o
         2          0          0          0          0          0   libshutdown2.o
         8          4          0          0         96         68   libspace.o
        78          0          0          0          0         80   rt_memclr_w.o
       100          0          0          0          0         80   rt_memcpy_w.o
         2          0          0          0          0          0   rtexit.o
        10          0          0          0          0          0   rtexit2.o
        12          4          0          0          0         68   sys_exit.o
        74          0          0          0          0         80   sys_stackheap_outer.o
         2          0          0          0          0         68   use_no_semi.o

    ----------------------------------------------------------------------
      4588       1614         32         20        624      27636   Library Totals
         8          0          2          0          4          0   (incl. Padding)

    ----------------------------------------------------------------------

      Code (inc. data)   RO Data    RW Data    ZI Data      Debug   Library Name

      4130       1598         30         20        524      26892   ae-lib-sim.lib
       450         16          0          0         96        744   c_w.l

    ----------------------------------------------------------------------
      4588       1614         32         20        624      27636   Library Totals

    ----------------------------------------------------------------------

==============================================================================


      Code (inc. data)   RO Data    RW Data    ZI Data      Debug   

     17928       2790        268        100       2540     157676   Grand Totals
     17928       2790        268        100       2540     157676   ELF Image Totals
     17928       2790        268        100          0          0   ROM Totals

==============================================================================

    Total RO  Size (Code + RO Data)                18196 (  17.77kB)
    Total RW  Size (RW Data + ZI Data)              2640 (   2.58kB)
    Total ROM Size (Code + RO Data + RW Data)      18296 (  17.87kB)

==============================================================================

