Component: ARM Compiler 5.06 update 6 (build 750) Tool: armlink [4d35ed]

==============================================================================

Section Cross References

    uart_polling.o(i.putc) refers to uart_polling.o(i.uart_put_string) for uart_put_string
    uart_polling.o(i.putc) refers to uart_polling.o(i.uart_put_char) for uart_put_char
    uart_polling.o(i.uart_put_string) refers to uart_polling.o(i.uart_put_char) for uart_put_char
    uart_irq.o(i.UART0_IRQHandler) refers to k_mem.o(i.k_mpool_alloc) for k_mpool_alloc
    uart_irq.o(i.UART0_IRQHandler) refers to k_msg.o(i.k_send_msg_nb) for k_send_msg_nb
    uart_irq.o(i.UART0_IRQHandler) refers to k_mem.o(i.k_mpool_dealloc) for k_mpool_dealloc
    uart_irq.o(i.UART0_IRQHandler) refers to k_task.o(i.k_set_uart) for k_set_uart
    uart_irq.o(i.UART0_IRQHandler) refers to k_msg.o(i.k_recv_msg_nb) for k_recv_msg_nb
    uart_irq.o(i.UART0_IRQHandler) refers to uart_irq.o(.data) for g_switch_flag
    uart_irq.o(i.uart_irq_init) refers to uart_irq.o(i.__NVIC_SetPriority) for __NVIC_SetPriority
    uart_irq.o(i.uart_irq_init) refers to uart_irq.o(i.__NVIC_EnableIRQ) for __NVIC_EnableIRQ
    timer.o(i.TIMER0_IRQHandler) refers to timer.o(i.get_tick) for get_tick
    timer.o(i.TIMER0_IRQHandler) refers to k_task.o(i.sort_time_increment) for sort_time_increment
    timer.o(i.TIMER0_IRQHandler) refers to timer.o(.data) for last_pc
    timer.o(i.timer_irq_init) refers to timer.o(.data) for g_timer_count
    hal.o(i.SVC_Handler) refers to k_rtx_init.o(i.k_rtx_init) for k_rtx_init
    hal.o(i.SVC_Handler) refers to k_mem.o(i.k_mpool_alloc) for k_mpool_alloc
    hal.o(i.SVC_Handler) refers to k_mem.o(i.k_mpool_dealloc) for k_mpool_dealloc
    hal.o(i.SVC_Handler) refers to k_mem.o(i.k_mpool_dump) for k_mpool_dump
    hal.o(i.SVC_Handler) refers to k_task.o(i.k_tsk_create) for k_tsk_create
    hal.o(i.SVC_Handler) refers to k_task.o(i.k_tsk_exit) for k_tsk_exit
    hal.o(i.SVC_Handler) refers to k_task.o(i.k_tsk_yield) for k_tsk_yield
    hal.o(i.SVC_Handler) refers to k_task.o(i.k_tsk_set_prio) for k_tsk_set_prio
    hal.o(i.SVC_Handler) refers to k_task.o(i.k_tsk_get) for k_tsk_get
    hal.o(i.SVC_Handler) refers to k_task.o(i.k_tsk_gettid) for k_tsk_gettid
    hal.o(i.SVC_Handler) refers to k_task.o(i.k_tsk_ls) for k_tsk_ls
    hal.o(i.SVC_Handler) refers to k_msg.o(i.k_mbx_create) for k_mbx_create
    hal.o(i.SVC_Handler) refers to k_msg.o(i.k_send_msg) for k_send_msg
    hal.o(i.SVC_Handler) refers to k_msg.o(i.k_send_msg_nb) for k_send_msg_nb
    hal.o(i.SVC_Handler) refers to k_msg.o(i.k_recv_msg) for k_recv_msg
    hal.o(i.SVC_Handler) refers to k_msg.o(i.k_recv_msg_nb) for k_recv_msg_nb
    hal.o(i.SVC_Handler) refers to k_msg.o(i.k_mbx_ls) for k_mbx_ls
    hal.o(i.SVC_Handler) refers to k_msg.o(i.k_mbx_get) for k_mbx_get
    hal.o(i.SVC_Handler) refers to k_task.o(i.k_rt_tsk_set) for k_rt_tsk_set
    hal.o(i.SVC_Handler) refers to k_task.o(i.k_rt_tsk_susp) for k_rt_tsk_susp
    hal.o(i.SVC_Handler) refers to k_task.o(i.k_rt_tsk_get) for k_rt_tsk_get
    k_mem.o(i.coalesce_binary_bit_array) refers to k_mem.o(i.pow) for pow
    k_mem.o(i.k_mem_init) refers to k_mem.o(i.k_mpool_create) for k_mpool_create
    k_mem.o(i.k_mpool_alloc) refers to k_mem.o(i.pow) for pow
    k_mem.o(i.k_mpool_alloc) refers to k_mem.o(i.needed_address) for needed_address
    k_mem.o(i.k_mpool_alloc) refers to k_rtx_init.o(.data) for errno
    k_mem.o(i.k_mpool_alloc) refers to k_mem.o(.data) for size_RAM1
    k_mem.o(i.k_mpool_alloc) refers to k_mem.o(.bss) for free_list_array_RAM1
    k_mem.o(i.k_mpool_create) refers to k_mem.o(i.log) for log
    k_mem.o(i.k_mpool_create) refers to k_rtx_init.o(.data) for errno
    k_mem.o(i.k_mpool_create) refers to k_mem.o(.data) for size_RAM1
    k_mem.o(i.k_mpool_create) refers to k_mem.o(.bss) for free_list_array_RAM1
    k_mem.o(i.k_mpool_dealloc) refers to k_mem.o(i.pow) for pow
    k_mem.o(i.k_mpool_dealloc) refers to k_mem.o(i.coalesce_binary_bit_array) for coalesce_binary_bit_array
    k_mem.o(i.k_mpool_dealloc) refers to k_mem.o(i.needed_address) for needed_address
    k_mem.o(i.k_mpool_dealloc) refers to k_rtx_init.o(.data) for errno
    k_mem.o(i.k_mpool_dealloc) refers to k_mem.o(.bss) for free_list_array_RAM1
    k_mem.o(i.k_mpool_dealloc) refers to k_mem.o(.data) for k_lvls_RAM1
    k_mem.o(i.k_mpool_dump) refers to k_mem.o(i.pow) for pow
    k_mem.o(i.k_mpool_dump) refers to printf.o(i.tfp_printf) for tfp_printf
    k_mem.o(i.k_mpool_dump) refers to k_mem.o(.bss) for free_list_array_RAM1
    k_mem.o(i.k_mpool_dump) refers to k_mem.o(.data) for k_lvls_RAM1
    k_mem.o(i.needed_address) refers to k_mem.o(i.pow) for pow
    k_msg.o(i.add_message_to_mbx) refers to k_task.o(i.unblock_recv_task) for unblock_recv_task
    k_msg.o(i.add_message_to_mbx) refers to k_msg.o(.bss) for mbx_lst
[...]
    sys_wrch.o(.text) refers (Special) to use_no_semi.o(.text) for __I$use$semihosting
    sys_wrch.o(.text) refers (Special) to indicate_semi.o(.text) for __semihosting_library_function
    defsig.o(CL$$defsig) refers to defsig_fpe_inner.o(.text) for __rt_SIGFPE_inner
    defsig.o(CL$$defsig) refers to defsig_rtmem_inner.o(.text) for __rt_SIGRTMEM_inner
    _get_argv_nomalloc.o(.text) refers (Special) to hrguard.o(.text) for __heap_region$guard
    _get_argv_nomalloc.o(.text) refers to defsig_rtmem_outer.o(.text) for __rt_SIGRTMEM
    _get_argv_nomalloc.o(.text) refers to sys_command.o(.text) for _sys_command_string
    libshutdown.o(.ARM.Collect$$libshutdown$$00000000) refers (Special) to libshutdown2.o(.ARM.Collect$$libshutdown$$00000002) for __rt_lib_shutdown_cpp_1
    libshutdown.o(.ARM.Collect$$libshutdown$$00000000) refers (Special) to libshutdown2.o(.ARM.Collect$$libshutdown$$00000007) for __rt_lib_shutdown_fp_trap_1
    libshutdown.o(.ARM.Collect$$libshutdown$$00000000) refers (Special) to libshutdown2.o(.ARM.Collect$$libshutdown$$0000000F) for __rt_lib_shutdown_heap_1
    libshutdown.o(.ARM.Collect$$libshutdown$$00000000) refers (Special) to libshutdown2.o(.ARM.Collect$$libshutdown$$00000010) for __rt_lib_shutdown_return
    libshutdown.o(.ARM.Collect$$libshutdown$$00000000) refers (Special) to libshutdown2.o(.ARM.Collect$$libshutdown$$0000000A) for __rt_lib_shutdown_signal_1
    libshutdown.o(.ARM.Collect$$libshutdown$$00000000) refers (Special) to libshutdown2.o(.ARM.Collect$$libshutdown$$00000004) for __rt_lib_shutdown_stdio_1
    libshutdown.o(.ARM.Collect$$libshutdown$$00000000) refers (Special) to libshutdown2.o(.ARM.Collect$$libshutdown$$0000000C) for __rt_lib_shutdown_user_alloc_1
    sys_command.o(.text) refers (Special) to use_no_semi.o(.text) for __I$use$semihosting
    sys_command.o(.text) refers (Special) to indicate_semi.o(.text) for __semihosting_library_function
    defsig_abrt_inner.o(.text) refers to defsig_general.o(.text) for __default_signal_display
    defsig_rtred_inner.o(.text) refers to defsig_general.o(.text) for __default_signal_display
    defsig_rtmem_inner.o(.text) refers to defsig_general.o(.text) for __default_signal_display
    defsig_rtmem_outer.o(.text) refers to defsig_rtmem_inner.o(.text) for __rt_SIGRTMEM_inner
    defsig_rtmem_outer.o(.text) refers to defsig_exit.o(.text) for __sig_exit
    defsig_rtmem_formal.o(.text) refers to rt_raise.o(.text) for __rt_raise
    defsig_stak_inner.o(.text) refers to defsig_general.o(.text) for __default_signal_display
    defsig_pvfn_inner.o(.text) refers to defsig_general.o(.text) for __default_signal_display
    defsig_cppl_inner.o(.text) refers to defsig_general.o(.text) for __default_signal_display
    defsig_segv_inner.o(.text) refers to defsig_general.o(.text) for __default_signal_display
    defsig_other.o(.text) refers to defsig_general.o(.text) for __default_signal_display


==============================================================================

Removing Unused input sections from the image.

    Removing uart_polling.o(.rev16_text), (4 bytes).
    Removing uart_polling.o(.revsh_text), (4 bytes).
    Removing uart_polling.o(.rrx_text), (6 bytes).
    Removing uart_polling.o(i.uart_get_char), (48 bytes).
    Removing uart_irq.o(.rev16_text), (4 bytes).
    Removing uart_irq.o(.revsh_text), (4 bytes).
    Removing uart_irq.o(.rrx_text), (6 bytes).
    Removing timer.o(.rev16_text), (4 bytes).
    Removing timer.o(.revsh_text), (4 bytes).
    Removing timer.o(.rrx_text), (6 bytes).
    Removing hal.o(.rev16_text), (4 bytes).
    Removing hal.o(.revsh_text), (4 bytes).
    Removing hal.o(.rrx_text), (6 bytes).
    Removing k_mem.o(.rev16_text), (4 bytes).
    Removing k_mem.o(.revsh_text), (4 bytes).
    Removing k_mem.o(.rrx_text), (6 bytes).
    Removing k_mem.o(.constdata), (8 bytes).
    Removing k_msg.o(.rev16_text), (4 bytes).
    Removing k_msg.o(.revsh_text), (4 bytes).
    Removing k_msg.o(.rrx_text), (6 bytes).
    Removing k_rtx_init.o(.rev16_text), (4 bytes).
    Removing k_rtx_init.o(.revsh_text), (4 bytes).
    Removing k_rtx_init.o(.rrx_text), (6 bytes).
    Removing k_rtx_init.o(i.k_get_sys_info), (6 bytes).
    Removing k_task.o(.rev16_text), (4 bytes).
    Removing k_task.o(.revsh_text), (4 bytes).
    Removing k_task.o(.rrx_text), (6 bytes).
    Removing cdisp_task.o(.rev16_text), (4 bytes).
    Removing cdisp_task.o(.revsh_text), (4 bytes).
    Removing cdisp_task.o(.rrx_text), (6 bytes).
    Removing null_task.o(.rev16_text), (4 bytes).
    Removing null_task.o(.revsh_text), (4 bytes).
    Removing null_task.o(.rrx_text), (6 bytes).
    Removing system_lpc17xx.o(.rev16_text), (4 bytes).
    Removing system_lpc17xx.o(.revsh_text), (4 bytes).
    Removing system_lpc17xx.o(.rrx_text), (6 bytes).
    Removing system_lpc17xx.o(i.SystemCoreClockUpdate), (424 bytes).
    Removing system_lpc17xx.o(.data), (4 bytes).
    Removing main.o(.rev16_text), (4 bytes).
    Removing main.o(.revsh_text), (4 bytes).

40 unused section(s) (total 652 bytes) removed from the image.

==============================================================================

Image Symbol Table

    Local Symbols

    Symbol Name                              Value     Ov Type        Size  Object(Section)

    ../clib/angel/boardlib.s                 0x00000000   Number         0  boardinit2.o ABSOLUTE
    ../clib/angel/boardlib.s                 0x00000000   Number         0  boardinit3.o ABSOLUTE
    ../clib/angel/boardlib.s                 0x00000000   Number         0  boardshut.o ABSOLUTE
    ../clib/angel/boardlib.s                 0x00000000   Number         0  boardinit1.o ABSOLUTE
    ../clib/angel/handlers.s                 0x00000000   Number         0  __scatter_copy.o ABSOLUTE
    ../clib/angel/handlers.s                 0x00000000   Number         0  __scatter_zi.o ABSOLUTE
    ../clib/angel/kernel.s                   0x00000000   Number         0  rtexit.o ABSOLUTE
    ../clib/angel/kernel.s                   0x00000000   Number         0  __rtentry2.o ABSOLUTE
    ../clib/angel/kernel.s                   0x00000000   Number         0  __rtentry4.o ABSOLUTE
    ../clib/angel/kernel.s                   0x00000000   Number         0  __rtentry.o ABSOLUTE
    ../clib/angel/kernel.s                   0x00000000   Number         0  rtexit2.o ABSOLUTE
    ../clib/angel/rt.s                       0x00000000   Number         0  aeabi_ldiv0.o ABSOLUTE
    ../clib/angel/rt.s                       0x00000000   Number         0  aeabi_ldiv0_sigfpe.o ABSOLUTE
    ../clib/angel/rt.s                       0x00000000   Number         0  rt_div0.o ABSOLUTE
    ../clib/angel/rt.s                       0x00000000   Number         0  rt_raise.o ABSOLUTE
    ../clib/angel/scatter.s                  0x00000000   Number         0  __scatter.o ABSOLUTE
    ../clib/angel/startup.s                  0x00000000   Number         0  __main.o ABSOLUTE
    ../clib/angel/sys.s                      0x00000000   Number         0  libspace.o ABSOLUTE
    ../clib/angel/sys.s                      0x00000000   Number         0  indicate_semi.o ABSOLUTE
    ../clib/angel/sys.s                      0x00000000   Number         0  use_no_semi.o ABSOLUTE
    ../clib/angel/sys.s                      0x00000000   Number         0  sys_stackheap_outer.o ABSOLUTE
    ../clib/angel/sysapp.c                   0x00000000   Number         0  sys_command.o ABSOLUTE
    ../clib/angel/sysapp.c                   0x00000000   Number         0  sys_wrch.o ABSOLUTE
    ../clib/angel/sysapp.c                   0x00000000   Number         0  sys_exit.o ABSOLUTE
    ../clib/armsys.c                         0x00000000   Number         0  argv_veneer.o ABSOLUTE
    ../clib/armsys.c                         0x00000000   Number         0  argv_veneer.o ABSOLUTE
    ../clib/armsys.c                         0x00000000   Number         0  _get_argv_nomalloc.o ABSOLUTE
    ../clib/armsys.c                         0x00000000   Number         0  no_argv.o ABSOLUTE
    ../clib/heapalloc.c                      0x00000000   Number         0  hrguard.o ABSOLUTE
    ../clib/heapaux.c                        0x00000000   Number         0  heapauxi.o ABSOLUTE
    ../clib/libinit.s                        0x00000000   Number         0  libshutdown2.o ABSOLUTE
    ../clib/libinit.s                        0x00000000   Number         0  libinit.o ABSOLUTE
    ../clib/libinit.s                        0x00000000   Number         0  libinit2.o ABSOLUTE
    ../clib/libinit.s                        0x00000000   Number         0  libshutdown.o ABSOLUTE
    ../clib/longlong.s                       0x00000000   Number         0  lludivv7m.o ABSOLUTE
    ../clib/memcpset.s                       0x00000000   Number         0  rt_memclr_w.o ABSOLUTE
    ../clib/memcpset.s                       0x00000000   Number         0  rt_memcpy_w.o ABSOLUTE
    ../clib/signal.c                         0x00000000   Number         0  defsig_abrt_inner.o ABSOLUTE
    ../clib/signal.c                         0x00000000   Number         0  defsig_fpe_inner.o ABSOLUTE
    ../clib/signal.c                         0x00000000   Number         0  defsig_fpe_formal.o ABSOLUTE
    ../clib/signal.c                         0x00000000   Number         0  defsig_exit.o ABSOLUTE
    ../clib/signal.c                         0x00000000   Number         0  defsig_other.o ABSOLUTE
    ../clib/signal.c                         0x00000000   Number         0  defsig_segv_inner.o ABSOLUTE
    ../clib/signal.c                         0x00000000   Number         0  defsig_general.o ABSOLUTE
    ../clib/signal.c                         0x00000000   Number         0  __raise.o ABSOLUTE
    ../clib/signal.c                         0x00000000   Number         0  defsig_cppl_inner.o ABSOLUTE
    ../clib/signal.c                         0x00000000   Number         0  defsig_pvfn_inner.o ABSOLUTE
    ../clib/signal.c                         0x00000000   Number         0  defsig_rtmem_formal.o ABSOLUTE
    ../clib/signal.c                         0x00000000   Number         0  defsig_fpe_outer.o ABSOLUTE
    ../clib/signal.c                         0x00000000   Number         0  defsig_rtmem_outer.o ABSOLUTE
    ../clib/signal.c                         0x00000000   Number         0  defsig_rtmem_inner.o ABSOLUTE
    ../clib/signal.c                         0x00000000   Number         0  defsig_rtred_inner.o ABSOLUTE
    ../clib/signal.c                         0x00000000   Number         0  defsig_stak_inner.o ABSOLUTE
    ../clib/signal.s                         0x00000000   Number         0  defsig.o ABSOLUTE
    ../clib/stdlib.c                         0x00000000   Number         0  exit.o ABSOLUTE
    ../fplib/fpinit.s                        0x00000000   Number         0  fpinit.o ABSOLUTE
    RTE\Device\LPC1768\startup_LPC17xx.s     0x00000000   Number         0  startup_lpc17xx.o ABSOLUTE
    RTE\Device\LPC1768\system_LPC17xx.c      0x00000000   Number         0  system_lpc17xx.o ABSOLUTE
    RTE\\Device\\LPC1768\\system_LPC17xx.c   0x00000000   Number         0  system_lpc17xx.o ABSOLUTE
    dc.s                                     0x00000000   Number         0  dc.o ABSOLUTE
    src\\bsp\\LPC1768\\timer.c               0x00000000   Number         0  timer.o ABSOLUTE
    src\\bsp\\LPC1768\\uart_irq.c            0x00000000   Number         0  uart_irq.o ABSOLUTE
    src\\bsp\\LPC1768\\uart_polling.c        0x00000000   Number         0  uart_polling.o ABSOLUTE
    src\\kernel\\HAL.c                       0x00000000   Number         0  hal.o ABSOLUTE
    src\\kernel\\k_mem.c                     0x00000000   Number         0  k_mem.o ABSOLUTE
    src\\kernel\\k_msg.c                     0x00000000   Number         0  k_msg.o ABSOLUTE
    src\\kernel\\k_rtx_init.c                0x00000000   Number         0  k_rtx_init.o ABSOLUTE
    src\\kernel\\k_task.c                    0x00000000   Number         0  k_task.o ABSOLUTE
    src\\main.c                              0x00000000   Number         0  main.o ABSOLUTE
    src\\tasks\\cdisp_task.c                 0x00000000   Number         0  cdisp_task.o ABSOLUTE
    src\\tasks\\null_task.c                  0x00000000   Number         0  null_task.o ABSOLUTE
    src\ae\ae.c                              0x00000000   Number         0  ae.o ABSOLUTE
    src\ae\ae_tasks1_G1.c                    0x00000000   Number         0  ae_tasks1_g1.o ABSOLUTE
    src\ae\ae_util.c                         0x00000000   Number         0  ae_util.o ABSOLUTE
    src\bsp\LPC1768\timer.c                  0x00000000   Number         0  timer.o ABSOLUTE
    src\bsp\LPC1768\uart_irq.c               0x00000000   Number         0  uart_irq.o ABSOLUTE
    src\bsp\LPC1768\uart_polling.c           0x00000000   Number         0  uart_polling.o ABSOLUTE
    src\kernel\HAL.c                         0x00000000   Number         0  hal.o ABSOLUTE
    src\kernel\k_mem.c                       0x00000000   Number         0  k_mem.o ABSOLUTE
    src\kernel\k_msg.c                       0x00000000   Number         0  k_msg.o ABSOLUTE
    src\kernel\k_rtx_init.c                  0x00000000   Number         0  k_rtx_init.o ABSOLUTE
    src\kernel\k_task.c                      0x00000000   Number         0  k_task.o ABSOLUTE
    src\libu\printf.c                        0x00000000   Number         0  printf.o ABSOLUTE
    src\main.c                               0x00000000   Number         0  main.o ABSOLUTE
    src\tasks\cdisp_task.c                   0x00000000   Number         0  cdisp_task.o ABSOLUTE
    src\tasks\kcd_task.c                     0x00000000   Number         0  kcd_task.o ABSOLUTE
    src\tasks\null_task.c                    0x00000000   Number         0  null_task.o ABSOLUTE
    src\tasks\wall_clock_task.c              0x00000000   Number         0  wall_clock_task.o ABSOLUTE
    RESET                                    0x10000000   Section      204  startup_lpc17xx.o(RESET)
    !!!main                                  0x100000cc   Section        8  __main.o(!!!main)
    !!!scatter                               0x100000d4   Section       52  __scatter.o(!!!scatter)
    !!handler_copy                           0x10000108   Section       26  __scatter_copy.o(!!handler_copy)
    !!handler_zi                             0x10000124   Section       28  __scatter_zi.o(!!handler_zi)
    .ARM.Collect$$libinit$$00000000          0x10000140   Section        2  libinit.o(.ARM.Collect$$libinit$$00000000)
    .ARM.Collect$$libinit$$00000002          0x10000142   Section        0  libinit2.o(.ARM.Collect$$libinit$$00000002)
    .ARM.Collect$$libinit$$00000004          0x10000142   Section        0  libinit2.o(.ARM.Collect$$libinit$$00000004)
    .ARM.Collect$$libinit$$0000000A          0x10000142   Section        0  libinit2.o(.ARM.Collect$$libinit$$0000000A)
    .ARM.Collect$$libinit$$0000000C          0x10000142   Section        0  libinit2.o(.ARM.Collect$$libinit$$0000000C)
    .ARM.Collect$$libinit$$0000000E          0x10000142   Section        0  libinit2.o(.ARM.Collect$$libinit$$0000000E)
    .ARM.Collect$$libinit$$00000011          0x10000142   Section        0  libinit2.o(.ARM.Collect$$libinit$$00000011)
    .ARM.Collect$$libinit$$00000013          0x10000142   Section        0  libinit2.o(.ARM.Collect$$libinit$$00000013)
    .ARM.Collect$$libinit$$00000015          0x10000142   Section        0  libinit2.o(.ARM.Collect$$libinit$$00000015)
    .ARM.Collect$$libinit$$00000017          0x10000142   Section        0  libinit2.o(.ARM.Collect$$libinit$$00000017)
    .ARM.Collect$$libinit$$00000019          0x10000142   Section        0  libinit2.o(.ARM.Collect$$libinit$$00000019)
    .ARM.Collect$$libinit$$0000001B          0x10000142   Section        0  libinit2.o(.ARM.Collect$$libinit$$0000001B)
    .ARM.Collect$$libinit$$0000001D          0x10000142   Section        0  libinit2.o(.ARM.Collect$$libinit$$0000001D)
    .ARM.Collect$$libinit$$0000001F          0x10000142   Section        0  libinit2.o(.ARM.Collect$$libinit$$0000001F)
    .ARM.Collect$$libinit$$00000021          0x10000142   Section        0  libinit2.o(.ARM.Collect$$libinit$$00000021)
    .ARM.Collect$$libinit$$00000023          0x10000142   Section        0  libinit2.o(.ARM.Collect$$libinit$$00000023)
    .ARM.Collect$$libinit$$00000025          0x10000142   Section        0  libinit2.o(.ARM.Collect$$libinit$$00000025)
    .ARM.Collect$$libinit$$0000002C          0x10000142   Section        0  libinit2.o(.ARM.Collect$$libinit$$0000002C)
    .ARM.Collect$$libinit$$0000002E          0x10000142   Section        0  libinit2.o(.ARM.Collect$$libinit$$0000002E)
    .ARM.Collect$$libinit$$00000030          0x10000142   Section        0  libinit2.o(.ARM.Collect$$libinit$$00000030)
    .ARM.Collect$$libinit$$00000032          0x10000142   Section        0  libinit2.o(.ARM.Collect$$libinit$$00000032)
    .ARM.Collect$$libinit$$00000033          0x10000142   Section        2  libinit2.o(.ARM.Collect$$libinit$$00000033)
    .ARM.Collect$$libshutdown$$00000000      0x10000144   Section        2  libshutdown.o(.ARM.Collect$$libshutdown$$00000000)
    .ARM.Collect$$libshutdown$$00000002      0x10000146   Section        0  libshutdown2.o(.ARM.Collect$$libshutdown$$00000002)
    .ARM.Collect$$libshutdown$$00000004      0x10000146   Section        0  libshutdown2.o(.ARM.Collect$$libshutdown$$00000004)
    .ARM.Collect$$libshutdown$$00000007      0x10000146   Section        0  libshutdown2.o(.ARM.Collect$$libshutdown$$00000007)
    .ARM.Collect$$libshutdown$$0000000A      0x10000146   Section        0  libshutdown2.o(.ARM.Collect$$libshutdown$$0000000A)
    .ARM.Collect$$libshutdown$$0000000C      0x10000146   Section        0  libshutdown2.o(.ARM.Collect$$libshutdown$$0000000C)
    .ARM.Collect$$libshutdown$$0000000F      0x10000146   Section        0  libshutdown2.o(.ARM.Collect$$libshutdown$$0000000F)
    .ARM.Collect$$libshutdown$$00000010      0x10000146   Section        2  libshutdown2.o(.ARM.Collect$$libshutdown$$00000010)
    .ARM.Collect$$rtentry$$00000000          0x10000148   Section        0  __rtentry.o(.ARM.Collect$$rtentry$$00000000)
    .ARM.Collect$$rtentry$$00000002          0x10000148   Section        0  __rtentry2.o(.ARM.Collect$$rtentry$$00000002)
    .ARM.Collect$$rtentry$$00000004          0x10000148   Section        6  __rtentry4.o(.ARM.Collect$$rtentry$$00000004)
    .ARM.Collect$$rtentry$$00000009          0x1000014e   Section        0  __rtentry2.o(.ARM.Collect$$rtentry$$00000009)
    .ARM.Collect$$rtentry$$0000000A          0x1000014e   Section        4  __rtentry2.o(.ARM.Collect$$rtentry$$0000000A)
    .ARM.Collect$$rtentry$$0000000C          0x10000152   Section        0  __rtentry2.o(.ARM.Collect$$rtentry$$0000000C)
    .ARM.Collect$$rtentry$$0000000D          0x10000152   Section        8  __rtentry2.o(.ARM.Collect$$rtentry$$0000000D)
    .ARM.Collect$$rtexit$$00000000           0x1000015a   Section        2  rtexit.o(.ARM.Collect$$rtexit$$00000000)
    .ARM.Collect$$rtexit$$00000002           0x1000015c   Section        0  rtexit2.o(.ARM.Collect$$rtexit$$00000002)
    .ARM.Collect$$rtexit$$00000003           0x1000015c   Section        4  rtexit2.o(.ARM.Collect$$rtexit$$00000003)
    .ARM.Collect$$rtexit$$00000004           0x10000160   Section        6  rtexit2.o(.ARM.Collect$$rtexit$$00000004)
    .emb_text                                0x10000168   Section        8  hal.o(.emb_text)
    .emb_text                                0x10000170   Section       50  k_task.o(.emb_text)
    .text                                    0x100001a4   Section       60  startup_lpc17xx.o(.text)
    .text                                    0x100001e0   Section      100  rt_memcpy_w.o(.text)
    .text                                    0x10000244   Section       78  rt_memclr_w.o(.text)
    .text                                    0x10000292   Section        0  heapauxi.o(.text)
    .text                                    0x10000298   Section       74  sys_stackheap_outer.o(.text)
    .text                                    0x100002e2   Section        0  exit.o(.text)
    .text                                    0x100002f4   Section        8  libspace.o(.text)
    .text                                    0x100002fc   Section        0  sys_exit.o(.text)
    .text                                    0x10000308   Section        2  use_no_semi.o(.text)
    .text                                    0x1000030a   Section        0  indicate_semi.o(.text)
    i.HardFault_Handler                      0x1000030c   Section        0  ae_util.o(i.HardFault_Handler)
    i.SVC_Handler                            0x1000033c   Section        0  hal.o(i.SVC_Handler)
    i.SystemInit                             0x10000464   Section        0  system_lpc17xx.o(i.SystemInit)
    i.TIMER0_IRQHandler                      0x100005a4   Section        0  timer.o(i.TIMER0_IRQHandler)
    i.UART0_IRQHandler                       0x10000614   Section        0  uart_irq.o(i.UART0_IRQHandler)
    i.__NVIC_EnableIRQ                       0x10000708   Section        0  uart_irq.o(i.__NVIC_EnableIRQ)
    __NVIC_EnableIRQ                         0x10000709   Thumb Code    34  uart_irq.o(i.__NVIC_EnableIRQ)
    i.__NVIC_SetPriority                     0x1000072c   Section        0  uart_irq.o(i.__NVIC_SetPriority)
    __NVIC_SetPriority                       0x1000072d   Thumb Code    32  uart_irq.o(i.__NVIC_SetPriority)
    i.a2d                                    0x10000754   Section        0  printf.o(i.a2d)
    a2d                                      0x10000755   Thumb Code    50  printf.o(i.a2d)
    i.a2i                                    0x10000786   Section        0  printf.o(i.a2i)
    a2i                                      0x10000787   Thumb Code    58  printf.o(i.a2i)
    i.add_message_to_mbx                     0x100007c0   Section        0  k_msg.o(i.add_message_to_mbx)
    i.add_task_to_back_priority_queue        0x10000838   Section        0  k_task.o(i.add_task_to_back_priority_queue)
    i.add_tsk_to_front_of_high               0x10000864   Section        0  k_task.o(i.add_tsk_to_front_of_high)
    i.ae_exit                                0x10000880   Section        0  ae.o(i.ae_exit)
    i.ae_init                                0x10000884   Section        0  ae.o(i.ae_init)
    i.ae_set_init_tasks_info                 0x100008b4   Section        0  ae.o(i.ae_set_init_tasks_info)
    i.ae_set_sys_info                        0x100008ca   Section        0  ae.o(i.ae_set_sys_info)
    i.block_recv_task                        0x100008e0   Section        0  k_task.o(i.block_recv_task)
    i.block_sending_mbx_queue                0x10000920   Section        0  k_task.o(i.block_sending_mbx_queue)
    i.cleanup_mbx                            0x10000a60   Section        0  k_msg.o(i.cleanup_mbx)
    i.coalesce_binary_bit_array              0x10000a80   Section        0  k_mem.o(i.coalesce_binary_bit_array)
    i.convert_string_digit_to_int            0x10000b80   Section        0  wall_clock_task.o(i.convert_string_digit_to_int)
    i.count_set_bits                         0x10000b88   Section        0  ae_util.o(i.count_set_bits)
    i.first_check_real_time_tasks_sending_priority_queue_for_any_blocked_real_time_tasks_and_freeing_these_in_order_of_priority_then_if_there_is_still_room_remaining_then_start_checking_sending_queue_for_non_real_time_task_corresponding_to_tid_mailbox_then_if_there_are_tasks_waiting_to_send_proceed_to_let_them_finish_the_send_as_long_as_there_is_enough_space_remaining_in_the_mailbox_and_ensure_the_sender_immediately_gives_control_back_to_receiver_after_sending_completes_and_loop_until_there_is_no_longer_enough_space_in_the_mailbox 0x10000b9c   Section        0  k_task.o(i.first_check_real_time_tasks_sending_priority_queue_for_any_blocked_real_time_tasks_and_freeing_these_in_order_of_priority_then_if_there_is_still_room_remaining_then_start_checking_sending_queue_for_non_real_time_task_corresponding_to_tid_mailbox_then_if_there_are_tasks_waiting_to_send_proceed_to_let_them_finish_the_send_as_long_as_there_is_enough_space_remaining_in_the_mailbox_and_ensure_the_sender_immediately_gives_control_back_to_receiver_after_sending_completes_and_loop_until_there_is_no_longer_enough_space_in_the_mailbox)
    i.gen_req0                               0x10000d50   Section        0  ae_tasks1_g1.o(i.gen_req0)
    i.gen_req1                               0x10000d9c   Section        0  ae_tasks1_g1.o(i.gen_req1)
    i.get_tick                               0x10000de4   Section        0  timer.o(i.get_tick)
    i.i2a                                    0x10000e2c   Section        0  printf.o(i.i2a)
    i2a                                      0x10000e2d   Thumb Code    32  printf.o(i.i2a)
    i.index_of_char                          0x10000e4c   Section        0  kcd_task.o(i.index_of_char)
    i.init_ae_tsk_test                       0x10000e90   Section        0  ae_tasks1_g1.o(i.init_ae_tsk_test)
    i.init_printf                            0x10000f0c   Section        0  printf.o(i.init_printf)
    i.k_mbx_create                           0x10000f20   Section        0  k_msg.o(i.k_mbx_create)
    i.k_mbx_get                              0x10000fac   Section        0  k_msg.o(i.k_mbx_get)
    i.k_mbx_ls                               0x10001024   Section        0  k_msg.o(i.k_mbx_ls)
    i.k_mem_init                             0x10001060   Section        0  k_mem.o(i.k_mem_init)
    i.k_mpool_alloc                          0x100010a0   Section        0  k_mem.o(i.k_mpool_alloc)
    i.k_mpool_create                         0x100012b4   Section        0  k_mem.o(i.k_mpool_create)
    i.k_mpool_dealloc                        0x100013f0   Section        0  k_mem.o(i.k_mpool_dealloc)
    i.k_mpool_dump                           0x100015a4   Section        0  k_mem.o(i.k_mpool_dump)
    i.k_pre_rtx_init                         0x10001660   Section        0  k_rtx_init.o(i.k_pre_rtx_init)
    i.k_recv_msg                             0x10001698   Section        0  k_msg.o(i.k_recv_msg)
    i.k_recv_msg_nb                          0x100017d0   Section        0  k_msg.o(i.k_recv_msg_nb)
    i.k_rt_tsk_get                           0x10001914   Section        0  k_task.o(i.k_rt_tsk_get)
    i.k_rt_tsk_set                           0x10001970   Section        0  k_task.o(i.k_rt_tsk_set)
    i.k_rt_tsk_susp                          0x10001a1c   Section        0  k_task.o(i.k_rt_tsk_susp)
    i.k_rtx_init                             0x10001a8c   Section        0  k_rtx_init.o(i.k_rtx_init)
    i.k_send_msg                             0x10001af8   Section        0  k_msg.o(i.k_send_msg)
    i.k_send_msg_nb                          0x10001c3c   Section        0  k_msg.o(i.k_send_msg_nb)
    i.k_set_uart                             0x10001d44   Section        0  k_task.o(i.k_set_uart)
    i.k_tsk_create                           0x10001d50   Section        0  k_task.o(i.k_tsk_create)
    i.k_tsk_create_new                       0x10001e00   Section        0  k_task.o(i.k_tsk_create_new)
    i.k_tsk_exit                             0x10001f58   Section        0  k_task.o(i.k_tsk_exit)
    i.k_tsk_get                              0x100020b8   Section        0  k_task.o(i.k_tsk_get)
    i.k_tsk_gettid                           0x10002214   Section        0  k_task.o(i.k_tsk_gettid)
    i.k_tsk_init                             0x10002244   Section        0  k_task.o(i.k_tsk_init)
    i.k_tsk_init_cdisp                       0x10002388   Section        0  k_task.o(i.k_tsk_init_cdisp)
    i.k_tsk_init_first                       0x100023a4   Section        0  k_task.o(i.k_tsk_init_first)
    i.k_tsk_init_kcd                         0x100023c0   Section        0  k_task.o(i.k_tsk_init_kcd)
    i.k_tsk_init_wall_clock                  0x100023dc   Section        0  k_task.o(i.k_tsk_init_wall_clock)
    i.k_tsk_ls                               0x100023f8   Section        0  k_task.o(i.k_tsk_ls)
    i.k_tsk_run_new                          0x1000243c   Section        0  k_task.o(i.k_tsk_run_new)
    i.k_tsk_set_prio                         0x100024a0   Section        0  k_task.o(i.k_tsk_set_prio)
    i.k_tsk_yield                            0x10002738   Section        0  k_task.o(i.k_tsk_yield)
    i.log                                    0x10002742   Section        0  k_mem.o(i.log)
    i.main                                   0x10002754   Section        0  main.o(i.main)
    i.modify_priority_queue                  0x100027bc   Section        0  k_task.o(i.modify_priority_queue)
    i.modify_sending_mbx_queue               0x1000294c   Section        0  k_task.o(i.modify_sending_mbx_queue)
    i.needed_address                         0x1000299c   Section        0  k_mem.o(i.needed_address)
    i.pow                                    0x100029b8   Section        0  k_mem.o(i.pow)
    i.print_log                              0x100029d4   Section        0  ae_util.o(i.print_log)
    i.print_results                          0x10002a44   Section        0  ae_util.o(i.print_results)
    i.print_state_to_cdisp                   0x10002b64   Section        0  kcd_task.o(i.print_state_to_cdisp)
    i.print_summary                          0x10002c40   Section        0  ae_util.o(i.print_summary)
    i.process_sub_result                     0x10002c6c   Section        0  ae_util.o(i.process_sub_result)
    i.putc                                   0x10002ca4   Section        0  uart_polling.o(i.putc)
    i.putchw                                 0x10002ce8   Section        0  printf.o(i.putchw)
    putchw                                   0x10002ce9   Thumb Code    82  printf.o(i.putchw)
    i.putcp                                  0x10002d3a   Section        0  printf.o(i.putcp)
    putcp                                    0x10002d3b   Thumb Code    10  printf.o(i.putcp)
    i.scheduler                              0x10002d44   Section        0  k_task.o(i.scheduler)
    i.send_not_valid_cmd                     0x10002d8c   Section        0  wall_clock_task.o(i.send_not_valid_cmd)
    i.set_ae_init_tasks                      0x10002dcc   Section        0  ae_tasks1_g1.o(i.set_ae_init_tasks)
    i.set_ae_tasks                           0x10002de8   Section        0  ae_tasks1_g1.o(i.set_ae_tasks)
    i.sort_rt_tsk                            0x10002e2c   Section        0  k_task.o(i.sort_rt_tsk)
    i.sort_time_increment                    0x10002f30   Section        0  k_task.o(i.sort_time_increment)
    i.strcpy                                 0x10003004   Section        0  ae_util.o(i.strcpy)
    i.task0                                  0x10003024   Section        0  ae_tasks1_g1.o(i.task0)
    i.task1                                  0x1000318c   Section        0  ae_tasks1_g1.o(i.task1)
    i.task2                                  0x10003310   Section        0  ae_tasks1_g1.o(i.task2)
    i.task3                                  0x10003478   Section        0  ae_tasks1_g1.o(i.task3)
    i.task_cdisp                             0x10003698   Section        0  cdisp_task.o(i.task_cdisp)
    i.task_kcd                               0x10003708   Section        0  kcd_task.o(i.task_kcd)
    i.task_null                              0x100039d4   Section        0  null_task.o(i.task_null)
    i.task_wall_clock                        0x100039dc   Section        0  wall_clock_task.o(i.task_wall_clock)
    i.test0_start                            0x10003ca4   Section        0  ae_tasks1_g1.o(i.test0_start)
    i.test1_start                            0x10003e64   Section        0  ae_tasks1_g1.o(i.test1_start)
    i.test_abort                             0x100040d8   Section        0  ae_util.o(i.test_abort)
    i.test_exit                              0x10004144   Section        0  ae_util.o(i.test_exit)
    i.tfp_format                             0x10004168   Section        0  printf.o(i.tfp_format)
    i.tfp_printf                             0x10004290   Section        0  printf.o(i.tfp_printf)
    i.tfp_sprintf                            0x100042bc   Section        0  printf.o(i.tfp_sprintf)
    i.timer_freerun_init                     0x100042e8   Section        0  timer.o(i.timer_freerun_init)
    i.timer_irq_init                         0x10004380   Section        0  timer.o(i.timer_irq_init)
    i.tsk_run_new_finish_send                0x10004400   Section        0  k_task.o(i.tsk_run_new_finish_send)
    i.uart_init                              0x10004454   Section        0  uart_polling.o(i.uart_init)
    i.uart_irq_init                          0x100044c0   Section        0  uart_irq.o(i.uart_irq_init)
    i.uart_put_char                          0x1000455c   Section        0  uart_polling.o(i.uart_put_char)
    i.uart_put_string                        0x10004590   Section        0  uart_polling.o(i.uart_put_string)
    i.ui2a                                   0x100045b6   Section        0  printf.o(i.ui2a)
    ui2a                                     0x100045b7   Thumb Code    86  printf.o(i.ui2a)
    i.unblock_recv_task                      0x1000460c   Section        0  k_task.o(i.unblock_recv_task)
    i.update_ae_xtest                        0x10004674   Section        0  ae_tasks1_g1.o(i.update_ae_xtest)
    i.update_exec_seq                        0x1000468c   Section        0  ae_tasks1_g1.o(i.update_exec_seq)
    .constdata                               0x100046d0   Section       30  ae_tasks1_g1.o(.constdata)
    .data                                    0x10005000   Section       28  uart_irq.o(.data)
    gp_buffer                                0x10005010   Data           4  uart_irq.o(.data)
    .data                                    0x1000501c   Section        8  timer.o(.data)
    .data                                    0x10005024   Section       16  k_mem.o(.data)
    .data                                    0x10005034   Section        4  k_rtx_init.o(.data)
    .data                                    0x10005038   Section       13  k_task.o(.data)
    .data                                    0x10005048   Section        8  printf.o(.data)
    stdout_putf                              0x10005048   Data           4  printf.o(.data)
    stdout_putp                              0x1000504c   Data           4  printf.o(.data)
    .data                                    0x10005050   Section       16  main.o(.data)
    sys                                      0x10005050   Data           8  main.o(.data)
    p_tasks                                  0x10005058   Data           4  main.o(.data)
    num                                      0x1000505c   Data           4  main.o(.data)
    .data                                    0x10005060   Section        4  ae_tasks1_g1.o(.data)
    .bss                                     0x10005064   Section      404  k_mem.o(.bss)
    .bss                                     0x100051f8   Section       40  k_msg.o(.bss)
    .bss                                     0x10005220   Section      960  k_task.o(.bss)
    .bss                                     0x100055e0   Section       96  libspace.o(.bss)
    .bss                                     0x10005640   Section      524  ae_tasks1_g1.o(.bss)
    HEAP                                     0x10005850   Section        0  startup_lpc17xx.o(HEAP)
    STACK                                    0x10005850   Section      512  startup_lpc17xx.o(STACK)
    Heap_Mem                                 0x10005850   Data           0  startup_lpc17xx.o(HEAP)
    Stack_Mem                                0x10005850   Data         512  startup_lpc17xx.o(STACK)
    __initial_sp                             0x10005a50   Data           0  startup_lpc17xx.o(STACK)

    Global Symbols

    Symbol Name                              Value     Ov Type        Size  Object(Section)

    BuildAttributes$$THM_ISAv4$P$D$K$B$S$PE$A:L22UL41UL21$X:L11$S22US41US21$IEEE1$IW$USESV6$~STKCKD$USESV7$~SHL$OSPACE$ROPI$EBA8$UX$STANDARDLIB$REQ8$PRES8$EABIv2 0x00000000   Number         0  anon$$obj.o ABSOLUTE
    __ARM_use_no_argv                        0x00000000   Number         0  main.o ABSOLUTE
    __ARM_exceptions_init                     - Undefined Weak Reference
    __alloca_initialize                       - Undefined Weak Reference
    __arm_preinit_                            - Undefined Weak Reference
    __cpp_initialize__aeabi_                  - Undefined Weak Reference
    __cxa_finalize                            - Undefined Weak Reference
    __rt_locale                               - Undefined Weak Reference
    __sigvec_lookup                           - Undefined Weak Reference
    _atexit_init                              - Undefined Weak Reference
    _call_atexit_fns                          - Undefined Weak Reference
    _clock_init                               - Undefined Weak Reference
    _fp_trap_init                             - Undefined Weak Reference
    _fp_trap_shutdown                         - Undefined Weak Reference
    _get_lc_collate                           - Undefined Weak Reference
    _get_lc_ctype                             - Undefined Weak Reference
    _get_lc_monetary                          - Undefined Weak Reference
    _get_lc_numeric                           - Undefined Weak Reference
    _get_lc_time                              - Undefined Weak Reference
    _getenv_init                              - Undefined Weak Reference
    _handle_redirection                       - Undefined Weak Reference
    _init_alloc                               - Undefined Weak Reference
    _init_user_alloc                          - Undefined Weak Reference
    _initio                                   - Undefined Weak Reference
    _rand_init                                - Undefined Weak Reference
    _signal_finish                            - Undefined Weak Reference
    _signal_init                              - Undefined Weak Reference
    _terminate_alloc                          - Undefined Weak Reference
    _terminate_user_alloc                     - Undefined Weak Reference
    _terminateio                              - Undefined Weak Reference
    __Vectors                                0x10000000   Data           4  startup_lpc17xx.o(RESET)
    __main                                   0x100000cd   Thumb Code     8  __main.o(!!!main)
    __scatterload                            0x100000d5   Thumb Code     0  __scatter.o(!!!scatter)
    __scatterload_rt2                        0x100000d5   Thumb Code    44  __scatter.o(!!!scatter)
    __scatterload_rt2_thumb_only             0x100000d5   Thumb Code     0  __scatter.o(!!!scatter)
    __scatterload_null                       0x100000e3   Thumb Code     0  __scatter.o(!!!scatter)
    __scatterload_copy                       0x10000109   Thumb Code    26  __scatter_copy.o(!!handler_copy)
    __scatterload_zeroinit                   0x10000125   Thumb Code    28  __scatter_zi.o(!!handler_zi)
    __rt_lib_init                            0x10000141   Thumb Code     0  libinit.o(.ARM.Collect$$libinit$$00000000)
    __rt_lib_init_alloca_1                   0x10000143   Thumb Code     0  libinit2.o(.ARM.Collect$$libinit$$0000002E)
    __rt_lib_init_argv_1                     0x10000143   Thumb Code     0  libinit2.o(.ARM.Collect$$libinit$$0000002C)
    __rt_lib_init_atexit_1                   0x10000143   Thumb Code     0  libinit2.o(.ARM.Collect$$libinit$$0000001B)
    __rt_lib_init_clock_1                    0x10000143   Thumb Code     0  libinit2.o(.ARM.Collect$$libinit$$00000021)
    __rt_lib_init_cpp_1                      0x10000143   Thumb Code     0  libinit2.o(.ARM.Collect$$libinit$$00000032)
    __rt_lib_init_exceptions_1               0x10000143   Thumb Code     0  libinit2.o(.ARM.Collect$$libinit$$00000030)
    __rt_lib_init_fp_1                       0x10000143   Thumb Code     0  libinit2.o(.ARM.Collect$$libinit$$00000002)
    __rt_lib_init_fp_trap_1                  0x10000143   Thumb Code     0  libinit2.o(.ARM.Collect$$libinit$$0000001F)
    __rt_lib_init_getenv_1                   0x10000143   Thumb Code     0  libinit2.o(.ARM.Collect$$libinit$$00000023)
    __rt_lib_init_heap_1                     0x10000143   Thumb Code     0  libinit2.o(.ARM.Collect$$libinit$$0000000A)
    __rt_lib_init_lc_collate_1               0x10000143   Thumb Code     0  libinit2.o(.ARM.Collect$$libinit$$00000011)
    __rt_lib_init_lc_ctype_1                 0x10000143   Thumb Code     0  libinit2.o(.ARM.Collect$$libinit$$00000013)
    __rt_lib_init_lc_monetary_1              0x10000143   Thumb Code     0  libinit2.o(.ARM.Collect$$libinit$$00000015)
    __rt_lib_init_lc_numeric_1               0x10000143   Thumb Code     0  libinit2.o(.ARM.Collect$$libinit$$00000017)
    __rt_lib_init_lc_time_1                  0x10000143   Thumb Code     0  libinit2.o(.ARM.Collect$$libinit$$00000019)
    __rt_lib_init_preinit_1                  0x10000143   Thumb Code     0  libinit2.o(.ARM.Collect$$libinit$$00000004)
    __rt_lib_init_rand_1                     0x10000143   Thumb Code     0  libinit2.o(.ARM.Collect$$libinit$$0000000E)
    __rt_lib_init_return                     0x10000143   Thumb Code     0  libinit2.o(.ARM.Collect$$libinit$$00000033)
    __rt_lib_init_signal_1                   0x10000143   Thumb Code     0  libinit2.o(.ARM.Collect$$libinit$$0000001D)
    __rt_lib_init_stdio_1                    0x10000143   Thumb Code     0  libinit2.o(.ARM.Collect$$libinit$$00000025)
    __rt_lib_init_user_alloc_1               0x10000143   Thumb Code     0  libinit2.o(.ARM.Collect$$libinit$$0000000C)
    __rt_lib_shutdown                        0x10000145   Thumb Code     0  libshutdown.o(.ARM.Collect$$libshutdown$$00000000)
    __rt_lib_shutdown_cpp_1                  0x10000147   Thumb Code     0  libshutdown2.o(.ARM.Collect$$libshutdown$$00000002)
    __rt_lib_shutdown_fp_trap_1              0x10000147   Thumb Code     0  libshutdown2.o(.ARM.Collect$$libshutdown$$00000007)
    __rt_lib_shutdown_heap_1                 0x10000147   Thumb Code     0  libshutdown2.o(.ARM.Collect$$libshutdown$$0000000F)
    __rt_lib_shutdown_return                 0x10000147   Thumb Code     0  libshutdown2.o(.ARM.Collect$$libshutdown$$00000010)
    __rt_lib_shutdown_signal_1               0x10000147   Thumb Code     0  libshutdown2.o(.ARM.Collect$$libshutdown$$0000000A)
    __rt_lib_shutdown_stdio_1                0x10000147   Thumb Code     0  libshutdown2.o(.ARM.Collect$$libshutdown$$00000004)
    __rt_lib_shutdown_user_alloc_1           0x10000147   Thumb Code     0  libshutdown2.o(.ARM.Collect$$libshutdown$$0000000C)
    __rt_entry                               0x10000149   Thumb Code     0  __rtentry.o(.ARM.Collect$$rtentry$$00000000)
    __rt_entry_presh_1                       0x10000149   Thumb Code     0  __rtentry2.o(.ARM.Collect$$rtentry$$00000002)
    __rt_entry_sh                            0x10000149   Thumb Code     0  __rtentry4.o(.ARM.Collect$$rtentry$$00000004)
    __rt_entry_li                            0x1000014f   Thumb Code     0  __rtentry2.o(.ARM.Collect$$rtentry$$0000000A)
    __rt_entry_postsh_1                      0x1000014f   Thumb Code     0  __rtentry2.o(.ARM.Collect$$rtentry$$00000009)
    __rt_entry_main                          0x10000153   Thumb Code     0  __rtentry2.o(.ARM.Collect$$rtentry$$0000000D)
    __rt_entry_postli_1                      0x10000153   Thumb Code     0  __rtentry2.o(.ARM.Collect$$rtentry$$0000000C)
    __rt_exit                                0x1000015b   Thumb Code     0  rtexit.o(.ARM.Collect$$rtexit$$00000000)
    __rt_exit_ls                             0x1000015d   Thumb Code     0  rtexit2.o(.ARM.Collect$$rtexit$$00000003)
    __rt_exit_prels_1                        0x1000015d   Thumb Code     0  rtexit2.o(.ARM.Collect$$rtexit$$00000002)
    __rt_exit_exit                           0x10000161   Thumb Code     0  rtexit2.o(.ARM.Collect$$rtexit$$00000004)
    SVC_RTE                                  0x10000169   Thumb Code     0  hal.o(.emb_text)
    __rte                                    0x10000169   Thumb Code     8  hal.o(.emb_text)
    k_tsk_switch                             0x10000171   Thumb Code    44  k_task.o(.emb_text)
    K_RESTORE                                0x10000183   Thumb Code     0  k_task.o(.emb_text)
    k_tsk_start                              0x100001a1   Thumb Code     2  k_task.o(.emb_text)
    Reset_Handler                            0x100001a5   Thumb Code     8  startup_lpc17xx.o(.text)
    NMI_Handler                              0x100001ad   Thumb Code     2  startup_lpc17xx.o(.text)
    MemManage_Handler                        0x100001b1   Thumb Code     2  startup_lpc17xx.o(.text)
    BusFault_Handler                         0x100001b3   Thumb Code     2  startup_lpc17xx.o(.text)
    UsageFault_Handler                       0x100001b5   Thumb Code     2  startup_lpc17xx.o(.text)
    DebugMon_Handler                         0x100001b9   Thumb Code     2  startup_lpc17xx.o(.text)
    PendSV_Handler                           0x100001bb   Thumb Code     2  startup_lpc17xx.o(.text)
    SysTick_Handler                          0x100001bd   Thumb Code     2  startup_lpc17xx.o(.text)
    ADC_IRQHandler                           0x100001bf   Thumb Code     0  startup_lpc17xx.o(.text)
    BOD_IRQHandler                           0x100001bf   Thumb Code     0  startup_lpc17xx.o(.text)
    CANActivity_IRQHandler                   0x100001bf   Thumb Code     0  startup_lpc17xx.o(.text)
    CAN_IRQHandler                           0x100001bf   Thumb Code     0  startup_lpc17xx.o(.text)
    DMA_IRQHandler                           0x100001bf   Thumb Code     0  startup_lpc17xx.o(.text)
    EINT0_IRQHandler                         0x100001bf   Thumb Code     0  startup_lpc17xx.o(.text)
    EINT1_IRQHandler                         0x100001bf   Thumb Code     0  startup_lpc17xx.o(.text)
    EINT2_IRQHandler                         0x100001bf   Thumb Code     0  startup_lpc17xx.o(.text)
    EINT3_IRQHandler                         0x100001bf   Thumb Code     0  startup_lpc17xx.o(.text)
    ENET_IRQHandler                          0x100001bf   Thumb Code     0  startup_lpc17xx.o(.text)
    I2C0_IRQHandler                          0x100001bf   Thumb Code     0  startup_lpc17xx.o(.text)
    I2C1_IRQHandler                          0x100001bf   Thumb Code     0  startup_lpc17xx.o(.text)
    I2C2_IRQHandler                          0x100001bf   Thumb Code     0  startup_lpc17xx.o(.text)
    I2S_IRQHandler                           0x100001bf   Thumb Code     0  startup_lpc17xx.o(.text)
    MCPWM_IRQHandler                         0x100001bf   Thumb Code     0  startup_lpc17xx.o(.text)
    PLL0_IRQHandler                          0x100001bf   Thumb Code     0  startup_lpc17xx.o(.text)
    PLL1_IRQHandler                          0x100001bf   Thumb Code     0  startup_lpc17xx.o(.text)
    PWM1_IRQHandler                          0x100001bf   Thumb Code     0  startup_lpc17xx.o(.text)
    QEI_IRQHandler                           0x100001bf   Thumb Code     0  startup_lpc17xx.o(.text)
    RIT_IRQHandler                           0x100001bf   Thumb Code     0  startup_lpc17xx.o(.text)
    RTC_IRQHandler                           0x100001bf   Thumb Code     0  startup_lpc17xx.o(.text)
    SPI_IRQHandler                           0x100001bf   Thumb Code     0  startup_lpc17xx.o(.text)
    SSP0_IRQHandler                          0x100001bf   Thumb Code     0  startup_lpc17xx.o(.text)
    SSP1_IRQHandler                          0x100001bf   Thumb Code     0  startup_lpc17xx.o(.text)
    TIMER1_IRQHandler                        0x100001bf   Thumb Code     0  startup_lpc17xx.o(.text)
    TIMER2_IRQHandler                        0x100001bf   Thumb Code     0  startup_lpc17xx.o(.text)
    TIMER3_IRQHandler                        0x100001bf   Thumb Code     0  startup_lpc17xx.o(.text)
    UART1_IRQHandler                         0x100001bf   Thumb Code     0  startup_lpc17xx.o(.text)
    UART2_IRQHandler                         0x100001bf   Thumb Code     0  startup_lpc17xx.o(.text)
    UART3_IRQHandler                         0x100001bf   Thumb Code     0  startup_lpc17xx.o(.text)
    USBActivity_IRQHandler                   0x100001bf   Thumb Code     0  startup_lpc17xx.o(.text)
    USB_IRQHandler                           0x100001bf   Thumb Code     0  startup_lpc17xx.o(.text)
    WDT_IRQHandler                           0x100001bf   Thumb Code     0  startup_lpc17xx.o(.text)
    __user_initial_stackheap                 0x100001c1   Thumb Code     0  startup_lpc17xx.o(.text)
    __aeabi_memcpy4                          0x100001e1   Thumb Code     0  rt_memcpy_w.o(.text)
    __aeabi_memcpy8                          0x100001e1   Thumb Code     0  rt_memcpy_w.o(.text)
    __rt_memcpy_w                            0x100001e1   Thumb Code   100  rt_memcpy_w.o(.text)
    _memcpy_lastbytes_aligned                0x10000229   Thumb Code     0  rt_memcpy_w.o(.text)
    __aeabi_memclr4                          0x10000245   Thumb Code     0  rt_memclr_w.o(.text)
    __aeabi_memclr8                          0x10000245   Thumb Code     0  rt_memclr_w.o(.text)
    __rt_memclr_w                            0x10000245   Thumb Code    78  rt_memclr_w.o(.text)
    _memset_w                                0x10000249   Thumb Code     0  rt_memclr_w.o(.text)
    __use_two_region_memory                  0x10000293   Thumb Code     2  heapauxi.o(.text)
    __rt_heap_escrow$2region                 0x10000295   Thumb Code     2  heapauxi.o(.text)
    __rt_heap_expand$2region                 0x10000297   Thumb Code     2  heapauxi.o(.text)
    __user_setup_stackheap                   0x10000299   Thumb Code    74  sys_stackheap_outer.o(.text)
    exit                                     0x100002e3   Thumb Code    18  exit.o(.text)
    __user_libspace                          0x100002f5   Thumb Code     8  libspace.o(.text)
    __user_perproc_libspace                  0x100002f5   Thumb Code     0  libspace.o(.text)
    __user_perthread_libspace                0x100002f5   Thumb Code     0  libspace.o(.text)
    _sys_exit                                0x100002fd   Thumb Code     8  sys_exit.o(.text)
    __I$use$semihosting                      0x10000309   Thumb Code     0  use_no_semi.o(.text)
    __use_no_semihosting_swi                 0x10000309   Thumb Code     2  use_no_semi.o(.text)
    __semihosting_library_function           0x1000030b   Thumb Code     0  indicate_semi.o(.text)
    HardFault_Handler                        0x1000030d   Thumb Code    22  ae_util.o(i.HardFault_Handler)
    SVC_Handler                              0x1000033d   Thumb Code   296  hal.o(i.SVC_Handler)
    SystemInit                               0x10000465   Thumb Code   304  system_lpc17xx.o(i.SystemInit)
    TIMER0_IRQHandler                        0x100005a5   Thumb Code    98  timer.o(i.TIMER0_IRQHandler)
    UART0_IRQHandler                         0x10000615   Thumb Code   224  uart_irq.o(i.UART0_IRQHandler)
    add_message_to_mbx                       0x100007c1   Thumb Code   116  k_msg.o(i.add_message_to_mbx)
    add_task_to_back_priority_queue          0x10000839   Thumb Code    38  k_task.o(i.add_task_to_back_priority_queue)
    add_tsk_to_front_of_high                 0x10000865   Thumb Code    24  k_task.o(i.add_tsk_to_front_of_high)
    ae_exit                                  0x10000881   Thumb Code     4  ae.o(i.ae_exit)
    ae_init                                  0x10000885   Thumb Code    48  ae.o(i.ae_init)
    ae_set_init_tasks_info                   0x100008b5   Thumb Code    22  ae.o(i.ae_set_init_tasks_info)
    ae_set_sys_info                          0x100008cb   Thumb Code    22  ae.o(i.ae_set_sys_info)
    block_recv_task                          0x100008e1   Thumb Code    58  k_task.o(i.block_recv_task)
    block_sending_mbx_queue                  0x10000921   Thumb Code   296  k_task.o(i.block_sending_mbx_queue)
    cleanup_mbx                              0x10000a61   Thumb Code    26  k_msg.o(i.cleanup_mbx)
    coalesce_binary_bit_array                0x10000a81   Thumb Code   256  k_mem.o(i.coalesce_binary_bit_array)
    convert_string_digit_to_int              0x10000b81   Thumb Code     8  wall_clock_task.o(i.convert_string_digit_to_int)
    count_set_bits                           0x10000b89   Thumb Code    18  ae_util.o(i.count_set_bits)
    first_check_real_time_tasks_sending_priority_queue_for_any_blocked_real_time_tasks_and_freeing_these_in_order_of_priority_then_if_there_is_still_room_remaining_then_start_checking_sending_queue_for_non_real_time_task_corresponding_to_tid_mailbox_then_if_there_are_tasks_waiting_to_send_proceed_to_let_them_finish_the_send_as_long_as_there_is_enough_space_remaining_in_the_mailbox_and_ensure_the_sender_immediately_gives_control_back_to_receiver_after_sending_completes_and_loop_until_there_is_no_longer_enough_space_in_the_mailbox 0x10000b9d   Thumb Code   416  k_task.o(i.first_check_real_time_tasks_sending_priority_queue_for_any_blocked_real_time_tasks_and_freeing_these_in_order_of_priority_then_if_there_is_still_room_remaining_then_start_checking_sending_queue_for_non_real_time_task_corresponding_to_tid_mailbox_then_if_there_are_tasks_waiting_to_send_proceed_to_let_them_finish_the_send_as_long_as_there_is_enough_space_remaining_in_the_mailbox_and_ensure_the_sender_immediately_gives_control_back_to_receiver_after_sending_completes_and_loop_until_there_is_no_longer_enough_space_in_the_mailbox)
    gen_req0                                 0x10000d51   Thumb Code    72  ae_tasks1_g1.o(i.gen_req0)
    gen_req1                                 0x10000d9d   Thumb Code    68  ae_tasks1_g1.o(i.gen_req1)
    get_tick                                 0x10000de5   Thumb Code    58  timer.o(i.get_tick)
    index_of_char                            0x10000e4d   Thumb Code    68  kcd_task.o(i.index_of_char)
    init_ae_tsk_test                         0x10000e91   Thumb Code    96  ae_tasks1_g1.o(i.init_ae_tsk_test)
    init_printf                              0x10000f0d   Thumb Code    10  printf.o(i.init_printf)
    k_mbx_create                             0x10000f21   Thumb Code   132  k_msg.o(i.k_mbx_create)
    k_mbx_get                                0x10000fad   Thumb Code   110  k_msg.o(i.k_mbx_get)
    k_mbx_ls                                 0x10001025   Thumb Code    54  k_msg.o(i.k_mbx_ls)
    k_mem_init                               0x10001061   Thumb Code    48  k_mem.o(i.k_mem_init)
    k_mpool_alloc                            0x100010a1   Thumb Code   496  k_mem.o(i.k_mpool_alloc)
    k_mpool_create                           0x100012b5   Thumb Code   272  k_mem.o(i.k_mpool_create)
    k_mpool_dealloc                          0x100013f1   Thumb Code   384  k_mem.o(i.k_mpool_dealloc)
    k_mpool_dump                             0x100015a5   Thumb Code   114  k_mem.o(i.k_mpool_dump)
    k_pre_rtx_init                           0x10001661   Thumb Code    54  k_rtx_init.o(i.k_pre_rtx_init)
    k_recv_msg                               0x10001699   Thumb Code   302  k_msg.o(i.k_recv_msg)
    k_recv_msg_nb                            0x100017d1   Thumb Code   314  k_msg.o(i.k_recv_msg_nb)
    k_rt_tsk_get                             0x10001915   Thumb Code    80  k_task.o(i.k_rt_tsk_get)
    k_rt_tsk_set                             0x10001971   Thumb Code   156  k_task.o(i.k_rt_tsk_set)
    k_rt_tsk_susp                            0x10001a1d   Thumb Code    96  k_task.o(i.k_rt_tsk_susp)
    k_rtx_init                               0x10001a8d   Thumb Code   104  k_rtx_init.o(i.k_rtx_init)
    k_send_msg                               0x10001af9   Thumb Code   314  k_msg.o(i.k_send_msg)
    k_send_msg_nb                            0x10001c3d   Thumb Code   256  k_msg.o(i.k_send_msg_nb)
    k_set_uart                               0x10001d45   Thumb Code     8  k_task.o(i.k_set_uart)
    k_tsk_create                             0x10001d51   Thumb Code   166  k_task.o(i.k_tsk_create)
    k_tsk_create_new                         0x10001e01   Thumb Code   336  k_task.o(i.k_tsk_create_new)
    k_tsk_exit                               0x10001f59   Thumb Code   326  k_task.o(i.k_tsk_exit)
    k_tsk_get                                0x100020b9   Thumb Code   334  k_task.o(i.k_tsk_get)
    k_tsk_gettid                             0x10002215   Thumb Code    36  k_task.o(i.k_tsk_gettid)
    k_tsk_init                               0x10002245   Thumb Code   296  k_task.o(i.k_tsk_init)
    k_tsk_init_cdisp                         0x10002389   Thumb Code    24  k_task.o(i.k_tsk_init_cdisp)
    k_tsk_init_first                         0x100023a5   Thumb Code    22  k_task.o(i.k_tsk_init_first)
    k_tsk_init_kcd                           0x100023c1   Thumb Code    24  k_task.o(i.k_tsk_init_kcd)
    k_tsk_init_wall_clock                    0x100023dd   Thumb Code    24  k_task.o(i.k_tsk_init_wall_clock)
    k_tsk_ls                                 0x100023f9   Thumb Code    62  k_task.o(i.k_tsk_ls)
    k_tsk_run_new                            0x1000243d   Thumb Code    94  k_task.o(i.k_tsk_run_new)
    k_tsk_set_prio                           0x100024a1   Thumb Code   642  k_task.o(i.k_tsk_set_prio)
    k_tsk_yield                              0x10002739   Thumb Code    10  k_task.o(i.k_tsk_yield)
    log                                      0x10002743   Thumb Code    18  k_mem.o(i.log)
    main                                     0x10002755   Thumb Code    84  main.o(i.main)
    modify_priority_queue                    0x100027bd   Thumb Code   380  k_task.o(i.modify_priority_queue)
    modify_sending_mbx_queue                 0x1000294d   Thumb Code    68  k_task.o(i.modify_sending_mbx_queue)
    needed_address                           0x1000299d   Thumb Code    28  k_mem.o(i.needed_address)
    pow                                      0x100029b9   Thumb Code    28  k_mem.o(i.pow)
    print_log                                0x100029d5   Thumb Code    42  ae_util.o(i.print_log)
    print_results                            0x10002a45   Thumb Code   118  ae_util.o(i.print_results)
    print_state_to_cdisp                     0x10002b65   Thumb Code   192  kcd_task.o(i.print_state_to_cdisp)
    print_summary                            0x10002c41   Thumb Code    22  ae_util.o(i.print_summary)
    process_sub_result                       0x10002c6d   Thumb Code    46  ae_util.o(i.process_sub_result)
    putc                                     0x10002ca5   Thumb Code    28  uart_polling.o(i.putc)
    scheduler                                0x10002d45   Thumb Code    68  k_task.o(i.scheduler)
    send_not_valid_cmd                       0x10002d8d   Thumb Code    40  wall_clock_task.o(i.send_not_valid_cmd)
    set_ae_init_tasks                        0x10002dcd   Thumb Code    24  ae_tasks1_g1.o(i.set_ae_init_tasks)
    set_ae_tasks                             0x10002de9   Thumb Code    64  ae_tasks1_g1.o(i.set_ae_tasks)
    sort_rt_tsk                              0x10002e2d   Thumb Code   246  k_task.o(i.sort_rt_tsk)
    sort_time_increment                      0x10002f31   Thumb Code   200  k_task.o(i.sort_time_increment)
    strcpy                                   0x10003005   Thumb Code    32  ae_util.o(i.strcpy)
    task0                                    0x10003025   Thumb Code   266  ae_tasks1_g1.o(i.task0)
    task1                                    0x1000318d   Thumb Code   244  ae_tasks1_g1.o(i.task1)
    task2                                    0x10003311   Thumb Code   202  ae_tasks1_g1.o(i.task2)
    task3                                    0x10003479   Thumb Code   248  ae_tasks1_g1.o(i.task3)
    task_cdisp                               0x10003699   Thumb Code   106  cdisp_task.o(i.task_cdisp)
    task_kcd                                 0x10003709   Thumb Code   676  kcd_task.o(i.task_kcd)
    task_null                                0x100039d5   Thumb Code     6  null_task.o(i.task_null)
    task_wall_clock                          0x100039dd   Thumb Code   520  wall_clock_task.o(i.task_wall_clock)
    test0_start                              0x10003ca5   Thumb Code   264  ae_tasks1_g1.o(i.test0_start)
    test1_start                              0x10003e65   Thumb Code   370  ae_tasks1_g1.o(i.test1_start)
    test_abort                               0x100040d9   Thumb Code    36  ae_util.o(i.test_abort)
    test_exit                                0x10004145   Thumb Code    16  ae_util.o(i.test_exit)
    tfp_format                               0x10004169   Thumb Code   296  printf.o(i.tfp_format)
    tfp_printf                               0x10004291   Thumb Code    34  printf.o(i.tfp_printf)
    tfp_sprintf                              0x100042bd   Thumb Code    38  printf.o(i.tfp_sprintf)
    timer_freerun_init                       0x100042e9   Thumb Code   136  timer.o(i.timer_freerun_init)
    timer_irq_init                           0x10004381   Thumb Code   114  timer.o(i.timer_irq_init)
    tsk_run_new_finish_send                  0x10004401   Thumb Code    78  k_task.o(i.tsk_run_new_finish_send)
    uart_init                                0x10004455   Thumb Code    96  uart_polling.o(i.uart_init)
    uart_irq_init                            0x100044c1   Thumb Code   144  uart_irq.o(i.uart_irq_init)
    uart_put_char                            0x1000455d   Thumb Code    42  uart_polling.o(i.uart_put_char)
    uart_put_string                          0x10004591   Thumb Code    38  uart_polling.o(i.uart_put_string)
    unblock_recv_task                        0x1000460d   Thumb Code    98  k_task.o(i.unblock_recv_task)
    update_ae_xtest                          0x10004675   Thumb Code    18  ae_tasks1_g1.o(i.update_ae_xtest)
    update_exec_seq                          0x1000468d   Thumb Code    64  ae_tasks1_g1.o(i.update_exec_seq)
    PREFIX                                   0x100046d0   Data           7  ae_tasks1_g1.o(.constdata)
    PREFIX_LOG                               0x100046d7   Data          11  ae_tasks1_g1.o(.constdata)
    PREFIX_LOG2                              0x100046e2   Data          12  ae_tasks1_g1.o(.constdata)
    Region$$Table$$Base                      0x100046f0   Number         0  anon$$obj.o(Region$$Table)
    Region$$Table$$Limit                     0x10004710   Number         0  anon$$obj.o(Region$$Table)
    g_buffer                                 0x10005000   Data          16  uart_irq.o(.data)
    g_send_char                              0x10005014   Data           1  uart_irq.o(.data)
    g_char_in                                0x10005015   Data           1  uart_irq.o(.data)
    g_tx_irq                                 0x10005016   Data           1  uart_irq.o(.data)
    g_switch_flag                            0x10005017   Data           1  uart_irq.o(.data)
    buffer_location                          0x10005018   Data           4  uart_irq.o(.data)
    g_timer_count                            0x1000501c   Data           4  timer.o(.data)
    last_pc                                  0x10005020   Data           4  timer.o(.data)
    k_lvls_RAM1                              0x10005024   Data           4  k_mem.o(.data)
    k_lvls_RAM2                              0x10005028   Data           4  k_mem.o(.data)
    size_RAM1                                0x1000502c   Data           4  k_mem.o(.data)
    size_RAM2                                0x10005030   Data           4  k_mem.o(.data)
    errno                                    0x10005034   Data           4  k_rtx_init.o(.data)
    gp_current_task                          0x10005038   Data           4  k_task.o(.data)
    g_num_active_tasks                       0x1000503c   Data           4  k_task.o(.data)
    num_of_rt_tasks                          0x10005040   Data           4  k_task.o(.data)
    is_uart                                  0x10005044   Data           1  k_task.o(.data)
    cont0                                    0x10005060   Data           1  ae_tasks1_g1.o(.data)
    cont1                                    0x10005061   Data           1  ae_tasks1_g1.o(.data)
    cont2                                    0x10005062   Data           1  ae_tasks1_g1.o(.data)
    cont3                                    0x10005063   Data           1  ae_tasks1_g1.o(.data)
    g_k_stacks                               0x10005064   Data          40  k_mem.o(.bss)
    free_list_array_RAM1                     0x1000508c   Data          32  k_mem.o(.bss)
    binary_bit_array_RAM1                    0x100050ac   Data          32  k_mem.o(.bss)
    free_list_array_RAM2                     0x100050cc   Data          44  k_mem.o(.bss)
    binary_bit_array_RAM2                    0x100050f8   Data         256  k_mem.o(.bss)
    mbx_lst                                  0x100051f8   Data          40  k_msg.o(.bss)
    g_tcbs                                   0x10005220   Data         480  k_task.o(.bss)
    sending_priority_queue                   0x10005400   Data          90  k_task.o(.bss)
    rt_sending_priority_queue                0x1000545a   Data          90  k_task.o(.bss)
    sending_priority_queue_beginning         0x100054b4   Data          40  k_task.o(.bss)
    rt_sending_priority_queue_task_count     0x100054dc   Data          40  k_task.o(.bss)
    rt_priority_queue                        0x10005504   Data         200  k_task.o(.bss)
    priority_queue                           0x100055cc   Data          20  k_task.o(.bss)
    __libspace_start                         0x100055e0   Data          96  libspace.o(.bss)
    __temporary_stack_top$libspace           0x10005640   Data           0  libspace.o(.bss)
    g_init_tasks                             0x10005640   Data          12  ae_tasks1_g1.o(.bss)
    g_ae_xtest                               0x1000564c   Data         132  ae_tasks1_g1.o(.bss)
    g_ae_cases                               0x100056d0   Data          16  ae_tasks1_g1.o(.bss)
    g_tsk_cases                              0x100056e0   Data         144  ae_tasks1_g1.o(.bss)
    g_buf1                                   0x10005770   Data         100  ae_tasks1_g1.o(.bss)
    g_buf2                                   0x100057d4   Data         100  ae_tasks1_g1.o(.bss)
    g_tasks                                  0x10005838   Data          10  ae_tasks1_g1.o(.bss)
    g_tids                                   0x10005842   Data          10  ae_tasks1_g1.o(.bss)



==============================================================================

Memory Map of the image

  Image Entry point : 0x100000cd

  Load Region LR_IROM1 (Base: 0x10000000, Size: 0x00004774, Max: 0x00005000, ABSOLUTE)

    Execution Region ER_IROM1 (Exec base: 0x10000000, Load base: 0x10000000, Size: 0x00004710, Max: 0x00005000, ABSOLUTE)

    Exec Addr    Load Addr    Size         Type   Attr      Idx    E Section Name        Object

    0x10000000   0x10000000   0x000000cc   Data   RO          876    RESET               startup_lpc17xx.o
    0x100000cc   0x100000cc   0x00000008   Code   RO          927  * !!!main             c_w.l(__main.o)
    0x100000d4   0x100000d4   0x00000034   Code   RO         1357    !!!scatter          c_w.l(__scatter.o)
    0x10000108   0x10000108   0x0000001a   Code   RO         1359    !!handler_copy      c_w.l(__scatter_copy.o)
    0x10000122   0x10000122   0x00000002   PAD
    0x10000124   0x10000124   0x0000001c   Code   RO         1361    !!handler_zi        c_w.l(__scatter_zi.o)
    0x10000140   0x10000140   0x00000002   Code   RO         1026    .ARM.Collect$$libinit$$00000000  c_w.l(libinit.o)
    0x10000142   0x10000142   0x00000000   Code   RO         1075    .ARM.Collect$$libinit$$00000002  c_w.l(libinit2.o)
    0x10000142   0x10000142   0x00000000   Code   RO         1077    .ARM.Collect$$libinit$$00000004  c_w.l(libinit2.o)
    0x10000142   0x10000142   0x00000000   Code   RO         1080    .ARM.Collect$$libinit$$0000000A  c_w.l(libinit2.o)
    0x10000142   0x10000142   0x00000000   Code   RO         1082    .ARM.Collect$$libinit$$0000000C  c_w.l(libinit2.o)
    0x10000142   0x10000142   0x00000000   Code   RO         1084    .ARM.Collect$$libinit$$0000000E  c_w.l(libinit2.o)
    0x10000142   0x10000142   0x00000000   Code   RO         1087    .ARM.Collect$$libinit$$00000011  c_w.l(libinit2.o)
    0x10000142   0x10000142   0x00000000   Code   RO         1089    .ARM.Collect$$libinit$$00000013  c_w.l(libinit2.o)
    0x10000142   0x10000142   0x00000000   Code   RO         1091    .ARM.Collect$$libinit$$00000015  c_w.l(libinit2.o)
    0x10000142   0x10000142   0x00000000   Code   RO         1093    .ARM.Collect$$libinit$$00000017  c_w.l(libinit2.o)
    0x10000142   0x10000142   0x00000000   Code   RO         1095    .ARM.Collect$$libinit$$00000019  c_w.l(libinit2.o)
    0x10000142   0x10000142   0x00000000   Code   RO         1097    .ARM.Collect$$libinit$$0000001B  c_w.l(libinit2.o)
    0x10000142   0x10000142   0x00000000   Code   RO         1099    .ARM.Collect$$libinit$$0000001D  c_w.l(libinit2.o)
    0x10000142   0x10000142   0x00000000   Code   RO         1101    .ARM.Collect$$libinit$$0000001F  c_w.l(libinit2.o)
    0x10000142   0x10000142   0x00000000   Code   RO         1103    .ARM.Collect$$libinit$$00000021  c_w.l(libinit2.o)
    0x10000142   0x10000142   0x00000000   Code   RO         1105    .ARM.Collect$$libinit$$00000023  c_w.l(libinit2.o)
    0x10000142   0x10000142   0x00000000   Code   RO         1107    .ARM.Collect$$libinit$$00000025  c_w.l(libinit2.o)
    0x10000142   0x10000142   0x00000000   Code   RO         1111    .ARM.Collect$$libinit$$0000002C  c_w.l(libinit2.o)
    0x10000142   0x10000142   0x00000000   Code   RO         1113    .ARM.Collect$$libinit$$0000002E  c_w.l(libinit2.o)
    0x10000142   0x10000142   0x00000000   Code   RO         1115    .ARM.Collect$$libinit$$00000030  c_w.l(libinit2.o)
    0x10000142   0x10000142   0x00000000   Code   RO         1117    .ARM.Collect$$libinit$$00000032  c_w.l(libinit2.o)
    0x10000142   0x10000142   0x00000002   Code   RO         1118    .ARM.Collect$$libinit$$00000033  c_w.l(libinit2.o)
    0x10000144   0x10000144   0x00000002   Code   RO         1314    .ARM.Collect$$libshutdown$$00000000  c_w.l(libshutdown.o)
    0x10000146   0x10000146   0x00000000   Code   RO         1340    .ARM.Collect$$libshutdown$$00000002  c_w.l(libshutdown2.o)
    0x10000146   0x10000146   0x00000000   Code   RO         1342    .ARM.Collect$$libshutdown$$00000004  c_w.l(libshutdown2.o)
    0x10000146   0x10000146   0x00000000   Code   RO         1345    .ARM.Collect$$libshutdown$$00000007  c_w.l(libshutdown2.o)
    0x10000146   0x10000146   0x00000000   Code   RO         1348    .ARM.Collect$$libshutdown$$0000000A  c_w.l(libshutdown2.o)
    0x10000146   0x10000146   0x00000000   Code   RO         1350    .ARM.Collect$$libshutdown$$0000000C  c_w.l(libshutdown2.o)
    0x10000146   0x10000146   0x00000000   Code   RO         1353    .ARM.Collect$$libshutdown$$0000000F  c_w.l(libshutdown2.o)
    0x10000146   0x10000146   0x00000002   Code   RO         1354    .ARM.Collect$$libshutdown$$00000010  c_w.l(libshutdown2.o)
    0x10000148   0x10000148   0x00000000   Code   RO          929    .ARM.Collect$$rtentry$$00000000  c_w.l(__rtentry.o)
    0x10000148   0x10000148   0x00000000   Code   RO          935    .ARM.Collect$$rtentry$$00000002  c_w.l(__rtentry2.o)
    0x10000148   0x10000148   0x00000006   Code   RO          947    .ARM.Collect$$rtentry$$00000004  c_w.l(__rtentry4.o)
    0x1000014e   0x1000014e   0x00000000   Code   RO          937    .ARM.Collect$$rtentry$$00000009  c_w.l(__rtentry2.o)
    0x1000014e   0x1000014e   0x00000004   Code   RO          938    .ARM.Collect$$rtentry$$0000000A  c_w.l(__rtentry2.o)
    0x10000152   0x10000152   0x00000000   Code   RO          940    .ARM.Collect$$rtentry$$0000000C  c_w.l(__rtentry2.o)
    0x10000152   0x10000152   0x00000008   Code   RO          941    .ARM.Collect$$rtentry$$0000000D  c_w.l(__rtentry2.o)
    0x1000015a   0x1000015a   0x00000002   Code   RO         1066    .ARM.Collect$$rtexit$$00000000  c_w.l(rtexit.o)
    0x1000015c   0x1000015c   0x00000000   Code   RO         1223    .ARM.Collect$$rtexit$$00000002  c_w.l(rtexit2.o)
    0x1000015c   0x1000015c   0x00000004   Code   RO         1224    .ARM.Collect$$rtexit$$00000003  c_w.l(rtexit2.o)
    0x10000160   0x10000160   0x00000006   Code   RO         1225    .ARM.Collect$$rtexit$$00000004  c_w.l(rtexit2.o)
    0x10000166   0x10000166   0x00000002   PAD
    0x10000168   0x10000168   0x00000008   Code   RO          244    .emb_text           hal.o
    0x10000170   0x10000170   0x00000032   Code   RO          499    .emb_text           k_task.o
    0x100001a2   0x100001a2   0x00000002   PAD
    0x100001a4   0x100001a4   0x0000003c   Code   RO          877    .text               startup_lpc17xx.o
    0x100001e0   0x100001e0   0x00000064   Code   RO          921    .text               c_w.l(rt_memcpy_w.o)
    0x10000244   0x10000244   0x0000004e   Code   RO          923    .text               c_w.l(rt_memclr_w.o)
    0x10000292   0x10000292   0x00000006   Code   RO          925    .text               c_w.l(heapauxi.o)
    0x10000298   0x10000298   0x0000004a   Code   RO         1013    .text               c_w.l(sys_stackheap_outer.o)
    0x100002e2   0x100002e2   0x00000012   Code   RO         1015    .text               c_w.l(exit.o)
    0x100002f4   0x100002f4   0x00000008   Code   RO         1063    .text               c_w.l(libspace.o)
    0x100002fc   0x100002fc   0x0000000c   Code   RO         1220    .text               c_w.l(sys_exit.o)
    0x10000308   0x10000308   0x00000002   Code   RO         1303    .text               c_w.l(use_no_semi.o)
    0x1000030a   0x1000030a   0x00000000   Code   RO         1305    .text               c_w.l(indicate_semi.o)
    0x1000030a   0x1000030a   0x00000002   PAD
    0x1000030c   0x1000030c   0x00000030   Code   RO         1237    i.HardFault_Handler  ae-lib-ram.lib(ae_util.o)
    0x1000033c   0x1000033c   0x00000128   Code   RO          245    i.SVC_Handler       hal.o
    0x10000464   0x10000464   0x00000140   Code   RO          885    i.SystemInit        system_lpc17xx.o
    0x100005a4   0x100005a4   0x00000070   Code   RO          184    i.TIMER0_IRQHandler  timer.o
    0x10000614   0x10000614   0x000000f4   Code   RO           87    i.UART0_IRQHandler  uart_irq.o
    0x10000708   0x10000708   0x00000022   Code   RO           88    i.__NVIC_EnableIRQ  uart_irq.o
    0x1000072a   0x1000072a   0x00000002   PAD
    0x1000072c   0x1000072c   0x00000028   Code   RO           89    i.__NVIC_SetPriority  uart_irq.o
    0x10000754   0x10000754   0x00000032   Code   RO          710    i.a2d               printf.o
    0x10000786   0x10000786   0x0000003a   Code   RO          711    i.a2i               printf.o
    0x100007c0   0x100007c0   0x00000078   Code   RO          379    i.add_message_to_mbx  k_msg.o
    0x10000838   0x10000838   0x0000002c   Code   RO          500    i.add_task_to_back_priority_queue  k_task.o
    0x10000864   0x10000864   0x0000001c   Code   RO          501    i.add_tsk_to_front_of_high  k_task.o
    0x10000880   0x10000880   0x00000004   Code   RO         1027    i.ae_exit           ae-lib-ram.lib(ae.o)
    0x10000884   0x10000884   0x00000030   Code   RO         1028    i.ae_init           ae-lib-ram.lib(ae.o)
    0x100008b4   0x100008b4   0x00000016   Code   RO         1029    i.ae_set_init_tasks_info  ae-lib-ram.lib(ae.o)
    0x100008ca   0x100008ca   0x00000016   Code   RO         1030    i.ae_set_sys_info   ae-lib-ram.lib(ae.o)
    0x100008e0   0x100008e0   0x00000040   Code   RO          502    i.block_recv_task   k_task.o
    0x10000920   0x10000920   0x00000140   Code   RO          503    i.block_sending_mbx_queue  k_task.o
    0x10000a60   0x10000a60   0x00000020   Code   RO          380    i.cleanup_mbx       k_msg.o
    0x10000a80   0x10000a80   0x00000100   Code   RO          298    i.coalesce_binary_bit_array  k_mem.o
    0x10000b80   0x10000b80   0x00000008   Code   RO          850    i.convert_string_digit_to_int  wall_clock_task.o
    0x10000b88   0x10000b88   0x00000012   Code   RO         1238    i.count_set_bits    ae-lib-ram.lib(ae_util.o)
    0x10000b9a   0x10000b9a   0x00000002   PAD
    0x10000b9c   0x10000b9c   0x000001b4   Code   RO          504    i.first_check_real_time_tasks_sending_priority_queue_for_any_blocked_real_time_tasks_and_freeing_these_in_order_of_priority_then_if_there_is_still_room_remaining_then_start_checking_sending_queue_for_non_real_time_task_corresponding_to_tid_mailbox_then_if_there_are_tasks_waiting_to_send_proceed_to_let_them_finish_the_send_as_long_as_there_is_enough_space_remaining_in_the_mailbox_and_ensure_the_sender_immediately_gives_control_back_to_receiver_after_sending_completes_and_loop_until_there_is_no_longer_enough_space_in_the_mailbox  k_task.o
    0x10000d50   0x10000d50   0x0000004c   Code   RO         1119    i.gen_req0          ae-lib-ram.lib(ae_tasks1_g1.o)
    0x10000d9c   0x10000d9c   0x00000048   Code   RO         1120    i.gen_req1          ae-lib-ram.lib(ae_tasks1_g1.o)
    0x10000de4   0x10000de4   0x00000048   Code   RO          185    i.get_tick          timer.o
    0x10000e2c   0x10000e2c   0x00000020   Code   RO          712    i.i2a               printf.o
    0x10000e4c   0x10000e4c   0x00000044   Code   RO          802    i.index_of_char     kcd_task.o
    0x10000e90   0x10000e90   0x0000007c   Code   RO         1121    i.init_ae_tsk_test  ae-lib-ram.lib(ae_tasks1_g1.o)
    0x10000f0c   0x10000f0c   0x00000014   Code   RO          713    i.init_printf       printf.o
    0x10000f20   0x10000f20   0x0000008c   Code   RO          381    i.k_mbx_create      k_msg.o
    0x10000fac   0x10000fac   0x00000078   Code   RO          382    i.k_mbx_get         k_msg.o
    0x10001024   0x10001024   0x0000003c   Code   RO          383    i.k_mbx_ls          k_msg.o
    0x10001060   0x10001060   0x00000040   Code   RO          299    i.k_mem_init        k_mem.o
    0x100010a0   0x100010a0   0x00000214   Code   RO          300    i.k_mpool_alloc     k_mem.o
    0x100012b4   0x100012b4   0x0000013c   Code   RO          301    i.k_mpool_create    k_mem.o
    0x100013f0   0x100013f0   0x000001b4   Code   RO          302    i.k_mpool_dealloc   k_mem.o
    0x100015a4   0x100015a4   0x000000bc   Code   RO          303    i.k_mpool_dump      k_mem.o
    0x10001660   0x10001660   0x00000036   Code   RO          455    i.k_pre_rtx_init    k_rtx_init.o
    0x10001696   0x10001696   0x00000002   PAD
    0x10001698   0x10001698   0x00000138   Code   RO          384    i.k_recv_msg        k_msg.o
    0x100017d0   0x100017d0   0x00000144   Code   RO          385    i.k_recv_msg_nb     k_msg.o
    0x10001914   0x10001914   0x0000005c   Code   RO          505    i.k_rt_tsk_get      k_task.o
    0x10001970   0x10001970   0x000000ac   Code   RO          506    i.k_rt_tsk_set      k_task.o
    0x10001a1c   0x10001a1c   0x00000070   Code   RO          507    i.k_rt_tsk_susp     k_task.o
    0x10001a8c   0x10001a8c   0x0000006c   Code   RO          456    i.k_rtx_init        k_rtx_init.o
    0x10001af8   0x10001af8   0x00000144   Code   RO          386    i.k_send_msg        k_msg.o
    0x10001c3c   0x10001c3c   0x00000108   Code   RO          387    i.k_send_msg_nb     k_msg.o
    0x10001d44   0x10001d44   0x0000000c   Code   RO          508    i.k_set_uart        k_task.o
    0x10001d50   0x10001d50   0x000000b0   Code   RO          509    i.k_tsk_create      k_task.o
    0x10001e00   0x10001e00   0x00000158   Code   RO          510    i.k_tsk_create_new  k_task.o
    0x10001f58   0x10001f58   0x00000160   Code   RO          511    i.k_tsk_exit        k_task.o
    0x100020b8   0x100020b8   0x0000015c   Code   RO          512    i.k_tsk_get         k_task.o
    0x10002214   0x10002214   0x00000030   Code   RO          513    i.k_tsk_gettid      k_task.o
    0x10002244   0x10002244   0x00000144   Code   RO          514    i.k_tsk_init        k_task.o
    0x10002388   0x10002388   0x0000001c   Code   RO          515    i.k_tsk_init_cdisp  k_task.o
    0x100023a4   0x100023a4   0x0000001c   Code   RO          516    i.k_tsk_init_first  k_task.o
    0x100023c0   0x100023c0   0x0000001c   Code   RO          517    i.k_tsk_init_kcd    k_task.o
    0x100023dc   0x100023dc   0x0000001c   Code   RO          518    i.k_tsk_init_wall_clock  k_task.o
    0x100023f8   0x100023f8   0x00000044   Code   RO          519    i.k_tsk_ls          k_task.o
    0x1000243c   0x1000243c   0x00000064   Code   RO          520    i.k_tsk_run_new     k_task.o
    0x100024a0   0x100024a0   0x00000298   Code   RO          521    i.k_tsk_set_prio    k_task.o
    0x10002738   0x10002738   0x0000000a   Code   RO          522    i.k_tsk_yield       k_task.o
    0x10002742   0x10002742   0x00000012   Code   RO          304    i.log               k_mem.o
    0x10002754   0x10002754   0x00000068   Code   RO          953    i.main              ae-lib-ram.lib(main.o)
    0x100027bc   0x100027bc   0x00000190   Code   RO          523    i.modify_priority_queue  k_task.o
    0x1000294c   0x1000294c   0x00000050   Code   RO          524    i.modify_sending_mbx_queue  k_task.o
    0x1000299c   0x1000299c   0x0000001c   Code   RO          305    i.needed_address    k_mem.o
    0x100029b8   0x100029b8   0x0000001c   Code   RO          306    i.pow               k_mem.o
    0x100029d4   0x100029d4   0x00000070   Code   RO         1239    i.print_log         ae-lib-ram.lib(ae_util.o)
    0x10002a44   0x10002a44   0x00000120   Code   RO         1240    i.print_results     ae-lib-ram.lib(ae_util.o)
    0x10002b64   0x10002b64   0x000000dc   Code   RO          803    i.print_state_to_cdisp  kcd_task.o
    0x10002c40   0x10002c40   0x0000002c   Code   RO         1241    i.print_summary     ae-lib-ram.lib(ae_util.o)
    0x10002c6c   0x10002c6c   0x00000038   Code   RO         1242    i.process_sub_result  ae-lib-ram.lib(ae_util.o)
    0x10002ca4   0x10002ca4   0x00000044   Code   RO            4    i.putc              uart_polling.o
    0x10002ce8   0x10002ce8   0x00000052   Code   RO          714    i.putchw            printf.o
    0x10002d3a   0x10002d3a   0x0000000a   Code   RO          715    i.putcp             printf.o
    0x10002d44   0x10002d44   0x00000048   Code   RO          525    i.scheduler         k_task.o
    0x10002d8c   0x10002d8c   0x00000040   Code   RO          851    i.send_not_valid_cmd  wall_clock_task.o
    0x10002dcc   0x10002dcc   0x0000001c   Code   RO         1122    i.set_ae_init_tasks  ae-lib-ram.lib(ae_tasks1_g1.o)
    0x10002de8   0x10002de8   0x00000044   Code   RO         1123    i.set_ae_tasks      ae-lib-ram.lib(ae_tasks1_g1.o)
    0x10002e2c   0x10002e2c   0x00000104   Code   RO          526    i.sort_rt_tsk       k_task.o
    0x10002f30   0x10002f30   0x000000d4   Code   RO          527    i.sort_time_increment  k_task.o
    0x10003004   0x10003004   0x00000020   Code   RO         1243    i.strcpy            ae-lib-ram.lib(ae_util.o)
    0x10003024   0x10003024   0x00000168   Code   RO         1124    i.task0             ae-lib-ram.lib(ae_tasks1_g1.o)
    0x1000318c   0x1000318c   0x00000184   Code   RO         1125    i.task1             ae-lib-ram.lib(ae_tasks1_g1.o)
    0x10003310   0x10003310   0x00000168   Code   RO         1126    i.task2             ae-lib-ram.lib(ae_tasks1_g1.o)
    0x10003478   0x10003478   0x00000220   Code   RO         1127    i.task3             ae-lib-ram.lib(ae_tasks1_g1.o)
    0x10003698   0x10003698   0x00000070   Code   RO          775    i.task_cdisp        cdisp_task.o
    0x10003708   0x10003708   0x000002cc   Code   RO          804    i.task_kcd          kcd_task.o
    0x100039d4   0x100039d4   0x00000006   Code   RO          829    i.task_null         null_task.o
    0x100039da   0x100039da   0x00000002   PAD
    0x100039dc   0x100039dc   0x000002c8   Code   RO          852    i.task_wall_clock   wall_clock_task.o
    0x10003ca4   0x10003ca4   0x000001c0   Code   RO         1128    i.test0_start       ae-lib-ram.lib(ae_tasks1_g1.o)
    0x10003e64   0x10003e64   0x00000274   Code   RO         1129    i.test1_start       ae-lib-ram.lib(ae_tasks1_g1.o)
    0x100040d8   0x100040d8   0x0000006c   Code   RO         1244    i.test_abort        ae-lib-ram.lib(ae_util.o)
    0x10004144   0x10004144   0x00000024   Code   RO         1245    i.test_exit         ae-lib-ram.lib(ae_util.o)
    0x10004168   0x10004168   0x00000128   Code   RO          716    i.tfp_format        printf.o
    0x10004290   0x10004290   0x0000002c   Code   RO          717    i.tfp_printf        printf.o
    0x100042bc   0x100042bc   0x0000002c   Code   RO          718    i.tfp_sprintf       printf.o
    0x100042e8   0x100042e8   0x00000098   Code   RO          186    i.timer_freerun_init  timer.o
    0x10004380   0x10004380   0x00000080   Code   RO          187    i.timer_irq_init    timer.o
    0x10004400   0x10004400   0x00000054   Code   RO          528    i.tsk_run_new_finish_send  k_task.o
    0x10004454   0x10004454   0x0000006c   Code   RO            6    i.uart_init         uart_polling.o
    0x100044c0   0x100044c0   0x0000009c   Code   RO           90    i.uart_irq_init     uart_irq.o
    0x1000455c   0x1000455c   0x00000034   Code   RO            7    i.uart_put_char     uart_polling.o
    0x10004590   0x10004590   0x00000026   Code   RO            8    i.uart_put_string   uart_polling.o
    0x100045b6   0x100045b6   0x00000056   Code   RO          719    i.ui2a              printf.o
    0x1000460c   0x1000460c   0x00000068   Code   RO          529    i.unblock_recv_task  k_task.o
    0x10004674   0x10004674   0x00000018   Code   RO         1130    i.update_ae_xtest   ae-lib-ram.lib(ae_tasks1_g1.o)
    0x1000468c   0x1000468c   0x00000044   Code   RO         1131    i.update_exec_seq   ae-lib-ram.lib(ae_tasks1_g1.o)
    0x100046d0   0x100046d0   0x0000001e   Data   RO         1133    .constdata          ae-lib-ram.lib(ae_tasks1_g1.o)
    0x100046ee   0x100046ee   0x00000002   PAD
    0x100046f0   0x100046f0   0x00000020   Data   RO         1355    Region$$Table       anon$$obj.o


    Execution Region RW_IRAM1 (Exec base: 0x10005000, Load base: 0x10004710, Size: 0x00000a50, Max: 0x00003000, ABSOLUTE)

    Exec Addr    Load Addr    Size         Type   Attr      Idx    E Section Name        Object

    0x10005000   0x10004710   0x0000001c   Data   RW           91    .data               uart_irq.o
    0x1000501c   0x1000472c   0x00000008   Data   RW          188    .data               timer.o
    0x10005024   0x10004734   0x00000010   Data   RW          309    .data               k_mem.o
    0x10005034   0x10004744   0x00000004   Data   RW          457    .data               k_rtx_init.o
    0x10005038   0x10004748   0x0000000d   Data   RW          531    .data               k_task.o
    0x10005045   0x10004755   0x00000003   PAD
    0x10005048   0x10004758   0x00000008   Data   RW          720    .data               printf.o
    0x10005050   0x10004760   0x00000010   Data   RW          954    .data               ae-lib-ram.lib(main.o)
    0x10005060   0x10004770   0x00000004   Data   RW         1134    .data               ae-lib-ram.lib(ae_tasks1_g1.o)
    0x10005064        -       0x00000194   Zero   RW          307    .bss                k_mem.o
    0x100051f8        -       0x00000028   Zero   RW          388    .bss                k_msg.o
    0x10005220        -       0x000003c0   Zero   RW          530    .bss                k_task.o
    0x100055e0        -       0x00000060   Zero   RW         1064    .bss                c_w.l(libspace.o)
    0x10005640        -       0x0000020c   Zero   RW         1132    .bss                ae-lib-ram.lib(ae_tasks1_g1.o)
    0x1000584c   0x10004774   0x00000004   PAD
    0x10005850        -       0x00000000   Zero   RW          875    HEAP                startup_lpc17xx.o
    0x10005850        -       0x00000200   Zero   RW          874    STACK               startup_lpc17xx.o


==============================================================================

Image component sizes


      Code (inc. data)   RO Data    RW Data    ZI Data      Debug   Object Name

       112          6          0          0          0       1193   cdisp_task.o
       304         24          0          0          0       5006   hal.o
      1866        222          0         16        404       9885   k_mem.o
      1696         72          0          0         40       7629   k_msg.o
       162          4          0          4          0       5710   k_rtx_init.o
      5088        336          0         13        960      28731   k_task.o
      1004         68          0          0          0       4570   kcd_task.o
         6          0          0          0          0        408   null_task.o
       722         26          0          8          0       6554   printf.o
        60         22        204          0        512        804   startup_lpc17xx.o
       320         16          0          0          0        585   system_lpc17xx.o
       464         58          0          8          0      30248   timer.o
       474         40          0         28          0       7143   uart_irq.o
       266         62          0          0          0      24309   uart_polling.o
       784        216          0          0          0       2873   wall_clock_task.o

    ----------------------------------------------------------------------
     13336       1172        236         80       1916     135648   Object Totals
         0          0         32          0          0          0   (incl. Generated)
         8          0          0          3          0          0   (incl. Padding)

    ----------------------------------------------------------------------

      Code (inc. data)   RO Data    RW Data    ZI Data      Debug   Library Member Name

        96          0          0          0          0       5031   ae.o
      3188       1188         30          4        524      11016   ae_tasks1_g1.o
       742        390          0          0          0       5806   ae_util.o
       104         20          0         16          0       5039   main.o
         8          0          0          0          0         68   __main.o
         0          0          0          0          0          0   __rtentry.o
        12          0          0          0          0          0   __rtentry2.o
         6          0          0          0          0          0   __rtentry4.o
        52          8          0          0          0          0   __scatter.o
        26          0          0          0          0          0   __scatter_copy.o
        28          0          0          0          0          0   __scatter_zi.o
        18          0          0          0          0         80   exit.o
         6          0          0          0          0        152   heapauxi.o
         0          0          0          0          0          0   indicate_semi.o
         2          0          0          0          0          0   libinit.o
         2          0          0          0          0          0   libinit2.o
         2          0          0          0          0          0   libshutdown.o
         2          0          0          0          0          0   libshutdown2.o
         8          4          0          0         96         68   libspace.o
        78          0          0          0          0         80   rt_memclr_w.o
       100          0          0          0          0         80   rt_memcpy_w.o
         2          0          0          0          0          0   rtexit.o
        10          0          0          0          0          0   rtexit2.o
        12          4          0          0          0         68   sys_exit.o
        74          0          0          0          0         80   sys_stackheap_outer.o
         2          0          0          0          0         68   use_no_semi.o

    ----------------------------------------------------------------------
      4588       1614         32         20        624      27636   Library Totals
         8          0          2          0          4          0   (incl. Padding)

    ----------------------------------------------------------------------

      Code (inc. data)   RO Data    RW Data    ZI Data      Debug   Library Name

      4130       1598         30         20        524      26892   ae-lib-ram.lib
       450         16          0          0         96        744   c_w.l

    ----------------------------------------------------------------------
      4588       1614         32         20        624      27636   Library Totals

    ----------------------------------------------------------------------

==============================================================================


      Code (inc. data)   RO Data    RW Data    ZI Data      Debug   

     17924       2786        268        100       2540     157456   Grand Totals
     17924       2786        268        100       2540     157456   ELF Image Totals
     17924       2786        268        100          0          0   ROM Totals

==============================================================================

    Total RO  Size (Code + RO Data)                18192 (  17.77kB)
    Total RW  Size (RW Data + ZI Data)              2640 (   2.58kB)
    Total ROM Size (Code + RO Data + RW Data)      18292 (  17.86kB)

==============================================================================

