<!doctype html public "-//w3c//dtd html 4.0 transitional//en">
<html><head>
<title>Static Call Graph - [.\Objects\RAM\rtx-app-ram.axf]</title></head>
<body><HR>
<H1>Static Call Graph for image .\Objects\RAM\rtx-app-ram.axf</H1><HR>
<BR><P>#&#060CALLGRAPH&#062# ARM Linker, 5060750: Last Updated: Thu Jul 21 00:02:13 2022
<BR><P>
<H3>Maximum Stack Usage =        376 bytes + Unknown(Functions without stacksize, Cycles, Untraceable Function Pointers)</H3><H3>
Call chain for Maximum Stack Depth:</H3>
task_kcd &rArr; print_state_to_cdisp &rArr; tfp_sprintf &rArr; tfp_format &rArr; putchw
<P>
<H3>
Functions with no stack information
</H3><UL>
 <LI><a href="#[50]">K_RESTORE</a>
 <LI><a href="#[52]">__user_initial_stackheap</a>
</UL>
</UL>
<P>
<H3>
Mutually Recursive functions
</H3> <LI><a href="#[5]">NMI_Handler</a>&nbsp;&nbsp;&nbsp;&rArr;&nbsp;&nbsp;&nbsp;<a href="#[5]">NMI_Handler</a><BR>
 <LI><a href="#[7]">MemManage_Handler</a>&nbsp;&nbsp;&nbsp;&rArr;&nbsp;&nbsp;&nbsp;<a href="#[7]">MemManage_Handler</a><BR>
 <LI><a href="#[8]">BusFault_Handler</a>&nbsp;&nbsp;&nbsp;&rArr;&nbsp;&nbsp;&nbsp;<a href="#[8]">BusFault_Handler</a><BR>
 <LI><a href="#[9]">UsageFault_Handler</a>&nbsp;&nbsp;&nbsp;&rArr;&nbsp;&nbsp;&nbsp;<a href="#[9]">UsageFault_Handler</a><BR>
 <LI><a href="#[b]">DebugMon_Handler</a>&nbsp;&nbsp;&nbsp;&rArr;&nbsp;&nbsp;&nbsp;<a href="#[b]">DebugMon_Handler</a><BR>
 <LI><a href="#[c]">PendSV_Handler</a>&nbsp;&nbsp;&nbsp;&rArr;&nbsp;&nbsp;&nbsp;<a href="#[c]">PendSV_Handler</a><BR>
 <LI><a href="#[d]">SysTick_Handler</a>&nbsp;&nbsp;&nbsp;&rArr;&nbsp;&nbsp;&nbsp;<a href="#[d]">SysTick_Handler</a><BR>
 <LI><a href="#[24]">ADC_IRQHandler</a>&nbsp;&nbsp;&nbsp;&rArr;&nbsp;&nbsp;&nbsp;<a href="#[24]">ADC_IRQHandler</a><BR>
 <LI><a href="#[7b]">coalesce_binary_bit_array</a>&nbsp;&nbsp;&nbsp;&rArr;&nbsp;&nbsp;&nbsp;<a href="#[7b]">coalesce_binary_bit_array</a><BR>
</UL>
<P>
<H3>
Function Pointers
</H3><UL>
 <LI><a href="#[24]">ADC_IRQHandler</a> from startup_lpc17xx.o(.text) referenced from startup_lpc17xx.o(RESET)
 <LI><a href="#[25]">BOD_IRQHandler</a> from startup_lpc17xx.o(.text) referenced from startup_lpc17xx.o(RESET)
 <LI><a href="#[8]">BusFault_Handler</a> from startup_lpc17xx.o(.text) referenced from startup_lpc17xx.o(RESET)
 <LI><a href="#[30]">CANActivity_IRQHandler</a> from startup_lpc17xx.o(.text) referenced from startup_lpc17xx.o(RESET)
 <LI><a href="#[27]">CAN_IRQHandler</a> from startup_lpc17xx.o(.text) referenced from startup_lpc17xx.o(RESET)
 <LI><a href="#[28]">DMA_IRQHandler</a> from startup_lpc17xx.o(.text) referenced from startup_lpc17xx.o(RESET)
 <LI><a href="#[b]">DebugMon_Handler</a> from startup_lpc17xx.o(.text) referenced from startup_lpc17xx.o(RESET)
 <LI><a href="#[20]">EINT0_IRQHandler</a> from startup_lpc17xx.o(.text) referenced from startup_lpc17xx.o(RESET)
 <LI><a href="#[21]">EINT1_IRQHandler</a> from startup_lpc17xx.o(.text) referenced from startup_lpc17xx.o(RESET)
 <LI><a href="#[22]">EINT2_IRQHandler</a> from startup_lpc17xx.o(.text) referenced from startup_lpc17xx.o(RESET)
 <LI><a href="#[23]">EINT3_IRQHandler</a> from startup_lpc17xx.o(.text) referenced from startup_lpc17xx.o(RESET)
 <LI><a href="#[2a]">ENET_IRQHandler</a> from startup_lpc17xx.o(.text) referenced from startup_lpc17xx.o(RESET)
 <LI><a href="#[6]">HardFault_Handler</a> from ae_util.o(i.HardFault_Handler) referenced from startup_lpc17xx.o(RESET)
 <LI><a href="#[18]">I2C0_IRQHandler</a> from startup_lpc17xx.o(.text) referenced from startup_lpc17xx.o(RESET)
 <LI><a href="#[19]">I2C1_IRQHandler</a> from startup_lpc17xx.o(.text) referenced from startup_lpc17xx.o(RESET)
 <LI><a href="#[1a]">I2C2_IRQHandler</a> from startup_lpc17xx.o(.text) referenced from startup_lpc17xx.o(RESET)
 <LI><a href="#[29]">I2S_IRQHandler</a> from startup_lpc17xx.o(.text) referenced from startup_lpc17xx.o(RESET)
 <LI><a href="#[2c]">MCPWM_IRQHandler</a> from startup_lpc17xx.o(.text) referenced from startup_lpc17xx.o(RESET)
 <LI><a href="#[7]">MemManage_Handler</a> from startup_lpc17xx.o(.text) referenced from startup_lpc17xx.o(RESET)
 <LI><a href="#[5]">NMI_Handler</a> from startup_lpc17xx.o(.text) referenced from startup_lpc17xx.o(RESET)
 <LI><a href="#[1e]">PLL0_IRQHandler</a> from startup_lpc17xx.o(.text) referenced from startup_lpc17xx.o(RESET)
 <LI><a href="#[2e]">PLL1_IRQHandler</a> from startup_lpc17xx.o(.text) referenced from startup_lpc17xx.o(RESET)
 <LI><a href="#[17]">PWM1_IRQHandler</a> from startup_lpc17xx.o(.text) referenced from startup_lpc17xx.o(RESET)
 <LI><a href="#[c]">PendSV_Handler</a> from startup_lpc17xx.o(.text) referenced from startup_lpc17xx.o(RESET)
 <LI><a href="#[2d]">QEI_IRQHandler</a> from startup_lpc17xx.o(.text) referenced from startup_lpc17xx.o(RESET)
 <LI><a href="#[2b]">RIT_IRQHandler</a> from startup_lpc17xx.o(.text) referenced from startup_lpc17xx.o(RESET)
 <LI><a href="#[1f]">RTC_IRQHandler</a> from startup_lpc17xx.o(.text) referenced from startup_lpc17xx.o(RESET)
 <LI><a href="#[4]">Reset_Handler</a> from startup_lpc17xx.o(.text) referenced from startup_lpc17xx.o(RESET)
 <LI><a href="#[1b]">SPI_IRQHandler</a> from startup_lpc17xx.o(.text) referenced from startup_lpc17xx.o(RESET)
 <LI><a href="#[1c]">SSP0_IRQHandler</a> from startup_lpc17xx.o(.text) referenced from startup_lpc17xx.o(RESET)
 <LI><a href="#[1d]">SSP1_IRQHandler</a> from startup_lpc17xx.o(.text) referenced from startup_lpc17xx.o(RESET)
 <LI><a href="#[a]">SVC_Handler</a> from hal.o(i.SVC_Handler) referenced from startup_lpc17xx.o(RESET)
 <LI><a href="#[33]">SVC_RTE</a> from hal.o(.emb_text) referenced from k_task.o(i.k_tsk_create_new)
 <LI><a href="#[d]">SysTick_Handler</a> from startup_lpc17xx.o(.text) referenced from startup_lpc17xx.o(RESET)
 <LI><a href="#[31]">SystemInit</a> from system_lpc17xx.o(i.SystemInit) referenced from startup_lpc17xx.o(.text)
 <LI><a href="#[f]">TIMER0_IRQHandler</a> from timer.o(i.TIMER0_IRQHandler) referenced from startup_lpc17xx.o(RESET)
 <LI><a href="#[10]">TIMER1_IRQHandler</a> from startup_lpc17xx.o(.text) referenced from startup_lpc17xx.o(RESET)
 <LI><a href="#[11]">TIMER2_IRQHandler</a> from startup_lpc17xx.o(.text) referenced from startup_lpc17xx.o(RESET)
 <LI><a href="#[12]">TIMER3_IRQHandler</a> from startup_lpc17xx.o(.text) referenced from startup_lpc17xx.o(RESET)
 <LI><a href="#[13]">UART0_IRQHandler</a> from uart_irq.o(i.UART0_IRQHandler) referenced from startup_lpc17xx.o(RESET)
 <LI><a href="#[14]">UART1_IRQHandler</a> from startup_lpc17xx.o(.text) referenced from startup_lpc17xx.o(RESET)
 <LI><a href="#[15]">UART2_IRQHandler</a> from startup_lpc17xx.o(.text) referenced from startup_lpc17xx.o(RESET)
 <LI><a href="#[16]">UART3_IRQHandler</a> from startup_lpc17xx.o(.text) referenced from startup_lpc17xx.o(RESET)
 <LI><a href="#[2f]">USBActivity_IRQHandler</a> from startup_lpc17xx.o(.text) referenced from startup_lpc17xx.o(RESET)
 <LI><a href="#[26]">USB_IRQHandler</a> from startup_lpc17xx.o(.text) referenced from startup_lpc17xx.o(RESET)
 <LI><a href="#[9]">UsageFault_Handler</a> from startup_lpc17xx.o(.text) referenced from startup_lpc17xx.o(RESET)
 <LI><a href="#[e]">WDT_IRQHandler</a> from startup_lpc17xx.o(.text) referenced from startup_lpc17xx.o(RESET)
 <LI><a href="#[3f]">__main</a> from __main.o(!!!main) referenced from startup_lpc17xx.o(.text)
 <LI><a href="#[39]">k_pre_rtx_init</a> from k_rtx_init.o(i.k_pre_rtx_init) referenced from main.o(i.main)
 <LI><a href="#[38]">putc</a> from uart_polling.o(i.putc) referenced from main.o(i.main)
 <LI><a href="#[3e]">putcp</a> from printf.o(i.putcp) referenced from printf.o(i.tfp_sprintf)
 <LI><a href="#[3a]">task0</a> from ae_tasks1_g1.o(i.task0) referenced from ae_tasks1_g1.o(i.set_ae_tasks)
 <LI><a href="#[3c]">task1</a> from ae_tasks1_g1.o(i.task1) referenced from ae_tasks1_g1.o(i.test0_start)
 <LI><a href="#[3d]">task2</a> from ae_tasks1_g1.o(i.task2) referenced from ae_tasks1_g1.o(i.test0_start)
 <LI><a href="#[3b]">task3</a> from ae_tasks1_g1.o(i.task3) referenced from ae_tasks1_g1.o(i.task1)
 <LI><a href="#[34]">task_cdisp</a> from cdisp_task.o(i.task_cdisp) referenced from k_task.o(i.k_tsk_init_cdisp)
 <LI><a href="#[36]">task_kcd</a> from kcd_task.o(i.task_kcd) referenced from k_task.o(i.k_tsk_init_kcd)
 <LI><a href="#[35]">task_null</a> from null_task.o(i.task_null) referenced from k_task.o(i.k_tsk_init_first)
 <LI><a href="#[37]">task_wall_clock</a> from wall_clock_task.o(i.task_wall_clock) referenced from k_task.o(i.k_tsk_init_wall_clock)
</UL>
<P>
<H3>
Global Symbols
</H3>
<P><STRONG><a name="[3f]"></a>__main</STRONG> (Thumb, 8 bytes, Stack size 0 bytes, __main.o(!!!main))
<BR><BR>[Calls]<UL><LI><a href="#[41]">&gt;&gt;</a>&nbsp;&nbsp;&nbsp;__rt_entry
<LI><a href="#[40]">&gt;&gt;</a>&nbsp;&nbsp;&nbsp;__scatterload
</UL>

<P><STRONG><a name="[40]"></a>__scatterload</STRONG> (Thumb, 0 bytes, Stack size unknown bytes, __scatter.o(!!!scatter))
<BR><BR>[Called By]<UL><LI><a href="#[3f]">&gt;&gt;</a>&nbsp;&nbsp;&nbsp;__main
</UL>

<P><STRONG><a name="[42]"></a>__scatterload_rt2</STRONG> (Thumb, 44 bytes, Stack size unknown bytes, __scatter.o(!!!scatter), UNUSED)
<BR><BR>[Calls]<UL><LI><a href="#[41]">&gt;&gt;</a>&nbsp;&nbsp;&nbsp;__rt_entry
</UL>

<P><STRONG><a name="[b3]"></a>__scatterload_rt2_thumb_only</STRONG> (Thumb, 0 bytes, Stack size unknown bytes, __scatter.o(!!!scatter), UNUSED)

<P><STRONG><a name="[b4]"></a>__scatterload_null</STRONG> (Thumb, 0 bytes, Stack size unknown bytes, __scatter.o(!!!scatter), UNUSED)

<P><STRONG><a name="[43]"></a>__scatterload_copy</STRONG> (Thumb, 26 bytes, Stack size unknown bytes, __scatter_copy.o(!!handler_copy), UNUSED)
<BR><BR>[Calls]<UL><LI><a href="#[43]">&gt;&gt;</a>&nbsp;&nbsp;&nbsp;__scatterload_copy
</UL>
<BR>[Called By]<UL><LI><a href="#[43]">&gt;&gt;</a>&nbsp;&nbsp;&nbsp;__scatterload_copy
</UL>

<P><STRONG><a name="[b5]"></a>__scatterload_zeroinit</STRONG> (Thumb, 28 bytes, Stack size unknown bytes, __scatter_zi.o(!!handler_zi), UNUSED)

<P><STRONG><a name="[47]"></a>__rt_lib_init</STRONG> (Thumb, 0 bytes, Stack size unknown bytes, libinit.o(.ARM.Collect$$libinit$$00000000))
<BR><BR>[Called By]<UL><LI><a href="#[46]">&gt;&gt;</a>&nbsp;&nbsp;&nbsp;__rt_entry_li
</UL>

<P><STRONG><a name="[b6]"></a>__rt_lib_init_alloca_1</STRONG> (Thumb, 0 bytes, Stack size unknown bytes, libinit2.o(.ARM.Collect$$libinit$$0000002E))

<P><STRONG><a name="[b7]"></a>__rt_lib_init_argv_1</STRONG> (Thumb, 0 bytes, Stack size unknown bytes, libinit2.o(.ARM.Collect$$libinit$$0000002C))

<P><STRONG><a name="[b8]"></a>__rt_lib_init_atexit_1</STRONG> (Thumb, 0 bytes, Stack size unknown bytes, libinit2.o(.ARM.Collect$$libinit$$0000001B))

<P><STRONG><a name="[b9]"></a>__rt_lib_init_clock_1</STRONG> (Thumb, 0 bytes, Stack size unknown bytes, libinit2.o(.ARM.Collect$$libinit$$00000021))

<P><STRONG><a name="[ba]"></a>__rt_lib_init_cpp_1</STRONG> (Thumb, 0 bytes, Stack size unknown bytes, libinit2.o(.ARM.Collect$$libinit$$00000032))

<P><STRONG><a name="[bb]"></a>__rt_lib_init_exceptions_1</STRONG> (Thumb, 0 bytes, Stack size unknown bytes, libinit2.o(.ARM.Collect$$libinit$$00000030))

<P><STRONG><a name="[bc]"></a>__rt_lib_init_fp_1</STRONG> (Thumb, 0 bytes, Stack size unknown bytes, libinit2.o(.ARM.Collect$$libinit$$00000002))

<P><STRONG><a name="[bd]"></a>__rt_lib_init_fp_trap_1</STRONG> (Thumb, 0 bytes, Stack size unknown bytes, libinit2.o(.ARM.Collect$$libinit$$0000001F))

<P><STRONG><a name="[be]"></a>__rt_lib_init_getenv_1</STRONG> (Thumb, 0 bytes, Stack size unknown bytes, libinit2.o(.ARM.Collect$$libinit$$00000023))

<P><STRONG><a name="[bf]"></a>__rt_lib_init_heap_1</STRONG> (Thumb, 0 bytes, Stack size unknown bytes, libinit2.o(.ARM.Collect$$libinit$$0000000A))

<P><STRONG><a name="[c0]"></a>__rt_lib_init_lc_collate_1</STRONG> (Thumb, 0 bytes, Stack size unknown bytes, libinit2.o(.ARM.Collect$$libinit$$00000011))

<P><STRONG><a name="[c1]"></a>__rt_lib_init_lc_ctype_1</STRONG> (Thumb, 0 bytes, Stack size unknown bytes, libinit2.o(.ARM.Collect$$libinit$$00000013))

<P><STRONG><a name="[c2]"></a>__rt_lib_init_lc_monetary_1</STRONG> (Thumb, 0 bytes, Stack size unknown bytes, libinit2.o(.ARM.Collect$$libinit$$00000015))

<P><STRONG><a name="[c3]"></a>__rt_lib_init_lc_numeric_1</STRONG> (Thumb, 0 bytes, Stack size unknown bytes, libinit2.o(.ARM.Collect$$libinit$$00000017))

<P><STRONG><a name="[c4]"></a>__rt_lib_init_lc_time_1</STRONG> (Thumb, 0 bytes, Stack size unknown bytes, libinit2.o(.ARM.Collect$$libinit$$00000019))

<P><STRONG><a name="[c5]"></a>__rt_lib_init_preinit_1</STRONG> (Thumb, 0 bytes, Stack size unknown bytes, libinit2.o(.ARM.Collect$$libinit$$00000004))

<P><STRONG><a name="[c6]"></a>__rt_lib_init_rand_1</STRONG> (Thumb, 0 bytes, Stack size unknown bytes, libinit2.o(.ARM.Collect$$libinit$$0000000E))

<P><STRONG><a name="[c7]"></a>__rt_lib_init_return</STRONG> (Thumb, 0 bytes, Stack size unknown bytes, libinit2.o(.ARM.Collect$$libinit$$00000033))

<P><STRONG><a name="[c8]"></a>__rt_lib_init_signal_1</STRONG> (Thumb, 0 bytes, Stack size unknown bytes, libinit2.o(.ARM.Collect$$libinit$$0000001D))

<P><STRONG><a name="[c9]"></a>__rt_lib_init_stdio_1</STRONG> (Thumb, 0 bytes, Stack size unknown bytes, libinit2.o(.ARM.Collect$$libinit$$00000025))

<P><STRONG><a name="[ca]"></a>__rt_lib_init_user_alloc_1</STRONG> (Thumb, 0 bytes, Stack size unknown bytes, libinit2.o(.ARM.Collect$$libinit$$0000000C))

<P><STRONG><a name="[4c]"></a>__rt_lib_shutdown</STRONG> (Thumb, 0 bytes, Stack size unknown bytes, libshutdown.o(.ARM.Collect$$libshutdown$$00000000))
<BR><BR>[Called By]<UL><LI><a href="#[4b]">&gt;&gt;</a>&nbsp;&nbsp;&nbsp;__rt_exit_ls
</UL>

<P><STRONG><a name="[cb]"></a>__rt_lib_shutdown_cpp_1</STRONG> (Thumb, 0 bytes, Stack size unknown bytes, libshutdown2.o(.ARM.Collect$$libshutdown$$00000002))

<P><STRONG><a name="[cc]"></a>__rt_lib_shutdown_fp_trap_1</STRONG> (Thumb, 0 bytes, Stack size unknown bytes, libshutdown2.o(.ARM.Collect$$libshutdown$$00000007))

<P><STRONG><a name="[cd]"></a>__rt_lib_shutdown_heap_1</STRONG> (Thumb, 0 bytes, Stack size unknown bytes, libshutdown2.o(.ARM.Collect$$libshutdown$$0000000F))

<P><STRONG><a name="[ce]"></a>__rt_lib_shutdown_return</STRONG> (Thumb, 0 bytes, Stack size unknown bytes, libshutdown2.o(.ARM.Collect$$libshutdown$$00000010))

<P><STRONG><a name="[cf]"></a>__rt_lib_shutdown_signal_1</STRONG> (Thumb, 0 bytes, Stack size unknown bytes, libshutdown2.o(.ARM.Collect$$libshutdown$$0000000A))

<P><STRONG><a name="[d0]"></a>__rt_lib_shutdown_stdio_1</STRONG> (Thumb, 0 bytes, Stack size unknown bytes, libshutdown2.o(.ARM.Collect$$libshutdown$$00000004))

<P><STRONG><a name="[d1]"></a>__rt_lib_shutdown_user_alloc_1</STRONG> (Thumb, 0 bytes, Stack size unknown bytes, libshutdown2.o(.ARM.Collect$$libshutdown$$0000000C))

<P><STRONG><a name="[41]"></a>__rt_entry</STRONG> (Thumb, 0 bytes, Stack size unknown bytes, __rtentry.o(.ARM.Collect$$rtentry$$00000000))
<BR><BR>[Called By]<UL><LI><a href="#[3f]">&gt;&gt;</a>&nbsp;&nbsp;&nbsp;__main
<LI><a href="#[42]">&gt;&gt;</a>&nbsp;&nbsp;&nbsp;__scatterload_rt2
</UL>

<P><STRONG><a name="[d2]"></a>__rt_entry_presh_1</STRONG> (Thumb, 0 bytes, Stack size unknown bytes, __rtentry2.o(.ARM.Collect$$rtentry$$00000002))

<P><STRONG><a name="[44]"></a>__rt_entry_sh</STRONG> (Thumb, 0 bytes, Stack size unknown bytes, __rtentry4.o(.ARM.Collect$$rtentry$$00000004))
<BR><BR>[Stack]<UL><LI>Max Depth = 8 + Unknown Stack Size
<LI>Call Chain = __rt_entry_sh &rArr; __user_setup_stackheap
</UL>
<BR>[Calls]<UL><LI><a href="#[45]">&gt;&gt;</a>&nbsp;&nbsp;&nbsp;__user_setup_stackheap
</UL>

<P><STRONG><a name="[46]"></a>__rt_entry_li</STRONG> (Thumb, 0 bytes, Stack size unknown bytes, __rtentry2.o(.ARM.Collect$$rtentry$$0000000A))
<BR><BR>[Calls]<UL><LI><a href="#[47]">&gt;&gt;</a>&nbsp;&nbsp;&nbsp;__rt_lib_init
</UL>

<P><STRONG><a name="[d3]"></a>__rt_entry_postsh_1</STRONG> (Thumb, 0 bytes, Stack size unknown bytes, __rtentry2.o(.ARM.Collect$$rtentry$$00000009))

<P><STRONG><a name="[48]"></a>__rt_entry_main</STRONG> (Thumb, 0 bytes, Stack size unknown bytes, __rtentry2.o(.ARM.Collect$$rtentry$$0000000D))
<BR><BR>[Stack]<UL><LI>Max Depth = 216 + Unknown Stack Size
<LI>Call Chain = __rt_entry_main &rArr; main &rArr; ae_init &rArr; ae_set_init_tasks_info &rArr; set_ae_init_tasks &rArr; set_ae_tasks &rArr; init_ae_tsk_test &rArr; tfp_printf &rArr; tfp_format &rArr; putchw
</UL>
<BR>[Calls]<UL><LI><a href="#[4a]">&gt;&gt;</a>&nbsp;&nbsp;&nbsp;exit
<LI><a href="#[49]">&gt;&gt;</a>&nbsp;&nbsp;&nbsp;main
</UL>

<P><STRONG><a name="[d4]"></a>__rt_entry_postli_1</STRONG> (Thumb, 0 bytes, Stack size unknown bytes, __rtentry2.o(.ARM.Collect$$rtentry$$0000000C))

<P><STRONG><a name="[53]"></a>__rt_exit</STRONG> (Thumb, 0 bytes, Stack size unknown bytes, rtexit.o(.ARM.Collect$$rtexit$$00000000))
<BR><BR>[Called By]<UL><LI><a href="#[4a]">&gt;&gt;</a>&nbsp;&nbsp;&nbsp;exit
</UL>

<P><STRONG><a name="[4b]"></a>__rt_exit_ls</STRONG> (Thumb, 0 bytes, Stack size unknown bytes, rtexit2.o(.ARM.Collect$$rtexit$$00000003))
<BR><BR>[Calls]<UL><LI><a href="#[4c]">&gt;&gt;</a>&nbsp;&nbsp;&nbsp;__rt_lib_shutdown
</UL>

<P><STRONG><a name="[d5]"></a>__rt_exit_prels_1</STRONG> (Thumb, 0 bytes, Stack size unknown bytes, rtexit2.o(.ARM.Collect$$rtexit$$00000002))

<P><STRONG><a name="[4d]"></a>__rt_exit_exit</STRONG> (Thumb, 0 bytes, Stack size unknown bytes, rtexit2.o(.ARM.Collect$$rtexit$$00000004))
<BR><BR>[Calls]<UL><LI><a href="#[4e]">&gt;&gt;</a>&nbsp;&nbsp;&nbsp;_sys_exit
</UL>

<P><STRONG><a name="[33]"></a>SVC_RTE</STRONG> (Thumb, 0 bytes, Stack size 0 bytes, hal.o(.emb_text))
<BR>[Address Reference Count : 1]<UL><LI> k_task.o(i.k_tsk_create_new)
</UL>
<P><STRONG><a name="[d6]"></a>__rte</STRONG> (Thumb, 8 bytes, Stack size 0 bytes, hal.o(.emb_text), UNUSED)

<P><STRONG><a name="[8a]"></a>k_tsk_switch</STRONG> (Thumb, 44 bytes, Stack size 0 bytes, k_task.o(.emb_text))
<BR><BR>[Called By]<UL><LI><a href="#[7e]">&gt;&gt;</a>&nbsp;&nbsp;&nbsp;tsk_run_new_finish_send
<LI><a href="#[7f]">&gt;&gt;</a>&nbsp;&nbsp;&nbsp;modify_priority_queue
<LI><a href="#[78]">&gt;&gt;</a>&nbsp;&nbsp;&nbsp;k_tsk_run_new
<LI><a href="#[69]">&gt;&gt;</a>&nbsp;&nbsp;&nbsp;k_rt_tsk_susp
</UL>

<P><STRONG><a name="[50]"></a>K_RESTORE</STRONG> (Thumb, 0 bytes, Stack size unknown bytes, k_task.o(.emb_text))
<BR><BR>[Called By]<UL><LI><a href="#[4f]">&gt;&gt;</a>&nbsp;&nbsp;&nbsp;k_tsk_start
</UL>

<P><STRONG><a name="[4f]"></a>k_tsk_start</STRONG> (Thumb, 2 bytes, Stack size 0 bytes, k_task.o(.emb_text))
<BR><BR>[Calls]<UL><LI><a href="#[50]">&gt;&gt;</a>&nbsp;&nbsp;&nbsp;K_RESTORE
</UL>
<BR>[Called By]<UL><LI><a href="#[56]">&gt;&gt;</a>&nbsp;&nbsp;&nbsp;k_rtx_init
</UL>

<P><STRONG><a name="[4]"></a>Reset_Handler</STRONG> (Thumb, 8 bytes, Stack size 0 bytes, startup_lpc17xx.o(.text))
<BR>[Address Reference Count : 1]<UL><LI> startup_lpc17xx.o(RESET)
</UL>
<P><STRONG><a name="[5]"></a>NMI_Handler</STRONG> (Thumb, 2 bytes, Stack size 0 bytes, startup_lpc17xx.o(.text))
<BR><BR>[Calls]<UL><LI><a href="#[5]">&gt;&gt;</a>&nbsp;&nbsp;&nbsp;NMI_Handler
</UL>
<BR>[Called By]<UL><LI><a href="#[5]">&gt;&gt;</a>&nbsp;&nbsp;&nbsp;NMI_Handler
</UL>
<BR>[Address Reference Count : 1]<UL><LI> startup_lpc17xx.o(RESET)
</UL>
<P><STRONG><a name="[7]"></a>MemManage_Handler</STRONG> (Thumb, 2 bytes, Stack size 0 bytes, startup_lpc17xx.o(.text))
<BR><BR>[Calls]<UL><LI><a href="#[7]">&gt;&gt;</a>&nbsp;&nbsp;&nbsp;MemManage_Handler
</UL>
<BR>[Called By]<UL><LI><a href="#[7]">&gt;&gt;</a>&nbsp;&nbsp;&nbsp;MemManage_Handler
</UL>
<BR>[Address Reference Count : 1]<UL><LI> startup_lpc17xx.o(RESET)
</UL>
<P><STRONG><a name="[8]"></a>BusFault_Handler</STRONG> (Thumb, 2 bytes, Stack size 0 bytes, startup_lpc17xx.o(.text))
<BR><BR>[Calls]<UL><LI><a href="#[8]">&gt;&gt;</a>&nbsp;&nbsp;&nbsp;BusFault_Handler
</UL>
<BR>[Called By]<UL><LI><a href="#[8]">&gt;&gt;</a>&nbsp;&nbsp;&nbsp;BusFault_Handler
</UL>
<BR>[Address Reference Count : 1]<UL><LI> startup_lpc17xx.o(RESET)
</UL>
<P><STRONG><a name="[9]"></a>UsageFault_Handler</STRONG> (Thumb, 2 bytes, Stack size 0 bytes, startup_lpc17xx.o(.text))
<BR><BR>[Calls]<UL><LI><a href="#[9]">&gt;&gt;</a>&nbsp;&nbsp;&nbsp;UsageFault_Handler
</UL>
<BR>[Called By]<UL><LI><a href="#[9]">&gt;&gt;</a>&nbsp;&nbsp;&nbsp;UsageFault_Handler
</UL>
<BR>[Address Reference Count : 1]<UL><LI> startup_lpc17xx.o(RESET)
</UL>
<P><STRONG><a name="[b]"></a>DebugMon_Handler</STRONG> (Thumb, 2 bytes, Stack size 0 bytes, startup_lpc17xx.o(.text))
<BR><BR>[Calls]<UL><LI><a href="#[b]">&gt;&gt;</a>&nbsp;&nbsp;&nbsp;DebugMon_Handler
</UL>
<BR>[Called By]<UL><LI><a href="#[b]">&gt;&gt;</a>&nbsp;&nbsp;&nbsp;DebugMon_Handler
</UL>
<BR>[Address Reference Count : 1]<UL><LI> startup_lpc17xx.o(RESET)
</UL>
<P><STRONG><a name="[c]"></a>PendSV_Handler</STRONG> (Thumb, 2 bytes, Stack size 0 bytes, startup_lpc17xx.o(.text))
<BR><BR>[Calls]<UL><LI><a href="#[c]">&gt;&gt;</a>&nbsp;&nbsp;&nbsp;PendSV_Handler
</UL>
<BR>[Called By]<UL><LI><a href="#[c]">&gt;&gt;</a>&nbsp;&nbsp;&nbsp;PendSV_Handler
</UL>
<BR>[Address Reference Count : 1]<UL><LI> startup_lpc17xx.o(RESET)
</UL>
<P><STRONG><a name="[d]"></a>SysTick_Handler</STRONG> (Thumb, 2 bytes, Stack size 0 bytes, startup_lpc17xx.o(.text))
<BR><BR>[Calls]<UL><LI><a href="#[d]">&gt;&gt;</a>&nbsp;&nbsp;&nbsp;SysTick_Handler
</UL>
<BR>[Called By]<UL><LI><a href="#[d]">&gt;&gt;</a>&nbsp;&nbsp;&nbsp;SysTick_Handler
</UL>
<BR>[Address Reference Count : 1]<UL><LI> startup_lpc17xx.o(RESET)
</UL>
<P><STRONG><a name="[24]"></a>ADC_IRQHandler</STRONG> (Thumb, 0 bytes, Stack size 0 bytes, startup_lpc17xx.o(.text))
<BR><BR>[Calls]<UL><LI><a href="#[24]">&gt;&gt;</a>&nbsp;&nbsp;&nbsp;ADC_IRQHandler
</UL>
<BR>[Called By]<UL><LI><a href="#[24]">&gt;&gt;</a>&nbsp;&nbsp;&nbsp;ADC_IRQHandler
</UL>
<BR>[Address Reference Count : 1]<UL><LI> startup_lpc17xx.o(RESET)
</UL>
<P><STRONG><a name="[25]"></a>BOD_IRQHandler</STRONG> (Thumb, 0 bytes, Stack size 0 bytes, startup_lpc17xx.o(.text))
<BR>[Address Reference Count : 1]<UL><LI> startup_lpc17xx.o(RESET)
</UL>
<P><STRONG><a name="[30]"></a>CANActivity_IRQHandler</STRONG> (Thumb, 0 bytes, Stack size 0 bytes, startup_lpc17xx.o(.text))
<BR>[Address Reference Count : 1]<UL><LI> startup_lpc17xx.o(RESET)
</UL>
<P><STRONG><a name="[27]"></a>CAN_IRQHandler</STRONG> (Thumb, 0 bytes, Stack size 0 bytes, startup_lpc17xx.o(.text))
<BR>[Address Reference Count : 1]<UL><LI> startup_lpc17xx.o(RESET)
</UL>
<P><STRONG><a name="[28]"></a>DMA_IRQHandler</STRONG> (Thumb, 0 bytes, Stack size 0 bytes, startup_lpc17xx.o(.text))
<BR>[Address Reference Count : 1]<UL><LI> startup_lpc17xx.o(RESET)
</UL>
<P><STRONG><a name="[20]"></a>EINT0_IRQHandler</STRONG> (Thumb, 0 bytes, Stack size 0 bytes, startup_lpc17xx.o(.text))
<BR>[Address Reference Count : 1]<UL><LI> startup_lpc17xx.o(RESET)
</UL>
<P><STRONG><a name="[21]"></a>EINT1_IRQHandler</STRONG> (Thumb, 0 bytes, Stack size 0 bytes, startup_lpc17xx.o(.text))
<BR>[Address Reference Count : 1]<UL><LI> startup_lpc17xx.o(RESET)
</UL>
<P><STRONG><a name="[22]"></a>EINT2_IRQHandler</STRONG> (Thumb, 0 bytes, Stack size 0 bytes, startup_lpc17xx.o(.text))
<BR>[Address Reference Count : 1]<UL><LI> startup_lpc17xx.o(RESET)
</UL>
<P><STRONG><a name="[23]"></a>EINT3_IRQHandler</STRONG> (Thumb, 0 bytes, Stack size 0 bytes, startup_lpc17xx.o(.text))
<BR>[Address Reference Count : 1]<UL><LI> startup_lpc17xx.o(RESET)
</UL>
<P><STRONG><a name="[2a]"></a>ENET_IRQHandler</STRONG> (Thumb, 0 bytes, Stack size 0 bytes, startup_lpc17xx.o(.text))
<BR>[Address Reference Count : 1]<UL><LI> startup_lpc17xx.o(RESET)
</UL>
<P><STRONG><a name="[18]"></a>I2C0_IRQHandler</STRONG> (Thumb, 0 bytes, Stack size 0 bytes, startup_lpc17xx.o(.text))
<BR>[Address Reference Count : 1]<UL><LI> startup_lpc17xx.o(RESET)
</UL>
<P><STRONG><a name="[19]"></a>I2C1_IRQHandler</STRONG> (Thumb, 0 bytes, Stack size 0 bytes, startup_lpc17xx.o(.text))
<BR>[Address Reference Count : 1]<UL><LI> startup_lpc17xx.o(RESET)
</UL>
<P><STRONG><a name="[1a]"></a>I2C2_IRQHandler</STRONG> (Thumb, 0 bytes, Stack size 0 bytes, startup_lpc17xx.o(.text))
<BR>[Address Reference Count : 1]<UL><LI> startup_lpc17xx.o(RESET)
</UL>
<P><STRONG><a name="[29]"></a>I2S_IRQHandler</STRONG> (Thumb, 0 bytes, Stack size 0 bytes, startup_lpc17xx.o(.text))
<BR>[Address Reference Count : 1]<UL><LI> startup_lpc17xx.o(RESET)
</UL>
<P><STRONG><a name="[2c]"></a>MCPWM_IRQHandler</STRONG> (Thumb, 0 bytes, Stack size 0 bytes, startup_lpc17xx.o(.text))
<BR>[Address Reference Count : 1]<UL><LI> startup_lpc17xx.o(RESET)
</UL>
<P><STRONG><a name="[1e]"></a>PLL0_IRQHandler</STRONG> (Thumb, 0 bytes, Stack size 0 bytes, startup_lpc17xx.o(.text))
<BR>[Address Reference Count : 1]<UL><LI> startup_lpc17xx.o(RESET)
</UL>
<P><STRONG><a name="[2e]"></a>PLL1_IRQHandler</STRONG> (Thumb, 0 bytes, Stack size 0 bytes, startup_lpc17xx.o(.text))
<BR>[Address Reference Count : 1]<UL><LI> startup_lpc17xx.o(RESET)
</UL>
<P><STRONG><a name="[17]"></a>PWM1_IRQHandler</STRONG> (Thumb, 0 bytes, Stack size 0 bytes, startup_lpc17xx.o(.text))
<BR>[Address Reference Count : 1]<UL><LI> startup_lpc17xx.o(RESET)
</UL>
<P><STRONG><a name="[2d]"></a>QEI_IRQHandler</STRONG> (Thumb, 0 bytes, Stack size 0 bytes, startup_lpc17xx.o(.text))
<BR>[Address Reference Count : 1]<UL><LI> startup_lpc17xx.o(RESET)
</UL>
<P><STRONG><a name="[2b]"></a>RIT_IRQHandler</STRONG> (Thumb, 0 bytes, Stack size 0 bytes, startup_lpc17xx.o(.text))
<BR>[Address Reference Count : 1]<UL><LI> startup_lpc17xx.o(RESET)
</UL>
<P><STRONG><a name="[1f]"></a>RTC_IRQHandler</STRONG> (Thumb, 0 bytes, Stack size 0 bytes, startup_lpc17xx.o(.text))
<BR>[Address Reference Count : 1]<UL><LI> startup_lpc17xx.o(RESET)
</UL>
<P><STRONG><a name="[1b]"></a>SPI_IRQHandler</STRONG> (Thumb, 0 bytes, Stack size 0 bytes, startup_lpc17xx.o(.text))
<BR>[Address Reference Count : 1]<UL><LI> startup_lpc17xx.o(RESET)
</UL>
<P><STRONG><a name="[1c]"></a>SSP0_IRQHandler</STRONG> (Thumb, 0 bytes, Stack size 0 bytes, startup_lpc17xx.o(.text))
<BR>[Address Reference Count : 1]<UL><LI> startup_lpc17xx.o(RESET)
</UL>
<P><STRONG><a name="[1d]"></a>SSP1_IRQHandler</STRONG> (Thumb, 0 bytes, Stack size 0 bytes, startup_lpc17xx.o(.text))
<BR>[Address Reference Count : 1]<UL><LI> startup_lpc17xx.o(RESET)
</UL>
<P><STRONG><a name="[10]"></a>TIMER1_IRQHandler</STRONG> (Thumb, 0 bytes, Stack size 0 bytes, startup_lpc17xx.o(.text))
<BR>[Address Reference Count : 1]<UL><LI> startup_lpc17xx.o(RESET)
</UL>
<P><STRONG><a name="[11]"></a>TIMER2_IRQHandler</STRONG> (Thumb, 0 bytes, Stack size 0 bytes, startup_lpc17xx.o(.text))
<BR>[Address Reference Count : 1]<UL><LI> startup_lpc17xx.o(RESET)
</UL>
<P><STRONG><a name="[12]"></a>TIMER3_IRQHandler</STRONG> (Thumb, 0 bytes, Stack size 0 bytes, startup_lpc17xx.o(.text))
<BR>[Address Reference Count : 1]<UL><LI> startup_lpc17xx.o(RESET)
</UL>
<P><STRONG><a name="[14]"></a>UART1_IRQHandler</STRONG> (Thumb, 0 bytes, Stack size 0 bytes, startup_lpc17xx.o(.text))
<BR>[Address Reference Count : 1]<UL><LI> startup_lpc17xx.o(RESET)
</UL>
<P><STRONG><a name="[15]"></a>UART2_IRQHandler</STRONG> (Thumb, 0 bytes, Stack size 0 bytes, startup_lpc17xx.o(.text))
<BR>[Address Reference Count : 1]<UL><LI> startup_lpc17xx.o(RESET)
</UL>
<P><STRONG><a name="[16]"></a>UART3_IRQHandler</STRONG> (Thumb, 0 bytes, Stack size 0 bytes, startup_lpc17xx.o(.text))
<BR>[Address Reference Count : 1]<UL><LI> startup_lpc17xx.o(RESET)
</UL>
<P><STRONG><a name="[2f]"></a>USBActivity_IRQHandler</STRONG> (Thumb, 0 bytes, Stack size 0 bytes, startup_lpc17xx.o(.text))
<BR>[Address Reference Count : 1]<UL><LI> startup_lpc17xx.o(RESET)
</UL>
<P><STRONG><a name="[26]"></a>USB_IRQHandler</STRONG> (Thumb, 0 bytes, Stack size 0 bytes, startup_lpc17xx.o(.text))
<BR>[Address Reference Count : 1]<UL><LI> startup_lpc17xx.o(RESET)
</UL>
<P><STRONG><a name="[e]"></a>WDT_IRQHandler</STRONG> (Thumb, 0 bytes, Stack size 0 bytes, startup_lpc17xx.o(.text))
<BR>[Address Reference Count : 1]<UL><LI> startup_lpc17xx.o(RESET)
</UL>
<P><STRONG><a name="[52]"></a>__user_initial_stackheap</STRONG> (Thumb, 0 bytes, Stack size unknown bytes, startup_lpc17xx.o(.text))
<BR><BR>[Called By]<UL><LI><a href="#[45]">&gt;&gt;</a>&nbsp;&nbsp;&nbsp;__user_setup_stackheap
</UL>

<P><STRONG><a name="[a5]"></a>__aeabi_memcpy4</STRONG> (Thumb, 0 bytes, Stack size 8 bytes, rt_memcpy_w.o(.text))
<BR><BR>[Stack]<UL><LI>Max Depth = 8<LI>Call Chain = __aeabi_memcpy4
</UL>
<BR>[Called By]<UL><LI><a href="#[36]">&gt;&gt;</a>&nbsp;&nbsp;&nbsp;task_kcd
<LI><a href="#[77]">&gt;&gt;</a>&nbsp;&nbsp;&nbsp;sort_rt_tsk
</UL>

<P><STRONG><a name="[d7]"></a>__aeabi_memcpy8</STRONG> (Thumb, 0 bytes, Stack size 8 bytes, rt_memcpy_w.o(.text), UNUSED)

<P><STRONG><a name="[d8]"></a>__rt_memcpy_w</STRONG> (Thumb, 100 bytes, Stack size 8 bytes, rt_memcpy_w.o(.text), UNUSED)

<P><STRONG><a name="[d9]"></a>_memcpy_lastbytes_aligned</STRONG> (Thumb, 0 bytes, Stack size unknown bytes, rt_memcpy_w.o(.text), UNUSED)

<P><STRONG><a name="[ab]"></a>__aeabi_memclr4</STRONG> (Thumb, 0 bytes, Stack size 4 bytes, rt_memclr_w.o(.text))
<BR><BR>[Stack]<UL><LI>Max Depth = 4<LI>Call Chain = __aeabi_memclr4
</UL>
<BR>[Called By]<UL><LI><a href="#[36]">&gt;&gt;</a>&nbsp;&nbsp;&nbsp;task_kcd
</UL>

<P><STRONG><a name="[da]"></a>__aeabi_memclr8</STRONG> (Thumb, 0 bytes, Stack size 4 bytes, rt_memclr_w.o(.text), UNUSED)

<P><STRONG><a name="[db]"></a>__rt_memclr_w</STRONG> (Thumb, 78 bytes, Stack size 4 bytes, rt_memclr_w.o(.text), UNUSED)

<P><STRONG><a name="[dc]"></a>_memset_w</STRONG> (Thumb, 0 bytes, Stack size unknown bytes, rt_memclr_w.o(.text), UNUSED)

<P><STRONG><a name="[dd]"></a>__use_two_region_memory</STRONG> (Thumb, 2 bytes, Stack size 0 bytes, heapauxi.o(.text), UNUSED)

<P><STRONG><a name="[de]"></a>__rt_heap_escrow$2region</STRONG> (Thumb, 2 bytes, Stack size 0 bytes, heapauxi.o(.text), UNUSED)

<P><STRONG><a name="[df]"></a>__rt_heap_expand$2region</STRONG> (Thumb, 2 bytes, Stack size 0 bytes, heapauxi.o(.text), UNUSED)

<P><STRONG><a name="[45]"></a>__user_setup_stackheap</STRONG> (Thumb, 74 bytes, Stack size 8 bytes, sys_stackheap_outer.o(.text))
<BR><BR>[Stack]<UL><LI>Max Depth = 8 + Unknown Stack Size
<LI>Call Chain = __user_setup_stackheap
</UL>
<BR>[Calls]<UL><LI><a href="#[51]">&gt;&gt;</a>&nbsp;&nbsp;&nbsp;__user_perproc_libspace
<LI><a href="#[52]">&gt;&gt;</a>&nbsp;&nbsp;&nbsp;__user_initial_stackheap
</UL>
<BR>[Called By]<UL><LI><a href="#[44]">&gt;&gt;</a>&nbsp;&nbsp;&nbsp;__rt_entry_sh
</UL>

<P><STRONG><a name="[4a]"></a>exit</STRONG> (Thumb, 18 bytes, Stack size 8 bytes, exit.o(.text))
<BR><BR>[Stack]<UL><LI>Max Depth = 8 + Unknown Stack Size
<LI>Call Chain = exit
</UL>
<BR>[Calls]<UL><LI><a href="#[53]">&gt;&gt;</a>&nbsp;&nbsp;&nbsp;__rt_exit
</UL>
<BR>[Called By]<UL><LI><a href="#[48]">&gt;&gt;</a>&nbsp;&nbsp;&nbsp;__rt_entry_main
</UL>

<P><STRONG><a name="[e0]"></a>__user_libspace</STRONG> (Thumb, 8 bytes, Stack size 0 bytes, libspace.o(.text), UNUSED)

<P><STRONG><a name="[51]"></a>__user_perproc_libspace</STRONG> (Thumb, 0 bytes, Stack size 0 bytes, libspace.o(.text))
<BR><BR>[Called By]<UL><LI><a href="#[45]">&gt;&gt;</a>&nbsp;&nbsp;&nbsp;__user_setup_stackheap
</UL>

<P><STRONG><a name="[e1]"></a>__user_perthread_libspace</STRONG> (Thumb, 0 bytes, Stack size 0 bytes, libspace.o(.text), UNUSED)

<P><STRONG><a name="[4e]"></a>_sys_exit</STRONG> (Thumb, 8 bytes, Stack size 0 bytes, sys_exit.o(.text))
<BR><BR>[Called By]<UL><LI><a href="#[4d]">&gt;&gt;</a>&nbsp;&nbsp;&nbsp;__rt_exit_exit
</UL>

<P><STRONG><a name="[e2]"></a>__I$use$semihosting</STRONG> (Thumb, 0 bytes, Stack size 0 bytes, use_no_semi.o(.text), UNUSED)

<P><STRONG><a name="[e3]"></a>__use_no_semihosting_swi</STRONG> (Thumb, 2 bytes, Stack size 0 bytes, use_no_semi.o(.text), UNUSED)

<P><STRONG><a name="[e4]"></a>__semihosting_library_function</STRONG> (Thumb, 0 bytes, Stack size unknown bytes, indicate_semi.o(.text), UNUSED)

<P><STRONG><a name="[6]"></a>HardFault_Handler</STRONG> (Thumb, 22 bytes, Stack size 8 bytes, ae_util.o(i.HardFault_Handler))
<BR><BR>[Stack]<UL><LI>Max Depth = 192<LI>Call Chain = HardFault_Handler &rArr; test_abort &rArr; print_summary &rArr; print_results &rArr; tfp_printf &rArr; tfp_format &rArr; putchw
</UL>
<BR>[Calls]<UL><LI><a href="#[54]">&gt;&gt;</a>&nbsp;&nbsp;&nbsp;tfp_printf
<LI><a href="#[55]">&gt;&gt;</a>&nbsp;&nbsp;&nbsp;test_abort
</UL>
<BR>[Address Reference Count : 1]<UL><LI> startup_lpc17xx.o(RESET)
</UL>
<P><STRONG><a name="[a]"></a>SVC_Handler</STRONG> (Thumb, 296 bytes, Stack size 24 bytes, hal.o(i.SVC_Handler))
<BR><BR>[Stack]<UL><LI>Max Depth = 248 + Unknown Stack Size
<LI>Call Chain = SVC_Handler &rArr; k_rtx_init &rArr; k_tsk_init &rArr; k_tsk_create_new &rArr; k_mpool_alloc &rArr; needed_address &rArr; pow
</UL>
<BR>[Calls]<UL><LI><a href="#[5c]">&gt;&gt;</a>&nbsp;&nbsp;&nbsp;k_tsk_yield
<LI><a href="#[5d]">&gt;&gt;</a>&nbsp;&nbsp;&nbsp;k_tsk_set_prio
<LI><a href="#[60]">&gt;&gt;</a>&nbsp;&nbsp;&nbsp;k_tsk_ls
<LI><a href="#[5f]">&gt;&gt;</a>&nbsp;&nbsp;&nbsp;k_tsk_gettid
<LI><a href="#[5e]">&gt;&gt;</a>&nbsp;&nbsp;&nbsp;k_tsk_get
<LI><a href="#[5b]">&gt;&gt;</a>&nbsp;&nbsp;&nbsp;k_tsk_exit
<LI><a href="#[5a]">&gt;&gt;</a>&nbsp;&nbsp;&nbsp;k_tsk_create
<LI><a href="#[62]">&gt;&gt;</a>&nbsp;&nbsp;&nbsp;k_send_msg
<LI><a href="#[56]">&gt;&gt;</a>&nbsp;&nbsp;&nbsp;k_rtx_init
<LI><a href="#[69]">&gt;&gt;</a>&nbsp;&nbsp;&nbsp;k_rt_tsk_susp
<LI><a href="#[68]">&gt;&gt;</a>&nbsp;&nbsp;&nbsp;k_rt_tsk_set
<LI><a href="#[6a]">&gt;&gt;</a>&nbsp;&nbsp;&nbsp;k_rt_tsk_get
<LI><a href="#[64]">&gt;&gt;</a>&nbsp;&nbsp;&nbsp;k_recv_msg
<LI><a href="#[59]">&gt;&gt;</a>&nbsp;&nbsp;&nbsp;k_mpool_dump
<LI><a href="#[66]">&gt;&gt;</a>&nbsp;&nbsp;&nbsp;k_mbx_ls
<LI><a href="#[67]">&gt;&gt;</a>&nbsp;&nbsp;&nbsp;k_mbx_get
<LI><a href="#[61]">&gt;&gt;</a>&nbsp;&nbsp;&nbsp;k_mbx_create
<LI><a href="#[63]">&gt;&gt;</a>&nbsp;&nbsp;&nbsp;k_send_msg_nb
<LI><a href="#[65]">&gt;&gt;</a>&nbsp;&nbsp;&nbsp;k_recv_msg_nb
<LI><a href="#[58]">&gt;&gt;</a>&nbsp;&nbsp;&nbsp;k_mpool_dealloc
<LI><a href="#[57]">&gt;&gt;</a>&nbsp;&nbsp;&nbsp;k_mpool_alloc
</UL>
<BR>[Address Reference Count : 1]<UL><LI> startup_lpc17xx.o(RESET)
</UL>
<P><STRONG><a name="[31]"></a>SystemInit</STRONG> (Thumb, 304 bytes, Stack size 0 bytes, system_lpc17xx.o(i.SystemInit))
<BR><BR>[Called By]<UL><LI><a href="#[49]">&gt;&gt;</a>&nbsp;&nbsp;&nbsp;main
</UL>
<BR>[Address Reference Count : 1]<UL><LI> startup_lpc17xx.o(.text)
</UL>
<P><STRONG><a name="[f]"></a>TIMER0_IRQHandler</STRONG> (Thumb, 98 bytes, Stack size 16 bytes, timer.o(i.TIMER0_IRQHandler))
<BR><BR>[Stack]<UL><LI>Max Depth = 72<LI>Call Chain = TIMER0_IRQHandler &rArr; sort_time_increment &rArr; sort_rt_tsk &rArr; __aeabi_memcpy4
</UL>
<BR>[Calls]<UL><LI><a href="#[6c]">&gt;&gt;</a>&nbsp;&nbsp;&nbsp;sort_time_increment
<LI><a href="#[6b]">&gt;&gt;</a>&nbsp;&nbsp;&nbsp;get_tick
</UL>
<BR>[Address Reference Count : 1]<UL><LI> startup_lpc17xx.o(RESET)
</UL>
<P><STRONG><a name="[13]"></a>UART0_IRQHandler</STRONG> (Thumb, 224 bytes, Stack size 32 bytes, uart_irq.o(i.UART0_IRQHandler))
<BR><BR>[Stack]<UL><LI>Max Depth = 240<LI>Call Chain = UART0_IRQHandler &rArr; k_send_msg_nb &rArr; modify_sending_mbx_queue &rArr; block_sending_mbx_queue &rArr; sort_rt_tsk &rArr; __aeabi_memcpy4
</UL>
<BR>[Calls]<UL><LI><a href="#[6d]">&gt;&gt;</a>&nbsp;&nbsp;&nbsp;k_set_uart
<LI><a href="#[63]">&gt;&gt;</a>&nbsp;&nbsp;&nbsp;k_send_msg_nb
<LI><a href="#[65]">&gt;&gt;</a>&nbsp;&nbsp;&nbsp;k_recv_msg_nb
<LI><a href="#[58]">&gt;&gt;</a>&nbsp;&nbsp;&nbsp;k_mpool_dealloc
<LI><a href="#[57]">&gt;&gt;</a>&nbsp;&nbsp;&nbsp;k_mpool_alloc
</UL>
<BR>[Address Reference Count : 1]<UL><LI> startup_lpc17xx.o(RESET)
</UL>
<P><STRONG><a name="[70]"></a>add_message_to_mbx</STRONG> (Thumb, 116 bytes, Stack size 16 bytes, k_msg.o(i.add_message_to_mbx))
<BR><BR>[Stack]<UL><LI>Max Depth = 56<LI>Call Chain = add_message_to_mbx &rArr; unblock_recv_task &rArr; modify_priority_queue &rArr; k_tsk_run_new
</UL>
<BR>[Calls]<UL><LI><a href="#[71]">&gt;&gt;</a>&nbsp;&nbsp;&nbsp;unblock_recv_task
</UL>
<BR>[Called By]<UL><LI><a href="#[62]">&gt;&gt;</a>&nbsp;&nbsp;&nbsp;k_send_msg
<LI><a href="#[63]">&gt;&gt;</a>&nbsp;&nbsp;&nbsp;k_send_msg_nb
</UL>

<P><STRONG><a name="[91]"></a>add_task_to_back_priority_queue</STRONG> (Thumb, 38 bytes, Stack size 0 bytes, k_task.o(i.add_task_to_back_priority_queue))
<BR><BR>[Called By]<UL><LI><a href="#[7f]">&gt;&gt;</a>&nbsp;&nbsp;&nbsp;modify_priority_queue
<LI><a href="#[71]">&gt;&gt;</a>&nbsp;&nbsp;&nbsp;unblock_recv_task
<LI><a href="#[5b]">&gt;&gt;</a>&nbsp;&nbsp;&nbsp;k_tsk_exit
</UL>

<P><STRONG><a name="[b0]"></a>add_tsk_to_front_of_high</STRONG> (Thumb, 24 bytes, Stack size 0 bytes, k_task.o(i.add_tsk_to_front_of_high))
<BR><BR>[Called By]<UL><LI><a href="#[7e]">&gt;&gt;</a>&nbsp;&nbsp;&nbsp;tsk_run_new_finish_send
</UL>

<P><STRONG><a name="[9f]"></a>ae_exit</STRONG> (Thumb, 4 bytes, Stack size 0 bytes, ae.o(i.ae_exit))
<BR><BR>[Called By]<UL><LI><a href="#[9e]">&gt;&gt;</a>&nbsp;&nbsp;&nbsp;print_summary
</UL>

<P><STRONG><a name="[72]"></a>ae_init</STRONG> (Thumb, 48 bytes, Stack size 24 bytes, ae.o(i.ae_init))
<BR><BR>[Stack]<UL><LI>Max Depth = 200<LI>Call Chain = ae_init &rArr; ae_set_init_tasks_info &rArr; set_ae_init_tasks &rArr; set_ae_tasks &rArr; init_ae_tsk_test &rArr; tfp_printf &rArr; tfp_format &rArr; putchw
</UL>
<BR>[Calls]<UL><LI><a href="#[73]">&gt;&gt;</a>&nbsp;&nbsp;&nbsp;ae_set_sys_info
<LI><a href="#[74]">&gt;&gt;</a>&nbsp;&nbsp;&nbsp;ae_set_init_tasks_info
</UL>
<BR>[Called By]<UL><LI><a href="#[49]">&gt;&gt;</a>&nbsp;&nbsp;&nbsp;main
</UL>

<P><STRONG><a name="[74]"></a>ae_set_init_tasks_info</STRONG> (Thumb, 22 bytes, Stack size 16 bytes, ae.o(i.ae_set_init_tasks_info))
<BR><BR>[Stack]<UL><LI>Max Depth = 176<LI>Call Chain = ae_set_init_tasks_info &rArr; set_ae_init_tasks &rArr; set_ae_tasks &rArr; init_ae_tsk_test &rArr; tfp_printf &rArr; tfp_format &rArr; putchw
</UL>
<BR>[Calls]<UL><LI><a href="#[75]">&gt;&gt;</a>&nbsp;&nbsp;&nbsp;set_ae_init_tasks
</UL>
<BR>[Called By]<UL><LI><a href="#[72]">&gt;&gt;</a>&nbsp;&nbsp;&nbsp;ae_init
</UL>

<P><STRONG><a name="[73]"></a>ae_set_sys_info</STRONG> (Thumb, 22 bytes, Stack size 0 bytes, ae.o(i.ae_set_sys_info))
<BR><BR>[Called By]<UL><LI><a href="#[72]">&gt;&gt;</a>&nbsp;&nbsp;&nbsp;ae_init
</UL>

<P><STRONG><a name="[76]"></a>block_recv_task</STRONG> (Thumb, 58 bytes, Stack size 8 bytes, k_task.o(i.block_recv_task))
<BR><BR>[Stack]<UL><LI>Max Depth = 48<LI>Call Chain = block_recv_task &rArr; sort_rt_tsk &rArr; __aeabi_memcpy4
</UL>
<BR>[Calls]<UL><LI><a href="#[77]">&gt;&gt;</a>&nbsp;&nbsp;&nbsp;sort_rt_tsk
<LI><a href="#[78]">&gt;&gt;</a>&nbsp;&nbsp;&nbsp;k_tsk_run_new
</UL>
<BR>[Called By]<UL><LI><a href="#[64]">&gt;&gt;</a>&nbsp;&nbsp;&nbsp;k_recv_msg
</UL>

<P><STRONG><a name="[79]"></a>block_sending_mbx_queue</STRONG> (Thumb, 296 bytes, Stack size 24 bytes, k_task.o(i.block_sending_mbx_queue))
<BR><BR>[Stack]<UL><LI>Max Depth = 64<LI>Call Chain = block_sending_mbx_queue &rArr; sort_rt_tsk &rArr; __aeabi_memcpy4
</UL>
<BR>[Calls]<UL><LI><a href="#[77]">&gt;&gt;</a>&nbsp;&nbsp;&nbsp;sort_rt_tsk
<LI><a href="#[78]">&gt;&gt;</a>&nbsp;&nbsp;&nbsp;k_tsk_run_new
</UL>
<BR>[Called By]<UL><LI><a href="#[8f]">&gt;&gt;</a>&nbsp;&nbsp;&nbsp;modify_sending_mbx_queue
<LI><a href="#[62]">&gt;&gt;</a>&nbsp;&nbsp;&nbsp;k_send_msg
</UL>

<P><STRONG><a name="[7a]"></a>cleanup_mbx</STRONG> (Thumb, 26 bytes, Stack size 8 bytes, k_msg.o(i.cleanup_mbx))
<BR><BR>[Stack]<UL><LI>Max Depth = 132<LI>Call Chain = cleanup_mbx &rArr; k_mpool_dealloc &rArr; coalesce_binary_bit_array &rArr;  coalesce_binary_bit_array (Cycle)
</UL>
<BR>[Calls]<UL><LI><a href="#[58]">&gt;&gt;</a>&nbsp;&nbsp;&nbsp;k_mpool_dealloc
</UL>
<BR>[Called By]<UL><LI><a href="#[5b]">&gt;&gt;</a>&nbsp;&nbsp;&nbsp;k_tsk_exit
</UL>

<P><STRONG><a name="[7b]"></a>coalesce_binary_bit_array</STRONG> (Thumb, 256 bytes, Stack size 44 bytes, k_mem.o(i.coalesce_binary_bit_array))
<BR><BR>[Stack]<UL><LI>Max Depth = 52 + In Cycle
<LI>Call Chain = coalesce_binary_bit_array &rArr;  coalesce_binary_bit_array (Cycle)
</UL>
<BR>[Calls]<UL><LI><a href="#[7c]">&gt;&gt;</a>&nbsp;&nbsp;&nbsp;pow
<LI><a href="#[7b]">&gt;&gt;</a>&nbsp;&nbsp;&nbsp;coalesce_binary_bit_array
</UL>
<BR>[Called By]<UL><LI><a href="#[7b]">&gt;&gt;</a>&nbsp;&nbsp;&nbsp;coalesce_binary_bit_array
<LI><a href="#[58]">&gt;&gt;</a>&nbsp;&nbsp;&nbsp;k_mpool_dealloc
</UL>

<P><STRONG><a name="[ad]"></a>convert_string_digit_to_int</STRONG> (Thumb, 8 bytes, Stack size 0 bytes, wall_clock_task.o(i.convert_string_digit_to_int))
<BR><BR>[Called By]<UL><LI><a href="#[37]">&gt;&gt;</a>&nbsp;&nbsp;&nbsp;task_wall_clock
</UL>

<P><STRONG><a name="[9b]"></a>count_set_bits</STRONG> (Thumb, 18 bytes, Stack size 0 bytes, ae_util.o(i.count_set_bits))
<BR><BR>[Called By]<UL><LI><a href="#[9a]">&gt;&gt;</a>&nbsp;&nbsp;&nbsp;print_results
</UL>

<P><STRONG><a name="[7d]"></a>first_check_real_time_tasks_sending_priority_queue_for_any_blocked_real_time_tasks_and_freeing_these_in_order_of_priority_then_if_there_is_still_room_remaining_then_start_checking_sending_queue_for_non_real_time_task_corresponding_to_tid_mailbox_then_if_there_are_tasks_waiting_to_send_proceed_to_let_them_finish_the_send_as_long_as_there_is_enough_space_remaining_in_the_mailbox_and_ensure_the_sender_immediately_gives_control_back_to_receiver_after_sending_completes_and_loop_until_there_is_no_longer_enough_space_in_the_mailbox</STRONG> (Thumb, 416 bytes, Stack size 16 bytes, k_task.o(i.first_check_real_time_tasks_sending_priority_queue_for_any_blocked_real_time_tasks_and_freeing_these_in_order_of_priority_then_if_there_is_still_room_remaining_then_start_checking_sending_queue_for_non_real_time_task_corresponding_to_tid_mailbox_then_if_there_are_tasks_waiting_to_send_proceed_to_let_them_finish_the_send_as_long_as_there_is_enough_space_remaining_in_the_mailbox_and_ensure_the_sender_immediately_gives_control_back_to_receiver_after_sending_completes_and_loop_until_there_is_no_longer_enough_space_in_the_mailbox))
<BR><BR>[Stack]<UL><LI>Max Depth = 40<LI>Call Chain = first_check_real_time_tasks_sending_priority_queue_for_any_blocked_real_time_tasks_and_freeing_these_in_order_of_priority_then_if_there_is_still_room_remaining_then_start_checking_sending_queue_for_non_real_time_task_corresponding_to_tid_mailbox_then_if_there_are_tasks_waiting_to_send_proceed_to_let_them_finish_the_send_as_long_as_there_is_enough_space_remaining_in_the_mailbox_and_ensure_the_sender_immediately_gives_control_back_to_receiver_after_sending_completes_and_loop_until_there_is_no_longer_enough_space_in_the_mailbox &rArr; modify_priority_queue &rArr; k_tsk_run_new
</UL>
<BR>[Calls]<UL><LI><a href="#[7e]">&gt;&gt;</a>&nbsp;&nbsp;&nbsp;tsk_run_new_finish_send
<LI><a href="#[7f]">&gt;&gt;</a>&nbsp;&nbsp;&nbsp;modify_priority_queue
<LI><a href="#[67]">&gt;&gt;</a>&nbsp;&nbsp;&nbsp;k_mbx_get
</UL>
<BR>[Called By]<UL><LI><a href="#[64]">&gt;&gt;</a>&nbsp;&nbsp;&nbsp;k_recv_msg
<LI><a href="#[65]">&gt;&gt;</a>&nbsp;&nbsp;&nbsp;k_recv_msg_nb
</UL>

<P><STRONG><a name="[80]"></a>gen_req0</STRONG> (Thumb, 72 bytes, Stack size 4 bytes, ae_tasks1_g1.o(i.gen_req0))
<BR><BR>[Stack]<UL><LI>Max Depth = 4<LI>Call Chain = gen_req0
</UL>
<BR>[Calls]<UL><LI><a href="#[81]">&gt;&gt;</a>&nbsp;&nbsp;&nbsp;update_ae_xtest
</UL>
<BR>[Called By]<UL><LI><a href="#[a7]">&gt;&gt;</a>&nbsp;&nbsp;&nbsp;test0_start
</UL>

<P><STRONG><a name="[82]"></a>gen_req1</STRONG> (Thumb, 68 bytes, Stack size 4 bytes, ae_tasks1_g1.o(i.gen_req1))
<BR><BR>[Stack]<UL><LI>Max Depth = 4<LI>Call Chain = gen_req1
</UL>
<BR>[Calls]<UL><LI><a href="#[81]">&gt;&gt;</a>&nbsp;&nbsp;&nbsp;update_ae_xtest
</UL>
<BR>[Called By]<UL><LI><a href="#[a8]">&gt;&gt;</a>&nbsp;&nbsp;&nbsp;test1_start
</UL>

<P><STRONG><a name="[6b]"></a>get_tick</STRONG> (Thumb, 58 bytes, Stack size 0 bytes, timer.o(i.get_tick))
<BR><BR>[Called By]<UL><LI><a href="#[f]">&gt;&gt;</a>&nbsp;&nbsp;&nbsp;TIMER0_IRQHandler
</UL>

<P><STRONG><a name="[ac]"></a>index_of_char</STRONG> (Thumb, 68 bytes, Stack size 0 bytes, kcd_task.o(i.index_of_char))
<BR><BR>[Called By]<UL><LI><a href="#[36]">&gt;&gt;</a>&nbsp;&nbsp;&nbsp;task_kcd
</UL>

<P><STRONG><a name="[85]"></a>init_ae_tsk_test</STRONG> (Thumb, 96 bytes, Stack size 8 bytes, ae_tasks1_g1.o(i.init_ae_tsk_test))
<BR><BR>[Stack]<UL><LI>Max Depth = 128<LI>Call Chain = init_ae_tsk_test &rArr; tfp_printf &rArr; tfp_format &rArr; putchw
</UL>
<BR>[Calls]<UL><LI><a href="#[54]">&gt;&gt;</a>&nbsp;&nbsp;&nbsp;tfp_printf
</UL>
<BR>[Called By]<UL><LI><a href="#[a4]">&gt;&gt;</a>&nbsp;&nbsp;&nbsp;set_ae_tasks
</UL>

<P><STRONG><a name="[98]"></a>init_printf</STRONG> (Thumb, 10 bytes, Stack size 0 bytes, printf.o(i.init_printf))
<BR><BR>[Called By]<UL><LI><a href="#[49]">&gt;&gt;</a>&nbsp;&nbsp;&nbsp;main
</UL>

<P><STRONG><a name="[61]"></a>k_mbx_create</STRONG> (Thumb, 132 bytes, Stack size 16 bytes, k_msg.o(i.k_mbx_create))
<BR><BR>[Stack]<UL><LI>Max Depth = 120<LI>Call Chain = k_mbx_create &rArr; k_mpool_alloc &rArr; needed_address &rArr; pow
</UL>
<BR>[Calls]<UL><LI><a href="#[5f]">&gt;&gt;</a>&nbsp;&nbsp;&nbsp;k_tsk_gettid
<LI><a href="#[67]">&gt;&gt;</a>&nbsp;&nbsp;&nbsp;k_mbx_get
<LI><a href="#[57]">&gt;&gt;</a>&nbsp;&nbsp;&nbsp;k_mpool_alloc
</UL>
<BR>[Called By]<UL><LI><a href="#[56]">&gt;&gt;</a>&nbsp;&nbsp;&nbsp;k_rtx_init
<LI><a href="#[a]">&gt;&gt;</a>&nbsp;&nbsp;&nbsp;SVC_Handler
</UL>

<P><STRONG><a name="[67]"></a>k_mbx_get</STRONG> (Thumb, 110 bytes, Stack size 0 bytes, k_msg.o(i.k_mbx_get))
<BR><BR>[Called By]<UL><LI><a href="#[7d]">&gt;&gt;</a>&nbsp;&nbsp;&nbsp;first_check_real_time_tasks_sending_priority_queue_for_any_blocked_real_time_tasks_and_freeing_these_in_order_of_priority_then_if_there_is_still_room_remaining_then_start_checking_sending_queue_for_non_real_time_task_corresponding_to_tid_mailbox_then_if_there_are_tasks_waiting_to_send_proceed_to_let_them_finish_the_send_as_long_as_there_is_enough_space_remaining_in_the_mailbox_and_ensure_the_sender_immediately_gives_control_back_to_receiver_after_sending_completes_and_loop_until_there_is_no_longer_enough_space_in_the_mailbox
<LI><a href="#[5b]">&gt;&gt;</a>&nbsp;&nbsp;&nbsp;k_tsk_exit
<LI><a href="#[62]">&gt;&gt;</a>&nbsp;&nbsp;&nbsp;k_send_msg
<LI><a href="#[64]">&gt;&gt;</a>&nbsp;&nbsp;&nbsp;k_recv_msg
<LI><a href="#[66]">&gt;&gt;</a>&nbsp;&nbsp;&nbsp;k_mbx_ls
<LI><a href="#[61]">&gt;&gt;</a>&nbsp;&nbsp;&nbsp;k_mbx_create
<LI><a href="#[a]">&gt;&gt;</a>&nbsp;&nbsp;&nbsp;SVC_Handler
<LI><a href="#[63]">&gt;&gt;</a>&nbsp;&nbsp;&nbsp;k_send_msg_nb
<LI><a href="#[65]">&gt;&gt;</a>&nbsp;&nbsp;&nbsp;k_recv_msg_nb
</UL>

<P><STRONG><a name="[66]"></a>k_mbx_ls</STRONG> (Thumb, 54 bytes, Stack size 16 bytes, k_msg.o(i.k_mbx_ls))
<BR><BR>[Stack]<UL><LI>Max Depth = 16<LI>Call Chain = k_mbx_ls
</UL>
<BR>[Calls]<UL><LI><a href="#[67]">&gt;&gt;</a>&nbsp;&nbsp;&nbsp;k_mbx_get
</UL>
<BR>[Called By]<UL><LI><a href="#[a]">&gt;&gt;</a>&nbsp;&nbsp;&nbsp;SVC_Handler
</UL>

<P><STRONG><a name="[86]"></a>k_mem_init</STRONG> (Thumb, 48 bytes, Stack size 8 bytes, k_mem.o(i.k_mem_init))
<BR><BR>[Stack]<UL><LI>Max Depth = 36<LI>Call Chain = k_mem_init &rArr; k_mpool_create
</UL>
<BR>[Calls]<UL><LI><a href="#[87]">&gt;&gt;</a>&nbsp;&nbsp;&nbsp;k_mpool_create
</UL>
<BR>[Called By]<UL><LI><a href="#[39]">&gt;&gt;</a>&nbsp;&nbsp;&nbsp;k_pre_rtx_init
</UL>

<P><STRONG><a name="[57]"></a>k_mpool_alloc</STRONG> (Thumb, 496 bytes, Stack size 76 bytes, k_mem.o(i.k_mpool_alloc))
<BR><BR>[Stack]<UL><LI>Max Depth = 104<LI>Call Chain = k_mpool_alloc &rArr; needed_address &rArr; pow
</UL>
<BR>[Calls]<UL><LI><a href="#[7c]">&gt;&gt;</a>&nbsp;&nbsp;&nbsp;pow
<LI><a href="#[88]">&gt;&gt;</a>&nbsp;&nbsp;&nbsp;needed_address
</UL>
<BR>[Called By]<UL><LI><a href="#[90]">&gt;&gt;</a>&nbsp;&nbsp;&nbsp;k_tsk_create_new
<LI><a href="#[39]">&gt;&gt;</a>&nbsp;&nbsp;&nbsp;k_pre_rtx_init
<LI><a href="#[61]">&gt;&gt;</a>&nbsp;&nbsp;&nbsp;k_mbx_create
<LI><a href="#[a]">&gt;&gt;</a>&nbsp;&nbsp;&nbsp;SVC_Handler
<LI><a href="#[13]">&gt;&gt;</a>&nbsp;&nbsp;&nbsp;UART0_IRQHandler
</UL>

<P><STRONG><a name="[87]"></a>k_mpool_create</STRONG> (Thumb, 272 bytes, Stack size 28 bytes, k_mem.o(i.k_mpool_create))
<BR><BR>[Stack]<UL><LI>Max Depth = 28<LI>Call Chain = k_mpool_create
</UL>
<BR>[Calls]<UL><LI><a href="#[89]">&gt;&gt;</a>&nbsp;&nbsp;&nbsp;log
</UL>
<BR>[Called By]<UL><LI><a href="#[86]">&gt;&gt;</a>&nbsp;&nbsp;&nbsp;k_mem_init
</UL>

<P><STRONG><a name="[58]"></a>k_mpool_dealloc</STRONG> (Thumb, 384 bytes, Stack size 72 bytes, k_mem.o(i.k_mpool_dealloc))
<BR><BR>[Stack]<UL><LI>Max Depth = 124<LI>Call Chain = k_mpool_dealloc &rArr; coalesce_binary_bit_array &rArr;  coalesce_binary_bit_array (Cycle)
</UL>
<BR>[Calls]<UL><LI><a href="#[7c]">&gt;&gt;</a>&nbsp;&nbsp;&nbsp;pow
<LI><a href="#[88]">&gt;&gt;</a>&nbsp;&nbsp;&nbsp;needed_address
<LI><a href="#[7b]">&gt;&gt;</a>&nbsp;&nbsp;&nbsp;coalesce_binary_bit_array
</UL>
<BR>[Called By]<UL><LI><a href="#[7a]">&gt;&gt;</a>&nbsp;&nbsp;&nbsp;cleanup_mbx
<LI><a href="#[5b]">&gt;&gt;</a>&nbsp;&nbsp;&nbsp;k_tsk_exit
<LI><a href="#[a]">&gt;&gt;</a>&nbsp;&nbsp;&nbsp;SVC_Handler
<LI><a href="#[13]">&gt;&gt;</a>&nbsp;&nbsp;&nbsp;UART0_IRQHandler
</UL>

<P><STRONG><a name="[59]"></a>k_mpool_dump</STRONG> (Thumb, 114 bytes, Stack size 40 bytes, k_mem.o(i.k_mpool_dump))
<BR><BR>[Stack]<UL><LI>Max Depth = 160<LI>Call Chain = k_mpool_dump &rArr; tfp_printf &rArr; tfp_format &rArr; putchw
</UL>
<BR>[Calls]<UL><LI><a href="#[54]">&gt;&gt;</a>&nbsp;&nbsp;&nbsp;tfp_printf
<LI><a href="#[7c]">&gt;&gt;</a>&nbsp;&nbsp;&nbsp;pow
</UL>
<BR>[Called By]<UL><LI><a href="#[56]">&gt;&gt;</a>&nbsp;&nbsp;&nbsp;k_rtx_init
<LI><a href="#[a]">&gt;&gt;</a>&nbsp;&nbsp;&nbsp;SVC_Handler
</UL>

<P><STRONG><a name="[39]"></a>k_pre_rtx_init</STRONG> (Thumb, 54 bytes, Stack size 16 bytes, k_rtx_init.o(i.k_pre_rtx_init))
<BR><BR>[Stack]<UL><LI>Max Depth = 120<LI>Call Chain = k_pre_rtx_init &rArr; k_mpool_alloc &rArr; needed_address &rArr; pow
</UL>
<BR>[Calls]<UL><LI><a href="#[86]">&gt;&gt;</a>&nbsp;&nbsp;&nbsp;k_mem_init
<LI><a href="#[57]">&gt;&gt;</a>&nbsp;&nbsp;&nbsp;k_mpool_alloc
</UL>
<BR>[Address Reference Count : 1]<UL><LI> main.o(i.main)
</UL>
<P><STRONG><a name="[64]"></a>k_recv_msg</STRONG> (Thumb, 302 bytes, Stack size 24 bytes, k_msg.o(i.k_recv_msg))
<BR><BR>[Stack]<UL><LI>Max Depth = 72<LI>Call Chain = k_recv_msg &rArr; block_recv_task &rArr; sort_rt_tsk &rArr; __aeabi_memcpy4
</UL>
<BR>[Calls]<UL><LI><a href="#[7d]">&gt;&gt;</a>&nbsp;&nbsp;&nbsp;first_check_real_time_tasks_sending_priority_queue_for_any_blocked_real_time_tasks_and_freeing_these_in_order_of_priority_then_if_there_is_still_room_remaining_then_start_checking_sending_queue_for_non_real_time_task_corresponding_to_tid_mailbox_then_if_there_are_tasks_waiting_to_send_proceed_to_let_them_finish_the_send_as_long_as_there_is_enough_space_remaining_in_the_mailbox_and_ensure_the_sender_immediately_gives_control_back_to_receiver_after_sending_completes_and_loop_until_there_is_no_longer_enough_space_in_the_mailbox
<LI><a href="#[76]">&gt;&gt;</a>&nbsp;&nbsp;&nbsp;block_recv_task
<LI><a href="#[5f]">&gt;&gt;</a>&nbsp;&nbsp;&nbsp;k_tsk_gettid
<LI><a href="#[67]">&gt;&gt;</a>&nbsp;&nbsp;&nbsp;k_mbx_get
</UL>
<BR>[Called By]<UL><LI><a href="#[a]">&gt;&gt;</a>&nbsp;&nbsp;&nbsp;SVC_Handler
</UL>

<P><STRONG><a name="[65]"></a>k_recv_msg_nb</STRONG> (Thumb, 314 bytes, Stack size 24 bytes, k_msg.o(i.k_recv_msg_nb))
<BR><BR>[Stack]<UL><LI>Max Depth = 64<LI>Call Chain = k_recv_msg_nb &rArr; first_check_real_time_tasks_sending_priority_queue_for_any_blocked_real_time_tasks_and_freeing_these_in_order_of_priority_then_if_there_is_still_room_remaining_then_start_checking_sending_queue_for_non_real_time_task_corresponding_to_tid_mailbox_then_if_there_are_tasks_waiting_to_send_proceed_to_let_them_finish_the_send_as_long_as_there_is_enough_space_remaining_in_the_mailbox_and_ensure_the_sender_immediately_gives_control_back_to_receiver_after_sending_completes_and_loop_until_there_is_no_longer_enough_space_in_the_mailbox &rArr; modify_priority_queue &rArr; k_tsk_run_new
</UL>
<BR>[Calls]<UL><LI><a href="#[7d]">&gt;&gt;</a>&nbsp;&nbsp;&nbsp;first_check_real_time_tasks_sending_priority_queue_for_any_blocked_real_time_tasks_and_freeing_these_in_order_of_priority_then_if_there_is_still_room_remaining_then_start_checking_sending_queue_for_non_real_time_task_corresponding_to_tid_mailbox_then_if_there_are_tasks_waiting_to_send_proceed_to_let_them_finish_the_send_as_long_as_there_is_enough_space_remaining_in_the_mailbox_and_ensure_the_sender_immediately_gives_control_back_to_receiver_after_sending_completes_and_loop_until_there_is_no_longer_enough_space_in_the_mailbox
<LI><a href="#[5f]">&gt;&gt;</a>&nbsp;&nbsp;&nbsp;k_tsk_gettid
<LI><a href="#[67]">&gt;&gt;</a>&nbsp;&nbsp;&nbsp;k_mbx_get
</UL>
<BR>[Called By]<UL><LI><a href="#[a]">&gt;&gt;</a>&nbsp;&nbsp;&nbsp;SVC_Handler
<LI><a href="#[13]">&gt;&gt;</a>&nbsp;&nbsp;&nbsp;UART0_IRQHandler
</UL>

<P><STRONG><a name="[6a]"></a>k_rt_tsk_get</STRONG> (Thumb, 80 bytes, Stack size 0 bytes, k_task.o(i.k_rt_tsk_get))
<BR><BR>[Called By]<UL><LI><a href="#[a]">&gt;&gt;</a>&nbsp;&nbsp;&nbsp;SVC_Handler
</UL>

<P><STRONG><a name="[68]"></a>k_rt_tsk_set</STRONG> (Thumb, 156 bytes, Stack size 8 bytes, k_task.o(i.k_rt_tsk_set))
<BR><BR>[Stack]<UL><LI>Max Depth = 48<LI>Call Chain = k_rt_tsk_set &rArr; sort_rt_tsk &rArr; __aeabi_memcpy4
</UL>
<BR>[Calls]<UL><LI><a href="#[77]">&gt;&gt;</a>&nbsp;&nbsp;&nbsp;sort_rt_tsk
</UL>
<BR>[Called By]<UL><LI><a href="#[a]">&gt;&gt;</a>&nbsp;&nbsp;&nbsp;SVC_Handler
</UL>

<P><STRONG><a name="[69]"></a>k_rt_tsk_susp</STRONG> (Thumb, 96 bytes, Stack size 8 bytes, k_task.o(i.k_rt_tsk_susp))
<BR><BR>[Stack]<UL><LI>Max Depth = 48<LI>Call Chain = k_rt_tsk_susp &rArr; sort_rt_tsk &rArr; __aeabi_memcpy4
</UL>
<BR>[Calls]<UL><LI><a href="#[77]">&gt;&gt;</a>&nbsp;&nbsp;&nbsp;sort_rt_tsk
<LI><a href="#[78]">&gt;&gt;</a>&nbsp;&nbsp;&nbsp;k_tsk_run_new
<LI><a href="#[8a]">&gt;&gt;</a>&nbsp;&nbsp;&nbsp;k_tsk_switch
</UL>
<BR>[Called By]<UL><LI><a href="#[a]">&gt;&gt;</a>&nbsp;&nbsp;&nbsp;SVC_Handler
</UL>

<P><STRONG><a name="[56]"></a>k_rtx_init</STRONG> (Thumb, 104 bytes, Stack size 16 bytes, k_rtx_init.o(i.k_rtx_init))
<BR><BR>[Stack]<UL><LI>Max Depth = 224 + Unknown Stack Size
<LI>Call Chain = k_rtx_init &rArr; k_tsk_init &rArr; k_tsk_create_new &rArr; k_mpool_alloc &rArr; needed_address &rArr; pow
</UL>
<BR>[Calls]<UL><LI><a href="#[4f]">&gt;&gt;</a>&nbsp;&nbsp;&nbsp;k_tsk_start
<LI><a href="#[8e]">&gt;&gt;</a>&nbsp;&nbsp;&nbsp;k_tsk_init
<LI><a href="#[59]">&gt;&gt;</a>&nbsp;&nbsp;&nbsp;k_mpool_dump
<LI><a href="#[61]">&gt;&gt;</a>&nbsp;&nbsp;&nbsp;k_mbx_create
<LI><a href="#[8c]">&gt;&gt;</a>&nbsp;&nbsp;&nbsp;timer_irq_init
<LI><a href="#[8d]">&gt;&gt;</a>&nbsp;&nbsp;&nbsp;timer_freerun_init
<LI><a href="#[8b]">&gt;&gt;</a>&nbsp;&nbsp;&nbsp;uart_irq_init
</UL>
<BR>[Called By]<UL><LI><a href="#[a]">&gt;&gt;</a>&nbsp;&nbsp;&nbsp;SVC_Handler
</UL>

<P><STRONG><a name="[62]"></a>k_send_msg</STRONG> (Thumb, 314 bytes, Stack size 120 bytes, k_msg.o(i.k_send_msg))
<BR><BR>[Stack]<UL><LI>Max Depth = 208<LI>Call Chain = k_send_msg &rArr; modify_sending_mbx_queue &rArr; block_sending_mbx_queue &rArr; sort_rt_tsk &rArr; __aeabi_memcpy4
</UL>
<BR>[Calls]<UL><LI><a href="#[8f]">&gt;&gt;</a>&nbsp;&nbsp;&nbsp;modify_sending_mbx_queue
<LI><a href="#[79]">&gt;&gt;</a>&nbsp;&nbsp;&nbsp;block_sending_mbx_queue
<LI><a href="#[70]">&gt;&gt;</a>&nbsp;&nbsp;&nbsp;add_message_to_mbx
<LI><a href="#[5c]">&gt;&gt;</a>&nbsp;&nbsp;&nbsp;k_tsk_yield
<LI><a href="#[5f]">&gt;&gt;</a>&nbsp;&nbsp;&nbsp;k_tsk_gettid
<LI><a href="#[5e]">&gt;&gt;</a>&nbsp;&nbsp;&nbsp;k_tsk_get
<LI><a href="#[67]">&gt;&gt;</a>&nbsp;&nbsp;&nbsp;k_mbx_get
</UL>
<BR>[Called By]<UL><LI><a href="#[a]">&gt;&gt;</a>&nbsp;&nbsp;&nbsp;SVC_Handler
</UL>

<P><STRONG><a name="[63]"></a>k_send_msg_nb</STRONG> (Thumb, 256 bytes, Stack size 120 bytes, k_msg.o(i.k_send_msg_nb))
<BR><BR>[Stack]<UL><LI>Max Depth = 208<LI>Call Chain = k_send_msg_nb &rArr; modify_sending_mbx_queue &rArr; block_sending_mbx_queue &rArr; sort_rt_tsk &rArr; __aeabi_memcpy4
</UL>
<BR>[Calls]<UL><LI><a href="#[8f]">&gt;&gt;</a>&nbsp;&nbsp;&nbsp;modify_sending_mbx_queue
<LI><a href="#[70]">&gt;&gt;</a>&nbsp;&nbsp;&nbsp;add_message_to_mbx
<LI><a href="#[5f]">&gt;&gt;</a>&nbsp;&nbsp;&nbsp;k_tsk_gettid
<LI><a href="#[5e]">&gt;&gt;</a>&nbsp;&nbsp;&nbsp;k_tsk_get
<LI><a href="#[67]">&gt;&gt;</a>&nbsp;&nbsp;&nbsp;k_mbx_get
</UL>
<BR>[Called By]<UL><LI><a href="#[a]">&gt;&gt;</a>&nbsp;&nbsp;&nbsp;SVC_Handler
<LI><a href="#[13]">&gt;&gt;</a>&nbsp;&nbsp;&nbsp;UART0_IRQHandler
</UL>

<P><STRONG><a name="[6d]"></a>k_set_uart</STRONG> (Thumb, 8 bytes, Stack size 0 bytes, k_task.o(i.k_set_uart))
<BR><BR>[Called By]<UL><LI><a href="#[13]">&gt;&gt;</a>&nbsp;&nbsp;&nbsp;UART0_IRQHandler
</UL>

<P><STRONG><a name="[5a]"></a>k_tsk_create</STRONG> (Thumb, 166 bytes, Stack size 48 bytes, k_task.o(i.k_tsk_create))
<BR><BR>[Stack]<UL><LI>Max Depth = 184<LI>Call Chain = k_tsk_create &rArr; k_tsk_create_new &rArr; k_mpool_alloc &rArr; needed_address &rArr; pow
</UL>
<BR>[Calls]<UL><LI><a href="#[7f]">&gt;&gt;</a>&nbsp;&nbsp;&nbsp;modify_priority_queue
<LI><a href="#[90]">&gt;&gt;</a>&nbsp;&nbsp;&nbsp;k_tsk_create_new
</UL>
<BR>[Called By]<UL><LI><a href="#[a]">&gt;&gt;</a>&nbsp;&nbsp;&nbsp;SVC_Handler
</UL>

<P><STRONG><a name="[90]"></a>k_tsk_create_new</STRONG> (Thumb, 336 bytes, Stack size 32 bytes, k_task.o(i.k_tsk_create_new))
<BR><BR>[Stack]<UL><LI>Max Depth = 136<LI>Call Chain = k_tsk_create_new &rArr; k_mpool_alloc &rArr; needed_address &rArr; pow
</UL>
<BR>[Calls]<UL><LI><a href="#[57]">&gt;&gt;</a>&nbsp;&nbsp;&nbsp;k_mpool_alloc
</UL>
<BR>[Called By]<UL><LI><a href="#[8e]">&gt;&gt;</a>&nbsp;&nbsp;&nbsp;k_tsk_init
<LI><a href="#[5a]">&gt;&gt;</a>&nbsp;&nbsp;&nbsp;k_tsk_create
</UL>

<P><STRONG><a name="[5b]"></a>k_tsk_exit</STRONG> (Thumb, 326 bytes, Stack size 16 bytes, k_task.o(i.k_tsk_exit))
<BR><BR>[Stack]<UL><LI>Max Depth = 148<LI>Call Chain = k_tsk_exit &rArr; cleanup_mbx &rArr; k_mpool_dealloc &rArr; coalesce_binary_bit_array &rArr;  coalesce_binary_bit_array (Cycle)
</UL>
<BR>[Calls]<UL><LI><a href="#[77]">&gt;&gt;</a>&nbsp;&nbsp;&nbsp;sort_rt_tsk
<LI><a href="#[78]">&gt;&gt;</a>&nbsp;&nbsp;&nbsp;k_tsk_run_new
<LI><a href="#[91]">&gt;&gt;</a>&nbsp;&nbsp;&nbsp;add_task_to_back_priority_queue
<LI><a href="#[7a]">&gt;&gt;</a>&nbsp;&nbsp;&nbsp;cleanup_mbx
<LI><a href="#[67]">&gt;&gt;</a>&nbsp;&nbsp;&nbsp;k_mbx_get
<LI><a href="#[58]">&gt;&gt;</a>&nbsp;&nbsp;&nbsp;k_mpool_dealloc
</UL>
<BR>[Called By]<UL><LI><a href="#[a]">&gt;&gt;</a>&nbsp;&nbsp;&nbsp;SVC_Handler
</UL>

<P><STRONG><a name="[5e]"></a>k_tsk_get</STRONG> (Thumb, 334 bytes, Stack size 12 bytes, k_task.o(i.k_tsk_get))
<BR><BR>[Stack]<UL><LI>Max Depth = 12<LI>Call Chain = k_tsk_get
</UL>
<BR>[Called By]<UL><LI><a href="#[5d]">&gt;&gt;</a>&nbsp;&nbsp;&nbsp;k_tsk_set_prio
<LI><a href="#[62]">&gt;&gt;</a>&nbsp;&nbsp;&nbsp;k_send_msg
<LI><a href="#[a]">&gt;&gt;</a>&nbsp;&nbsp;&nbsp;SVC_Handler
<LI><a href="#[63]">&gt;&gt;</a>&nbsp;&nbsp;&nbsp;k_send_msg_nb
</UL>

<P><STRONG><a name="[5f]"></a>k_tsk_gettid</STRONG> (Thumb, 36 bytes, Stack size 0 bytes, k_task.o(i.k_tsk_gettid))
<BR><BR>[Called By]<UL><LI><a href="#[62]">&gt;&gt;</a>&nbsp;&nbsp;&nbsp;k_send_msg
<LI><a href="#[64]">&gt;&gt;</a>&nbsp;&nbsp;&nbsp;k_recv_msg
<LI><a href="#[61]">&gt;&gt;</a>&nbsp;&nbsp;&nbsp;k_mbx_create
<LI><a href="#[a]">&gt;&gt;</a>&nbsp;&nbsp;&nbsp;SVC_Handler
<LI><a href="#[63]">&gt;&gt;</a>&nbsp;&nbsp;&nbsp;k_send_msg_nb
<LI><a href="#[65]">&gt;&gt;</a>&nbsp;&nbsp;&nbsp;k_recv_msg_nb
</UL>

<P><STRONG><a name="[8e]"></a>k_tsk_init</STRONG> (Thumb, 296 bytes, Stack size 72 bytes, k_task.o(i.k_tsk_init))
<BR><BR>[Stack]<UL><LI>Max Depth = 208<LI>Call Chain = k_tsk_init &rArr; k_tsk_create_new &rArr; k_mpool_alloc &rArr; needed_address &rArr; pow
</UL>
<BR>[Calls]<UL><LI><a href="#[95]">&gt;&gt;</a>&nbsp;&nbsp;&nbsp;k_tsk_init_wall_clock
<LI><a href="#[93]">&gt;&gt;</a>&nbsp;&nbsp;&nbsp;k_tsk_init_kcd
<LI><a href="#[92]">&gt;&gt;</a>&nbsp;&nbsp;&nbsp;k_tsk_init_first
<LI><a href="#[94]">&gt;&gt;</a>&nbsp;&nbsp;&nbsp;k_tsk_init_cdisp
<LI><a href="#[90]">&gt;&gt;</a>&nbsp;&nbsp;&nbsp;k_tsk_create_new
</UL>
<BR>[Called By]<UL><LI><a href="#[56]">&gt;&gt;</a>&nbsp;&nbsp;&nbsp;k_rtx_init
</UL>

<P><STRONG><a name="[94]"></a>k_tsk_init_cdisp</STRONG> (Thumb, 24 bytes, Stack size 0 bytes, k_task.o(i.k_tsk_init_cdisp))
<BR><BR>[Called By]<UL><LI><a href="#[8e]">&gt;&gt;</a>&nbsp;&nbsp;&nbsp;k_tsk_init
</UL>

<P><STRONG><a name="[92]"></a>k_tsk_init_first</STRONG> (Thumb, 22 bytes, Stack size 0 bytes, k_task.o(i.k_tsk_init_first))
<BR><BR>[Called By]<UL><LI><a href="#[8e]">&gt;&gt;</a>&nbsp;&nbsp;&nbsp;k_tsk_init
</UL>

<P><STRONG><a name="[93]"></a>k_tsk_init_kcd</STRONG> (Thumb, 24 bytes, Stack size 0 bytes, k_task.o(i.k_tsk_init_kcd))
<BR><BR>[Called By]<UL><LI><a href="#[8e]">&gt;&gt;</a>&nbsp;&nbsp;&nbsp;k_tsk_init
</UL>

<P><STRONG><a name="[95]"></a>k_tsk_init_wall_clock</STRONG> (Thumb, 24 bytes, Stack size 0 bytes, k_task.o(i.k_tsk_init_wall_clock))
<BR><BR>[Called By]<UL><LI><a href="#[8e]">&gt;&gt;</a>&nbsp;&nbsp;&nbsp;k_tsk_init
</UL>

<P><STRONG><a name="[60]"></a>k_tsk_ls</STRONG> (Thumb, 62 bytes, Stack size 12 bytes, k_task.o(i.k_tsk_ls))
<BR><BR>[Stack]<UL><LI>Max Depth = 12<LI>Call Chain = k_tsk_ls
</UL>
<BR>[Called By]<UL><LI><a href="#[a]">&gt;&gt;</a>&nbsp;&nbsp;&nbsp;SVC_Handler
</UL>

<P><STRONG><a name="[78]"></a>k_tsk_run_new</STRONG> (Thumb, 94 bytes, Stack size 8 bytes, k_task.o(i.k_tsk_run_new))
<BR><BR>[Stack]<UL><LI>Max Depth = 8<LI>Call Chain = k_tsk_run_new
</UL>
<BR>[Calls]<UL><LI><a href="#[96]">&gt;&gt;</a>&nbsp;&nbsp;&nbsp;scheduler
<LI><a href="#[8a]">&gt;&gt;</a>&nbsp;&nbsp;&nbsp;k_tsk_switch
</UL>
<BR>[Called By]<UL><LI><a href="#[7f]">&gt;&gt;</a>&nbsp;&nbsp;&nbsp;modify_priority_queue
<LI><a href="#[79]">&gt;&gt;</a>&nbsp;&nbsp;&nbsp;block_sending_mbx_queue
<LI><a href="#[76]">&gt;&gt;</a>&nbsp;&nbsp;&nbsp;block_recv_task
<LI><a href="#[5b]">&gt;&gt;</a>&nbsp;&nbsp;&nbsp;k_tsk_exit
<LI><a href="#[69]">&gt;&gt;</a>&nbsp;&nbsp;&nbsp;k_rt_tsk_susp
</UL>

<P><STRONG><a name="[5d]"></a>k_tsk_set_prio</STRONG> (Thumb, 642 bytes, Stack size 136 bytes, k_task.o(i.k_tsk_set_prio))
<BR><BR>[Stack]<UL><LI>Max Depth = 160<LI>Call Chain = k_tsk_set_prio &rArr; modify_priority_queue &rArr; k_tsk_run_new
</UL>
<BR>[Calls]<UL><LI><a href="#[7f]">&gt;&gt;</a>&nbsp;&nbsp;&nbsp;modify_priority_queue
<LI><a href="#[5e]">&gt;&gt;</a>&nbsp;&nbsp;&nbsp;k_tsk_get
</UL>
<BR>[Called By]<UL><LI><a href="#[a]">&gt;&gt;</a>&nbsp;&nbsp;&nbsp;SVC_Handler
</UL>

<P><STRONG><a name="[5c]"></a>k_tsk_yield</STRONG> (Thumb, 10 bytes, Stack size 8 bytes, k_task.o(i.k_tsk_yield))
<BR><BR>[Stack]<UL><LI>Max Depth = 32<LI>Call Chain = k_tsk_yield &rArr; modify_priority_queue &rArr; k_tsk_run_new
</UL>
<BR>[Calls]<UL><LI><a href="#[7f]">&gt;&gt;</a>&nbsp;&nbsp;&nbsp;modify_priority_queue
</UL>
<BR>[Called By]<UL><LI><a href="#[62]">&gt;&gt;</a>&nbsp;&nbsp;&nbsp;k_send_msg
<LI><a href="#[a]">&gt;&gt;</a>&nbsp;&nbsp;&nbsp;SVC_Handler
</UL>

<P><STRONG><a name="[89]"></a>log</STRONG> (Thumb, 18 bytes, Stack size 0 bytes, k_mem.o(i.log))
<BR><BR>[Called By]<UL><LI><a href="#[87]">&gt;&gt;</a>&nbsp;&nbsp;&nbsp;k_mpool_create
</UL>

<P><STRONG><a name="[49]"></a>main</STRONG> (Thumb, 84 bytes, Stack size 16 bytes, main.o(i.main))
<BR><BR>[Stack]<UL><LI>Max Depth = 216<LI>Call Chain = main &rArr; ae_init &rArr; ae_set_init_tasks_info &rArr; set_ae_init_tasks &rArr; set_ae_tasks &rArr; init_ae_tsk_test &rArr; tfp_printf &rArr; tfp_format &rArr; putchw
</UL>
<BR>[Calls]<UL><LI><a href="#[98]">&gt;&gt;</a>&nbsp;&nbsp;&nbsp;init_printf
<LI><a href="#[97]">&gt;&gt;</a>&nbsp;&nbsp;&nbsp;uart_init
<LI><a href="#[72]">&gt;&gt;</a>&nbsp;&nbsp;&nbsp;ae_init
<LI><a href="#[31]">&gt;&gt;</a>&nbsp;&nbsp;&nbsp;SystemInit
</UL>
<BR>[Called By]<UL><LI><a href="#[48]">&gt;&gt;</a>&nbsp;&nbsp;&nbsp;__rt_entry_main
</UL>

<P><STRONG><a name="[7f]"></a>modify_priority_queue</STRONG> (Thumb, 380 bytes, Stack size 16 bytes, k_task.o(i.modify_priority_queue))
<BR><BR>[Stack]<UL><LI>Max Depth = 24<LI>Call Chain = modify_priority_queue &rArr; k_tsk_run_new
</UL>
<BR>[Calls]<UL><LI><a href="#[78]">&gt;&gt;</a>&nbsp;&nbsp;&nbsp;k_tsk_run_new
<LI><a href="#[91]">&gt;&gt;</a>&nbsp;&nbsp;&nbsp;add_task_to_back_priority_queue
<LI><a href="#[8a]">&gt;&gt;</a>&nbsp;&nbsp;&nbsp;k_tsk_switch
</UL>
<BR>[Called By]<UL><LI><a href="#[71]">&gt;&gt;</a>&nbsp;&nbsp;&nbsp;unblock_recv_task
<LI><a href="#[7d]">&gt;&gt;</a>&nbsp;&nbsp;&nbsp;first_check_real_time_tasks_sending_priority_queue_for_any_blocked_real_time_tasks_and_freeing_these_in_order_of_priority_then_if_there_is_still_room_remaining_then_start_checking_sending_queue_for_non_real_time_task_corresponding_to_tid_mailbox_then_if_there_are_tasks_waiting_to_send_proceed_to_let_them_finish_the_send_as_long_as_there_is_enough_space_remaining_in_the_mailbox_and_ensure_the_sender_immediately_gives_control_back_to_receiver_after_sending_completes_and_loop_until_there_is_no_longer_enough_space_in_the_mailbox
<LI><a href="#[5c]">&gt;&gt;</a>&nbsp;&nbsp;&nbsp;k_tsk_yield
<LI><a href="#[5d]">&gt;&gt;</a>&nbsp;&nbsp;&nbsp;k_tsk_set_prio
<LI><a href="#[5a]">&gt;&gt;</a>&nbsp;&nbsp;&nbsp;k_tsk_create
<LI><a href="#[6c]">&gt;&gt;</a>&nbsp;&nbsp;&nbsp;sort_time_increment
</UL>

<P><STRONG><a name="[8f]"></a>modify_sending_mbx_queue</STRONG> (Thumb, 68 bytes, Stack size 24 bytes, k_task.o(i.modify_sending_mbx_queue))
<BR><BR>[Stack]<UL><LI>Max Depth = 88<LI>Call Chain = modify_sending_mbx_queue &rArr; block_sending_mbx_queue &rArr; sort_rt_tsk &rArr; __aeabi_memcpy4
</UL>
<BR>[Calls]<UL><LI><a href="#[79]">&gt;&gt;</a>&nbsp;&nbsp;&nbsp;block_sending_mbx_queue
</UL>
<BR>[Called By]<UL><LI><a href="#[62]">&gt;&gt;</a>&nbsp;&nbsp;&nbsp;k_send_msg
<LI><a href="#[63]">&gt;&gt;</a>&nbsp;&nbsp;&nbsp;k_send_msg_nb
</UL>

<P><STRONG><a name="[88]"></a>needed_address</STRONG> (Thumb, 28 bytes, Stack size 20 bytes, k_mem.o(i.needed_address))
<BR><BR>[Stack]<UL><LI>Max Depth = 28<LI>Call Chain = needed_address &rArr; pow
</UL>
<BR>[Calls]<UL><LI><a href="#[7c]">&gt;&gt;</a>&nbsp;&nbsp;&nbsp;pow
</UL>
<BR>[Called By]<UL><LI><a href="#[58]">&gt;&gt;</a>&nbsp;&nbsp;&nbsp;k_mpool_dealloc
<LI><a href="#[57]">&gt;&gt;</a>&nbsp;&nbsp;&nbsp;k_mpool_alloc
</UL>

<P><STRONG><a name="[7c]"></a>pow</STRONG> (Thumb, 28 bytes, Stack size 8 bytes, k_mem.o(i.pow))
<BR><BR>[Stack]<UL><LI>Max Depth = 8<LI>Call Chain = pow
</UL>
<BR>[Called By]<UL><LI><a href="#[88]">&gt;&gt;</a>&nbsp;&nbsp;&nbsp;needed_address
<LI><a href="#[7b]">&gt;&gt;</a>&nbsp;&nbsp;&nbsp;coalesce_binary_bit_array
<LI><a href="#[59]">&gt;&gt;</a>&nbsp;&nbsp;&nbsp;k_mpool_dump
<LI><a href="#[58]">&gt;&gt;</a>&nbsp;&nbsp;&nbsp;k_mpool_dealloc
<LI><a href="#[57]">&gt;&gt;</a>&nbsp;&nbsp;&nbsp;k_mpool_alloc
</UL>

<P><STRONG><a name="[99]"></a>print_log</STRONG> (Thumb, 42 bytes, Stack size 24 bytes, ae_util.o(i.print_log))
<BR><BR>[Stack]<UL><LI>Max Depth = 144<LI>Call Chain = print_log &rArr; tfp_printf &rArr; tfp_format &rArr; putchw
</UL>
<BR>[Calls]<UL><LI><a href="#[54]">&gt;&gt;</a>&nbsp;&nbsp;&nbsp;tfp_printf
</UL>
<BR>[Called By]<UL><LI><a href="#[a0]">&gt;&gt;</a>&nbsp;&nbsp;&nbsp;process_sub_result
</UL>

<P><STRONG><a name="[9a]"></a>print_results</STRONG> (Thumb, 118 bytes, Stack size 40 bytes, ae_util.o(i.print_results))
<BR><BR>[Stack]<UL><LI>Max Depth = 160<LI>Call Chain = print_results &rArr; tfp_printf &rArr; tfp_format &rArr; putchw
</UL>
<BR>[Calls]<UL><LI><a href="#[54]">&gt;&gt;</a>&nbsp;&nbsp;&nbsp;tfp_printf
<LI><a href="#[9b]">&gt;&gt;</a>&nbsp;&nbsp;&nbsp;count_set_bits
</UL>
<BR>[Called By]<UL><LI><a href="#[9e]">&gt;&gt;</a>&nbsp;&nbsp;&nbsp;print_summary
</UL>

<P><STRONG><a name="[9c]"></a>print_state_to_cdisp</STRONG> (Thumb, 192 bytes, Stack size 112 bytes, kcd_task.o(i.print_state_to_cdisp))
<BR><BR>[Stack]<UL><LI>Max Depth = 232<LI>Call Chain = print_state_to_cdisp &rArr; tfp_sprintf &rArr; tfp_format &rArr; putchw
</UL>
<BR>[Calls]<UL><LI><a href="#[9d]">&gt;&gt;</a>&nbsp;&nbsp;&nbsp;tfp_sprintf
</UL>
<BR>[Called By]<UL><LI><a href="#[36]">&gt;&gt;</a>&nbsp;&nbsp;&nbsp;task_kcd
</UL>

<P><STRONG><a name="[9e]"></a>print_summary</STRONG> (Thumb, 22 bytes, Stack size 8 bytes, ae_util.o(i.print_summary))
<BR><BR>[Stack]<UL><LI>Max Depth = 168<LI>Call Chain = print_summary &rArr; print_results &rArr; tfp_printf &rArr; tfp_format &rArr; putchw
</UL>
<BR>[Calls]<UL><LI><a href="#[54]">&gt;&gt;</a>&nbsp;&nbsp;&nbsp;tfp_printf
<LI><a href="#[9a]">&gt;&gt;</a>&nbsp;&nbsp;&nbsp;print_results
<LI><a href="#[9f]">&gt;&gt;</a>&nbsp;&nbsp;&nbsp;ae_exit
</UL>
<BR>[Called By]<UL><LI><a href="#[55]">&gt;&gt;</a>&nbsp;&nbsp;&nbsp;test_abort
<LI><a href="#[aa]">&gt;&gt;</a>&nbsp;&nbsp;&nbsp;test_exit
</UL>

<P><STRONG><a name="[a0]"></a>process_sub_result</STRONG> (Thumb, 46 bytes, Stack size 16 bytes, ae_util.o(i.process_sub_result))
<BR><BR>[Stack]<UL><LI>Max Depth = 160<LI>Call Chain = process_sub_result &rArr; print_log &rArr; tfp_printf &rArr; tfp_format &rArr; putchw
</UL>
<BR>[Calls]<UL><LI><a href="#[99]">&gt;&gt;</a>&nbsp;&nbsp;&nbsp;print_log
</UL>
<BR>[Called By]<UL><LI><a href="#[a8]">&gt;&gt;</a>&nbsp;&nbsp;&nbsp;test1_start
<LI><a href="#[a7]">&gt;&gt;</a>&nbsp;&nbsp;&nbsp;test0_start
<LI><a href="#[3b]">&gt;&gt;</a>&nbsp;&nbsp;&nbsp;task3
<LI><a href="#[3d]">&gt;&gt;</a>&nbsp;&nbsp;&nbsp;task2
<LI><a href="#[3c]">&gt;&gt;</a>&nbsp;&nbsp;&nbsp;task1
<LI><a href="#[3a]">&gt;&gt;</a>&nbsp;&nbsp;&nbsp;task0
</UL>

<P><STRONG><a name="[38]"></a>putc</STRONG> (Thumb, 28 bytes, Stack size 12 bytes, uart_polling.o(i.putc))
<BR><BR>[Stack]<UL><LI>Max Depth = 24<LI>Call Chain = putc &rArr; uart_put_string
</UL>
<BR>[Calls]<UL><LI><a href="#[a1]">&gt;&gt;</a>&nbsp;&nbsp;&nbsp;uart_put_string
<LI><a href="#[a2]">&gt;&gt;</a>&nbsp;&nbsp;&nbsp;uart_put_char
</UL>
<BR>[Address Reference Count : 1]<UL><LI> main.o(i.main)
</UL>
<P><STRONG><a name="[96]"></a>scheduler</STRONG> (Thumb, 68 bytes, Stack size 0 bytes, k_task.o(i.scheduler))
<BR><BR>[Called By]<UL><LI><a href="#[78]">&gt;&gt;</a>&nbsp;&nbsp;&nbsp;k_tsk_run_new
</UL>

<P><STRONG><a name="[a3]"></a>send_not_valid_cmd</STRONG> (Thumb, 40 bytes, Stack size 8 bytes, wall_clock_task.o(i.send_not_valid_cmd))
<BR><BR>[Stack]<UL><LI>Max Depth = 128<LI>Call Chain = send_not_valid_cmd &rArr; tfp_sprintf &rArr; tfp_format &rArr; putchw
</UL>
<BR>[Calls]<UL><LI><a href="#[9d]">&gt;&gt;</a>&nbsp;&nbsp;&nbsp;tfp_sprintf
</UL>
<BR>[Called By]<UL><LI><a href="#[37]">&gt;&gt;</a>&nbsp;&nbsp;&nbsp;task_wall_clock
</UL>

<P><STRONG><a name="[75]"></a>set_ae_init_tasks</STRONG> (Thumb, 24 bytes, Stack size 16 bytes, ae_tasks1_g1.o(i.set_ae_init_tasks))
<BR><BR>[Stack]<UL><LI>Max Depth = 160<LI>Call Chain = set_ae_init_tasks &rArr; set_ae_tasks &rArr; init_ae_tsk_test &rArr; tfp_printf &rArr; tfp_format &rArr; putchw
</UL>
<BR>[Calls]<UL><LI><a href="#[a4]">&gt;&gt;</a>&nbsp;&nbsp;&nbsp;set_ae_tasks
</UL>
<BR>[Called By]<UL><LI><a href="#[74]">&gt;&gt;</a>&nbsp;&nbsp;&nbsp;ae_set_init_tasks_info
</UL>

<P><STRONG><a name="[a4]"></a>set_ae_tasks</STRONG> (Thumb, 64 bytes, Stack size 16 bytes, ae_tasks1_g1.o(i.set_ae_tasks))
<BR><BR>[Stack]<UL><LI>Max Depth = 144<LI>Call Chain = set_ae_tasks &rArr; init_ae_tsk_test &rArr; tfp_printf &rArr; tfp_format &rArr; putchw
</UL>
<BR>[Calls]<UL><LI><a href="#[85]">&gt;&gt;</a>&nbsp;&nbsp;&nbsp;init_ae_tsk_test
</UL>
<BR>[Called By]<UL><LI><a href="#[75]">&gt;&gt;</a>&nbsp;&nbsp;&nbsp;set_ae_init_tasks
</UL>

<P><STRONG><a name="[77]"></a>sort_rt_tsk</STRONG> (Thumb, 246 bytes, Stack size 32 bytes, k_task.o(i.sort_rt_tsk))
<BR><BR>[Stack]<UL><LI>Max Depth = 40<LI>Call Chain = sort_rt_tsk &rArr; __aeabi_memcpy4
</UL>
<BR>[Calls]<UL><LI><a href="#[a5]">&gt;&gt;</a>&nbsp;&nbsp;&nbsp;__aeabi_memcpy4
</UL>
<BR>[Called By]<UL><LI><a href="#[79]">&gt;&gt;</a>&nbsp;&nbsp;&nbsp;block_sending_mbx_queue
<LI><a href="#[76]">&gt;&gt;</a>&nbsp;&nbsp;&nbsp;block_recv_task
<LI><a href="#[5b]">&gt;&gt;</a>&nbsp;&nbsp;&nbsp;k_tsk_exit
<LI><a href="#[69]">&gt;&gt;</a>&nbsp;&nbsp;&nbsp;k_rt_tsk_susp
<LI><a href="#[68]">&gt;&gt;</a>&nbsp;&nbsp;&nbsp;k_rt_tsk_set
<LI><a href="#[6c]">&gt;&gt;</a>&nbsp;&nbsp;&nbsp;sort_time_increment
</UL>

<P><STRONG><a name="[6c]"></a>sort_time_increment</STRONG> (Thumb, 200 bytes, Stack size 16 bytes, k_task.o(i.sort_time_increment))
<BR><BR>[Stack]<UL><LI>Max Depth = 56<LI>Call Chain = sort_time_increment &rArr; sort_rt_tsk &rArr; __aeabi_memcpy4
</UL>
<BR>[Calls]<UL><LI><a href="#[77]">&gt;&gt;</a>&nbsp;&nbsp;&nbsp;sort_rt_tsk
<LI><a href="#[7f]">&gt;&gt;</a>&nbsp;&nbsp;&nbsp;modify_priority_queue
</UL>
<BR>[Called By]<UL><LI><a href="#[f]">&gt;&gt;</a>&nbsp;&nbsp;&nbsp;TIMER0_IRQHandler
</UL>

<P><STRONG><a name="[a9]"></a>strcpy</STRONG> (Thumb, 32 bytes, Stack size 8 bytes, ae_util.o(i.strcpy))
<BR><BR>[Stack]<UL><LI>Max Depth = 8<LI>Call Chain = strcpy
</UL>
<BR>[Called By]<UL><LI><a href="#[a8]">&gt;&gt;</a>&nbsp;&nbsp;&nbsp;test1_start
<LI><a href="#[a7]">&gt;&gt;</a>&nbsp;&nbsp;&nbsp;test0_start
<LI><a href="#[3c]">&gt;&gt;</a>&nbsp;&nbsp;&nbsp;task1
</UL>

<P><STRONG><a name="[3a]"></a>task0</STRONG> (Thumb, 266 bytes, Stack size 48 bytes, ae_tasks1_g1.o(i.task0))
<BR><BR>[Stack]<UL><LI>Max Depth = 280<LI>Call Chain = task0 &rArr; test1_start &rArr; test_exit &rArr; print_summary &rArr; print_results &rArr; tfp_printf &rArr; tfp_format &rArr; putchw
</UL>
<BR>[Calls]<UL><LI><a href="#[54]">&gt;&gt;</a>&nbsp;&nbsp;&nbsp;tfp_printf
<LI><a href="#[a0]">&gt;&gt;</a>&nbsp;&nbsp;&nbsp;process_sub_result
<LI><a href="#[a6]">&gt;&gt;</a>&nbsp;&nbsp;&nbsp;update_exec_seq
<LI><a href="#[a8]">&gt;&gt;</a>&nbsp;&nbsp;&nbsp;test1_start
<LI><a href="#[a7]">&gt;&gt;</a>&nbsp;&nbsp;&nbsp;test0_start
</UL>
<BR>[Address Reference Count : 1]<UL><LI> ae_tasks1_g1.o(i.set_ae_tasks)
</UL>
<P><STRONG><a name="[3c]"></a>task1</STRONG> (Thumb, 244 bytes, Stack size 40 bytes, ae_tasks1_g1.o(i.task1))
<BR><BR>[Stack]<UL><LI>Max Depth = 272<LI>Call Chain = task1 &rArr; test1_start &rArr; test_exit &rArr; print_summary &rArr; print_results &rArr; tfp_printf &rArr; tfp_format &rArr; putchw
</UL>
<BR>[Calls]<UL><LI><a href="#[9d]">&gt;&gt;</a>&nbsp;&nbsp;&nbsp;tfp_sprintf
<LI><a href="#[54]">&gt;&gt;</a>&nbsp;&nbsp;&nbsp;tfp_printf
<LI><a href="#[aa]">&gt;&gt;</a>&nbsp;&nbsp;&nbsp;test_exit
<LI><a href="#[a9]">&gt;&gt;</a>&nbsp;&nbsp;&nbsp;strcpy
<LI><a href="#[a0]">&gt;&gt;</a>&nbsp;&nbsp;&nbsp;process_sub_result
<LI><a href="#[a6]">&gt;&gt;</a>&nbsp;&nbsp;&nbsp;update_exec_seq
<LI><a href="#[a8]">&gt;&gt;</a>&nbsp;&nbsp;&nbsp;test1_start
</UL>
<BR>[Address Reference Count : 1]<UL><LI> ae_tasks1_g1.o(i.test0_start)
</UL>
<P><STRONG><a name="[3d]"></a>task2</STRONG> (Thumb, 202 bytes, Stack size 48 bytes, ae_tasks1_g1.o(i.task2))
<BR><BR>[Stack]<UL><LI>Max Depth = 208<LI>Call Chain = task2 &rArr; process_sub_result &rArr; print_log &rArr; tfp_printf &rArr; tfp_format &rArr; putchw
</UL>
<BR>[Calls]<UL><LI><a href="#[9d]">&gt;&gt;</a>&nbsp;&nbsp;&nbsp;tfp_sprintf
<LI><a href="#[54]">&gt;&gt;</a>&nbsp;&nbsp;&nbsp;tfp_printf
<LI><a href="#[a0]">&gt;&gt;</a>&nbsp;&nbsp;&nbsp;process_sub_result
<LI><a href="#[a6]">&gt;&gt;</a>&nbsp;&nbsp;&nbsp;update_exec_seq
</UL>
<BR>[Address Reference Count : 1]<UL><LI> ae_tasks1_g1.o(i.test0_start)
</UL>
<P><STRONG><a name="[3b]"></a>task3</STRONG> (Thumb, 248 bytes, Stack size 32 bytes, ae_tasks1_g1.o(i.task3))
<BR><BR>[Stack]<UL><LI>Max Depth = 192<LI>Call Chain = task3 &rArr; process_sub_result &rArr; print_log &rArr; tfp_printf &rArr; tfp_format &rArr; putchw
</UL>
<BR>[Calls]<UL><LI><a href="#[9d]">&gt;&gt;</a>&nbsp;&nbsp;&nbsp;tfp_sprintf
<LI><a href="#[54]">&gt;&gt;</a>&nbsp;&nbsp;&nbsp;tfp_printf
<LI><a href="#[a0]">&gt;&gt;</a>&nbsp;&nbsp;&nbsp;process_sub_result
<LI><a href="#[a6]">&gt;&gt;</a>&nbsp;&nbsp;&nbsp;update_exec_seq
</UL>
<BR>[Address Reference Count : 1]<UL><LI> ae_tasks1_g1.o(i.task1)
</UL>
<P><STRONG><a name="[34]"></a>task_cdisp</STRONG> (Thumb, 106 bytes, Stack size 0 bytes, cdisp_task.o(i.task_cdisp))
<BR>[Address Reference Count : 1]<UL><LI> k_task.o(i.k_tsk_init_cdisp)
</UL>
<P><STRONG><a name="[36]"></a>task_kcd</STRONG> (Thumb, 676 bytes, Stack size 144 bytes, kcd_task.o(i.task_kcd))
<BR><BR>[Stack]<UL><LI>Max Depth = 376<LI>Call Chain = task_kcd &rArr; print_state_to_cdisp &rArr; tfp_sprintf &rArr; tfp_format &rArr; putchw
</UL>
<BR>[Calls]<UL><LI><a href="#[ab]">&gt;&gt;</a>&nbsp;&nbsp;&nbsp;__aeabi_memclr4
<LI><a href="#[a5]">&gt;&gt;</a>&nbsp;&nbsp;&nbsp;__aeabi_memcpy4
<LI><a href="#[9c]">&gt;&gt;</a>&nbsp;&nbsp;&nbsp;print_state_to_cdisp
<LI><a href="#[ac]">&gt;&gt;</a>&nbsp;&nbsp;&nbsp;index_of_char
</UL>
<BR>[Address Reference Count : 1]<UL><LI> k_task.o(i.k_tsk_init_kcd)
</UL>
<P><STRONG><a name="[35]"></a>task_null</STRONG> (Thumb, 6 bytes, Stack size 0 bytes, null_task.o(i.task_null))
<BR>[Address Reference Count : 1]<UL><LI> k_task.o(i.k_tsk_init_first)
</UL>
<P><STRONG><a name="[37]"></a>task_wall_clock</STRONG> (Thumb, 520 bytes, Stack size 48 bytes, wall_clock_task.o(i.task_wall_clock))
<BR><BR>[Stack]<UL><LI>Max Depth = 176<LI>Call Chain = task_wall_clock &rArr; send_not_valid_cmd &rArr; tfp_sprintf &rArr; tfp_format &rArr; putchw
</UL>
<BR>[Calls]<UL><LI><a href="#[9d]">&gt;&gt;</a>&nbsp;&nbsp;&nbsp;tfp_sprintf
<LI><a href="#[54]">&gt;&gt;</a>&nbsp;&nbsp;&nbsp;tfp_printf
<LI><a href="#[a3]">&gt;&gt;</a>&nbsp;&nbsp;&nbsp;send_not_valid_cmd
<LI><a href="#[ad]">&gt;&gt;</a>&nbsp;&nbsp;&nbsp;convert_string_digit_to_int
</UL>
<BR>[Address Reference Count : 1]<UL><LI> k_task.o(i.k_tsk_init_wall_clock)
</UL>
<P><STRONG><a name="[a7]"></a>test0_start</STRONG> (Thumb, 264 bytes, Stack size 32 bytes, ae_tasks1_g1.o(i.test0_start))
<BR><BR>[Stack]<UL><LI>Max Depth = 208<LI>Call Chain = test0_start &rArr; test_exit &rArr; print_summary &rArr; print_results &rArr; tfp_printf &rArr; tfp_format &rArr; putchw
</UL>
<BR>[Calls]<UL><LI><a href="#[9d]">&gt;&gt;</a>&nbsp;&nbsp;&nbsp;tfp_sprintf
<LI><a href="#[aa]">&gt;&gt;</a>&nbsp;&nbsp;&nbsp;test_exit
<LI><a href="#[a9]">&gt;&gt;</a>&nbsp;&nbsp;&nbsp;strcpy
<LI><a href="#[a0]">&gt;&gt;</a>&nbsp;&nbsp;&nbsp;process_sub_result
<LI><a href="#[80]">&gt;&gt;</a>&nbsp;&nbsp;&nbsp;gen_req0
</UL>
<BR>[Called By]<UL><LI><a href="#[3a]">&gt;&gt;</a>&nbsp;&nbsp;&nbsp;task0
</UL>

<P><STRONG><a name="[a8]"></a>test1_start</STRONG> (Thumb, 370 bytes, Stack size 56 bytes, ae_tasks1_g1.o(i.test1_start))
<BR><BR>[Stack]<UL><LI>Max Depth = 232<LI>Call Chain = test1_start &rArr; test_exit &rArr; print_summary &rArr; print_results &rArr; tfp_printf &rArr; tfp_format &rArr; putchw
</UL>
<BR>[Calls]<UL><LI><a href="#[9d]">&gt;&gt;</a>&nbsp;&nbsp;&nbsp;tfp_sprintf
<LI><a href="#[54]">&gt;&gt;</a>&nbsp;&nbsp;&nbsp;tfp_printf
<LI><a href="#[aa]">&gt;&gt;</a>&nbsp;&nbsp;&nbsp;test_exit
<LI><a href="#[a9]">&gt;&gt;</a>&nbsp;&nbsp;&nbsp;strcpy
<LI><a href="#[a0]">&gt;&gt;</a>&nbsp;&nbsp;&nbsp;process_sub_result
<LI><a href="#[82]">&gt;&gt;</a>&nbsp;&nbsp;&nbsp;gen_req1
</UL>
<BR>[Called By]<UL><LI><a href="#[3c]">&gt;&gt;</a>&nbsp;&nbsp;&nbsp;task1
<LI><a href="#[3a]">&gt;&gt;</a>&nbsp;&nbsp;&nbsp;task0
</UL>

<P><STRONG><a name="[55]"></a>test_abort</STRONG> (Thumb, 36 bytes, Stack size 16 bytes, ae_util.o(i.test_abort))
<BR><BR>[Stack]<UL><LI>Max Depth = 184<LI>Call Chain = test_abort &rArr; print_summary &rArr; print_results &rArr; tfp_printf &rArr; tfp_format &rArr; putchw
</UL>
<BR>[Calls]<UL><LI><a href="#[54]">&gt;&gt;</a>&nbsp;&nbsp;&nbsp;tfp_printf
<LI><a href="#[9e]">&gt;&gt;</a>&nbsp;&nbsp;&nbsp;print_summary
</UL>
<BR>[Called By]<UL><LI><a href="#[6]">&gt;&gt;</a>&nbsp;&nbsp;&nbsp;HardFault_Handler
</UL>

<P><STRONG><a name="[aa]"></a>test_exit</STRONG> (Thumb, 16 bytes, Stack size 8 bytes, ae_util.o(i.test_exit))
<BR><BR>[Stack]<UL><LI>Max Depth = 176<LI>Call Chain = test_exit &rArr; print_summary &rArr; print_results &rArr; tfp_printf &rArr; tfp_format &rArr; putchw
</UL>
<BR>[Calls]<UL><LI><a href="#[54]">&gt;&gt;</a>&nbsp;&nbsp;&nbsp;tfp_printf
<LI><a href="#[9e]">&gt;&gt;</a>&nbsp;&nbsp;&nbsp;print_summary
</UL>
<BR>[Called By]<UL><LI><a href="#[a8]">&gt;&gt;</a>&nbsp;&nbsp;&nbsp;test1_start
<LI><a href="#[a7]">&gt;&gt;</a>&nbsp;&nbsp;&nbsp;test0_start
<LI><a href="#[3c]">&gt;&gt;</a>&nbsp;&nbsp;&nbsp;task1
</UL>

<P><STRONG><a name="[ae]"></a>tfp_format</STRONG> (Thumb, 296 bytes, Stack size 56 bytes, printf.o(i.tfp_format))
<BR><BR>[Stack]<UL><LI>Max Depth = 96<LI>Call Chain = tfp_format &rArr; putchw
</UL>
<BR>[Calls]<UL><LI><a href="#[84]">&gt;&gt;</a>&nbsp;&nbsp;&nbsp;ui2a
<LI><a href="#[af]">&gt;&gt;</a>&nbsp;&nbsp;&nbsp;putchw
<LI><a href="#[83]">&gt;&gt;</a>&nbsp;&nbsp;&nbsp;i2a
<LI><a href="#[6e]">&gt;&gt;</a>&nbsp;&nbsp;&nbsp;a2i
</UL>
<BR>[Called By]<UL><LI><a href="#[9d]">&gt;&gt;</a>&nbsp;&nbsp;&nbsp;tfp_sprintf
<LI><a href="#[54]">&gt;&gt;</a>&nbsp;&nbsp;&nbsp;tfp_printf
</UL>

<P><STRONG><a name="[54]"></a>tfp_printf</STRONG> (Thumb, 34 bytes, Stack size 24 bytes, printf.o(i.tfp_printf))
<BR><BR>[Stack]<UL><LI>Max Depth = 120<LI>Call Chain = tfp_printf &rArr; tfp_format &rArr; putchw
</UL>
<BR>[Calls]<UL><LI><a href="#[ae]">&gt;&gt;</a>&nbsp;&nbsp;&nbsp;tfp_format
</UL>
<BR>[Called By]<UL><LI><a href="#[37]">&gt;&gt;</a>&nbsp;&nbsp;&nbsp;task_wall_clock
<LI><a href="#[59]">&gt;&gt;</a>&nbsp;&nbsp;&nbsp;k_mpool_dump
<LI><a href="#[55]">&gt;&gt;</a>&nbsp;&nbsp;&nbsp;test_abort
<LI><a href="#[9e]">&gt;&gt;</a>&nbsp;&nbsp;&nbsp;print_summary
<LI><a href="#[9a]">&gt;&gt;</a>&nbsp;&nbsp;&nbsp;print_results
<LI><a href="#[99]">&gt;&gt;</a>&nbsp;&nbsp;&nbsp;print_log
<LI><a href="#[6]">&gt;&gt;</a>&nbsp;&nbsp;&nbsp;HardFault_Handler
<LI><a href="#[aa]">&gt;&gt;</a>&nbsp;&nbsp;&nbsp;test_exit
<LI><a href="#[a8]">&gt;&gt;</a>&nbsp;&nbsp;&nbsp;test1_start
<LI><a href="#[3b]">&gt;&gt;</a>&nbsp;&nbsp;&nbsp;task3
<LI><a href="#[3d]">&gt;&gt;</a>&nbsp;&nbsp;&nbsp;task2
<LI><a href="#[3c]">&gt;&gt;</a>&nbsp;&nbsp;&nbsp;task1
<LI><a href="#[3a]">&gt;&gt;</a>&nbsp;&nbsp;&nbsp;task0
<LI><a href="#[85]">&gt;&gt;</a>&nbsp;&nbsp;&nbsp;init_ae_tsk_test
</UL>

<P><STRONG><a name="[9d]"></a>tfp_sprintf</STRONG> (Thumb, 38 bytes, Stack size 24 bytes, printf.o(i.tfp_sprintf))
<BR><BR>[Stack]<UL><LI>Max Depth = 120<LI>Call Chain = tfp_sprintf &rArr; tfp_format &rArr; putchw
</UL>
<BR>[Calls]<UL><LI><a href="#[ae]">&gt;&gt;</a>&nbsp;&nbsp;&nbsp;tfp_format
<LI><a href="#[3e]">&gt;&gt;</a>&nbsp;&nbsp;&nbsp;putcp
</UL>
<BR>[Called By]<UL><LI><a href="#[37]">&gt;&gt;</a>&nbsp;&nbsp;&nbsp;task_wall_clock
<LI><a href="#[a8]">&gt;&gt;</a>&nbsp;&nbsp;&nbsp;test1_start
<LI><a href="#[a7]">&gt;&gt;</a>&nbsp;&nbsp;&nbsp;test0_start
<LI><a href="#[3b]">&gt;&gt;</a>&nbsp;&nbsp;&nbsp;task3
<LI><a href="#[3d]">&gt;&gt;</a>&nbsp;&nbsp;&nbsp;task2
<LI><a href="#[3c]">&gt;&gt;</a>&nbsp;&nbsp;&nbsp;task1
<LI><a href="#[a3]">&gt;&gt;</a>&nbsp;&nbsp;&nbsp;send_not_valid_cmd
<LI><a href="#[9c]">&gt;&gt;</a>&nbsp;&nbsp;&nbsp;print_state_to_cdisp
</UL>

<P><STRONG><a name="[8d]"></a>timer_freerun_init</STRONG> (Thumb, 136 bytes, Stack size 0 bytes, timer.o(i.timer_freerun_init))
<BR><BR>[Called By]<UL><LI><a href="#[56]">&gt;&gt;</a>&nbsp;&nbsp;&nbsp;k_rtx_init
</UL>

<P><STRONG><a name="[8c]"></a>timer_irq_init</STRONG> (Thumb, 114 bytes, Stack size 16 bytes, timer.o(i.timer_irq_init))
<BR><BR>[Stack]<UL><LI>Max Depth = 16<LI>Call Chain = timer_irq_init
</UL>
<BR>[Called By]<UL><LI><a href="#[56]">&gt;&gt;</a>&nbsp;&nbsp;&nbsp;k_rtx_init
</UL>

<P><STRONG><a name="[7e]"></a>tsk_run_new_finish_send</STRONG> (Thumb, 78 bytes, Stack size 16 bytes, k_task.o(i.tsk_run_new_finish_send))
<BR><BR>[Stack]<UL><LI>Max Depth = 16<LI>Call Chain = tsk_run_new_finish_send
</UL>
<BR>[Calls]<UL><LI><a href="#[b0]">&gt;&gt;</a>&nbsp;&nbsp;&nbsp;add_tsk_to_front_of_high
<LI><a href="#[8a]">&gt;&gt;</a>&nbsp;&nbsp;&nbsp;k_tsk_switch
</UL>
<BR>[Called By]<UL><LI><a href="#[7d]">&gt;&gt;</a>&nbsp;&nbsp;&nbsp;first_check_real_time_tasks_sending_priority_queue_for_any_blocked_real_time_tasks_and_freeing_these_in_order_of_priority_then_if_there_is_still_room_remaining_then_start_checking_sending_queue_for_non_real_time_task_corresponding_to_tid_mailbox_then_if_there_are_tasks_waiting_to_send_proceed_to_let_them_finish_the_send_as_long_as_there_is_enough_space_remaining_in_the_mailbox_and_ensure_the_sender_immediately_gives_control_back_to_receiver_after_sending_completes_and_loop_until_there_is_no_longer_enough_space_in_the_mailbox
</UL>

<P><STRONG><a name="[97]"></a>uart_init</STRONG> (Thumb, 96 bytes, Stack size 0 bytes, uart_polling.o(i.uart_init))
<BR><BR>[Called By]<UL><LI><a href="#[49]">&gt;&gt;</a>&nbsp;&nbsp;&nbsp;main
</UL>

<P><STRONG><a name="[8b]"></a>uart_irq_init</STRONG> (Thumb, 144 bytes, Stack size 16 bytes, uart_irq.o(i.uart_irq_init))
<BR><BR>[Stack]<UL><LI>Max Depth = 24<LI>Call Chain = uart_irq_init &rArr; __NVIC_SetPriority
</UL>
<BR>[Calls]<UL><LI><a href="#[b1]">&gt;&gt;</a>&nbsp;&nbsp;&nbsp;__NVIC_SetPriority
<LI><a href="#[b2]">&gt;&gt;</a>&nbsp;&nbsp;&nbsp;__NVIC_EnableIRQ
</UL>
<BR>[Called By]<UL><LI><a href="#[56]">&gt;&gt;</a>&nbsp;&nbsp;&nbsp;k_rtx_init
</UL>

<P><STRONG><a name="[a2]"></a>uart_put_char</STRONG> (Thumb, 42 bytes, Stack size 0 bytes, uart_polling.o(i.uart_put_char))
<BR><BR>[Called By]<UL><LI><a href="#[a1]">&gt;&gt;</a>&nbsp;&nbsp;&nbsp;uart_put_string
<LI><a href="#[38]">&gt;&gt;</a>&nbsp;&nbsp;&nbsp;putc
</UL>

<P><STRONG><a name="[a1]"></a>uart_put_string</STRONG> (Thumb, 38 bytes, Stack size 12 bytes, uart_polling.o(i.uart_put_string))
<BR><BR>[Stack]<UL><LI>Max Depth = 12<LI>Call Chain = uart_put_string
</UL>
<BR>[Calls]<UL><LI><a href="#[a2]">&gt;&gt;</a>&nbsp;&nbsp;&nbsp;uart_put_char
</UL>
<BR>[Called By]<UL><LI><a href="#[38]">&gt;&gt;</a>&nbsp;&nbsp;&nbsp;putc
</UL>

<P><STRONG><a name="[71]"></a>unblock_recv_task</STRONG> (Thumb, 98 bytes, Stack size 16 bytes, k_task.o(i.unblock_recv_task))
<BR><BR>[Stack]<UL><LI>Max Depth = 40<LI>Call Chain = unblock_recv_task &rArr; modify_priority_queue &rArr; k_tsk_run_new
</UL>
<BR>[Calls]<UL><LI><a href="#[7f]">&gt;&gt;</a>&nbsp;&nbsp;&nbsp;modify_priority_queue
<LI><a href="#[91]">&gt;&gt;</a>&nbsp;&nbsp;&nbsp;add_task_to_back_priority_queue
</UL>
<BR>[Called By]<UL><LI><a href="#[70]">&gt;&gt;</a>&nbsp;&nbsp;&nbsp;add_message_to_mbx
</UL>

<P><STRONG><a name="[81]"></a>update_ae_xtest</STRONG> (Thumb, 18 bytes, Stack size 0 bytes, ae_tasks1_g1.o(i.update_ae_xtest))
<BR><BR>[Called By]<UL><LI><a href="#[82]">&gt;&gt;</a>&nbsp;&nbsp;&nbsp;gen_req1
<LI><a href="#[80]">&gt;&gt;</a>&nbsp;&nbsp;&nbsp;gen_req0
</UL>

<P><STRONG><a name="[a6]"></a>update_exec_seq</STRONG> (Thumb, 64 bytes, Stack size 16 bytes, ae_tasks1_g1.o(i.update_exec_seq))
<BR><BR>[Stack]<UL><LI>Max Depth = 16<LI>Call Chain = update_exec_seq
</UL>
<BR>[Called By]<UL><LI><a href="#[3b]">&gt;&gt;</a>&nbsp;&nbsp;&nbsp;task3
<LI><a href="#[3d]">&gt;&gt;</a>&nbsp;&nbsp;&nbsp;task2
<LI><a href="#[3c]">&gt;&gt;</a>&nbsp;&nbsp;&nbsp;task1
<LI><a href="#[3a]">&gt;&gt;</a>&nbsp;&nbsp;&nbsp;task0
</UL>
<P>
<H3>
Local Symbols
</H3>
<P><STRONG><a name="[b2]"></a>__NVIC_EnableIRQ</STRONG> (Thumb, 34 bytes, Stack size 0 bytes, uart_irq.o(i.__NVIC_EnableIRQ))
<BR><BR>[Called By]<UL><LI><a href="#[8b]">&gt;&gt;</a>&nbsp;&nbsp;&nbsp;uart_irq_init
</UL>

<P><STRONG><a name="[b1]"></a>__NVIC_SetPriority</STRONG> (Thumb, 32 bytes, Stack size 8 bytes, uart_irq.o(i.__NVIC_SetPriority))
<BR><BR>[Stack]<UL><LI>Max Depth = 8<LI>Call Chain = __NVIC_SetPriority
</UL>
<BR>[Called By]<UL><LI><a href="#[8b]">&gt;&gt;</a>&nbsp;&nbsp;&nbsp;uart_irq_init
</UL>

<P><STRONG><a name="[6f]"></a>a2d</STRONG> (Thumb, 50 bytes, Stack size 0 bytes, printf.o(i.a2d))
<BR><BR>[Called By]<UL><LI><a href="#[6e]">&gt;&gt;</a>&nbsp;&nbsp;&nbsp;a2i
</UL>

<P><STRONG><a name="[6e]"></a>a2i</STRONG> (Thumb, 58 bytes, Stack size 32 bytes, printf.o(i.a2i))
<BR><BR>[Stack]<UL><LI>Max Depth = 32<LI>Call Chain = a2i
</UL>
<BR>[Calls]<UL><LI><a href="#[6f]">&gt;&gt;</a>&nbsp;&nbsp;&nbsp;a2d
</UL>
<BR>[Called By]<UL><LI><a href="#[ae]">&gt;&gt;</a>&nbsp;&nbsp;&nbsp;tfp_format
</UL>

<P><STRONG><a name="[83]"></a>i2a</STRONG> (Thumb, 32 bytes, Stack size 16 bytes, printf.o(i.i2a))
<BR><BR>[Stack]<UL><LI>Max Depth = 36<LI>Call Chain = i2a &rArr; ui2a
</UL>
<BR>[Calls]<UL><LI><a href="#[84]">&gt;&gt;</a>&nbsp;&nbsp;&nbsp;ui2a
</UL>
<BR>[Called By]<UL><LI><a href="#[ae]">&gt;&gt;</a>&nbsp;&nbsp;&nbsp;tfp_format
</UL>

<P><STRONG><a name="[af]"></a>putchw</STRONG> (Thumb, 82 bytes, Stack size 40 bytes, printf.o(i.putchw))
<BR><BR>[Stack]<UL><LI>Max Depth = 40<LI>Call Chain = putchw
</UL>
<BR>[Called By]<UL><LI><a href="#[ae]">&gt;&gt;</a>&nbsp;&nbsp;&nbsp;tfp_format
</UL>

<P><STRONG><a name="[3e]"></a>putcp</STRONG> (Thumb, 10 bytes, Stack size 0 bytes, printf.o(i.putcp))
<BR><BR>[Called By]<UL><LI><a href="#[9d]">&gt;&gt;</a>&nbsp;&nbsp;&nbsp;tfp_sprintf
</UL>
<BR>[Address Reference Count : 1]<UL><LI> printf.o(i.tfp_sprintf)
</UL>
<P><STRONG><a name="[84]"></a>ui2a</STRONG> (Thumb, 86 bytes, Stack size 20 bytes, printf.o(i.ui2a))
<BR><BR>[Stack]<UL><LI>Max Depth = 20<LI>Call Chain = ui2a
</UL>
<BR>[Called By]<UL><LI><a href="#[ae]">&gt;&gt;</a>&nbsp;&nbsp;&nbsp;tfp_format
<LI><a href="#[83]">&gt;&gt;</a>&nbsp;&nbsp;&nbsp;i2a
</UL>
<P>
<H3>
Undefined Global Symbols
</H3><HR></body></html>
